Component: ARM Compiler 5.06 update 7 (build 960) Tool: armlink [4d3601]

==============================================================================

Section Cross References

    main.o(i.Config_SystemClock) refers to stm32f4xx_rcc.o(i.RCC_DeInit) for RCC_DeInit
    main.o(i.Config_SystemClock) refers to stm32f4xx_rcc.o(i.RCC_HSEConfig) for RCC_HSEConfig
    main.o(i.Config_SystemClock) refers to stm32f4xx_rcc.o(i.RCC_HSICmd) for RCC_HSICmd
    main.o(i.Config_SystemClock) refers to stm32f4xx_rcc.o(i.RCC_WaitForHSEStartUp) for RCC_WaitForHSEStartUp
    main.o(i.Config_SystemClock) refers to stm32f4xx_rcc.o(i.RCC_ClockSecuritySystemCmd) for RCC_ClockSecuritySystemCmd
    main.o(i.Config_SystemClock) refers to stm32f4xx_rcc.o(i.RCC_PLLConfig) for RCC_PLLConfig
    main.o(i.Config_SystemClock) refers to stm32f4xx_rcc.o(i.RCC_PLLCmd) for RCC_PLLCmd
    main.o(i.Config_SystemClock) refers to stm32f4xx_rcc.o(i.RCC_HCLKConfig) for RCC_HCLKConfig
    main.o(i.Config_SystemClock) refers to stm32f4xx_rcc.o(i.RCC_PCLK1Config) for RCC_PCLK1Config
    main.o(i.Config_SystemClock) refers to stm32f4xx_rcc.o(i.RCC_PCLK2Config) for RCC_PCLK2Config
    main.o(i.Config_SystemClock) refers to stm32f4xx_rcc.o(i.RCC_GetFlagStatus) for RCC_GetFlagStatus
    main.o(i.Config_SystemClock) refers to stm32f4xx_rcc.o(i.RCC_SYSCLKConfig) for RCC_SYSCLKConfig
    main.o(i.flash_cali) refers to bsp_flash.o(i.BSP_FLASH_READ) for BSP_FLASH_READ
    main.o(i.flash_cali) refers to bsp_flash.o(.bss) for cali_param
    main.o(i.flash_cali) refers to gimbal_task.o(.bss) for gimbal
    main.o(i.main) refers to delay.o(i.SysTick_Init) for SysTick_Init
    main.o(i.main) refers to misc.o(i.NVIC_PriorityGroupConfig) for NVIC_PriorityGroupConfig
    main.o(i.main) refers to usbd_core.o(i.USBD_Init) for USBD_Init
    main.o(i.main) refers to stm32_tim_base.o(i.TIM_BASE_Init) for TIM_BASE_Init
    main.o(i.main) refers to gpio.o(i.GPIO_INIT) for GPIO_INIT
    main.o(i.main) refers to tim.o(i.TIM8_DEVICE) for TIM8_DEVICE
    main.o(i.main) refers to can.o(i.CAN1_DEVICE) for CAN1_DEVICE
    main.o(i.main) refers to can.o(i.CAN2_DEVICE) for CAN2_DEVICE
    main.o(i.main) refers to usart.o(i.USART3_DEVICE) for USART3_DEVICE
    main.o(i.main) refers to usart.o(i.USART1_DEVICE) for USART1_DEVICE
    main.o(i.main) refers to usart.o(i.USART6_DEVICE) for USART6_DEVICE
    main.o(i.main) refers to spi.o(i.SPI_DEVICE) for SPI_DEVICE
    main.o(i.main) refers to gimbal_task.o(i.gimbal_param_init) for gimbal_param_init
    main.o(i.main) refers to chassis_task.o(i.chassis_param_init) for chassis_param_init
    main.o(i.main) refers to shoot_task.o(i.shoot_param_init) for shoot_param_init
    main.o(i.main) refers to detect_task.o(i.detect_param_init) for detect_param_init
    main.o(i.main) refers to judge_rx_data.o(i.judgement_rx_param_init) for judgement_rx_param_init
    main.o(i.main) refers to judge_tx_data.o(i.judgement_tx_param_init) for judgement_tx_param_init
    main.o(i.main) refers to pc_rx_data.o(i.pc_rx_param_init) for pc_rx_param_init
    main.o(i.main) refers to pc_tx_data.o(i.pc_tx_param_init) for pc_tx_param_init
    main.o(i.main) refers to bsp_dwt.o(i.DWT_Init) for DWT_Init
    main.o(i.main) refers to main.o(i.flash_cali) for flash_cali
    main.o(i.main) refers to bmi088driver.o(i.BMI088_init) for BMI088_init
    main.o(i.main) refers to start_tack.o(i.TASK_START) for TASK_START
    main.o(i.main) refers to tasks.o(i.vTaskStartScheduler) for vTaskStartScheduler
    main.o(i.main) refers to usbd_usr.o(.data) for USR_cb
    main.o(i.main) refers to usbd_cdc_core.o(.data) for USBD_CDC_cb
    main.o(i.main) refers to usbd_desc.o(.data) for USR_desc
    main.o(i.main) refers to main.o(.bss) for USB_OTG_dev
    stm32f4xx_it.o(i.SysTick_Handler) refers to tasks.o(i.xTaskGetSchedulerState) for xTaskGetSchedulerState
    stm32f4xx_it.o(i.SysTick_Handler) refers to port.o(i.xPortSysTickHandler) for xPortSysTickHandler
    system_stm32f4xx.o(i.SystemCoreClockUpdate) refers to system_stm32f4xx.o(.data) for SystemCoreClock
    system_stm32f4xx.o(i.SystemInit) refers to system_stm32f4xx.o(i.SetSysClock) for SetSysClock
    stm32_tim_base.o(i.HAL_GetTick) refers to stm32_tim_base.o(.data) for uwTick
    stm32_tim_base.o(i.HAL_IncTick) refers to stm32_tim_base.o(.data) for uwTick
    stm32_tim_base.o(i.TIM4_IRQHandler) refers to stm32f4xx_tim.o(i.TIM_GetITStatus) for TIM_GetITStatus
    stm32_tim_base.o(i.TIM4_IRQHandler) refers to stm32_tim_base.o(i.HAL_IncTick) for HAL_IncTick
    stm32_tim_base.o(i.TIM4_IRQHandler) refers to stm32f4xx_tim.o(i.TIM_ClearITPendingBit) for TIM_ClearITPendingBit
    stm32_tim_base.o(i.TIM_BASE_Init) refers to stm32f4xx_rcc.o(i.RCC_APB1PeriphClockCmd) for RCC_APB1PeriphClockCmd
    stm32_tim_base.o(i.TIM_BASE_Init) refers to stm32f4xx_tim.o(i.TIM_TimeBaseInit) for TIM_TimeBaseInit
    stm32_tim_base.o(i.TIM_BASE_Init) refers to stm32f4xx_tim.o(i.TIM_ITConfig) for TIM_ITConfig
[...]
    single_shoot_angle                       0x20000678   Data           4  shoot_task.o(.data)
    single_time                              0x2000067c   Data           2  shoot_task.o(.data)
    continue_time                            0x2000067e   Data           2  shoot_task.o(.data)
    surplus_heat                             0x20000680   Data           4  shoot_task.o(.data)
    extra_time                               0x20000684   Data           4  shoot_task.o(.data)
    shoot_delay                              0x20000688   Data           4  shoot_task.o(.data)
    switch_freq                              0x2000068c   Data           1  shoot_task.o(.data)
    glb_sw                                   0x20000690   Data           4  remote_ctrl.o(.data)
    mouse_x_now                              0x20000694   Data           2  remote_ctrl.o(.data)
    mouse_x_last                             0x20000696   Data           2  remote_ctrl.o(.data)
    deviation                                0x20000698   Data           2  remote_ctrl.o(.data)
    num                                      0x2000069c   Data           4  remote_ctrl.o(.data)
    yaw_speed                                0x200006a0   Data           4  keyboard.o(.data)
    cap_state                                0x200006a8   Data           1  power_control.o(.data)
    CRC_INIT                                 0x200006aa   Data           2  protocol.o(.data)
    dma_write_len                            0x200006ac   Data           4  data_packet.o(.data)
    fifo_overflow                            0x200006b0   Data           4  data_packet.o(.data)
    interover_data_overflow                  0x200006bc   Data           1  judge_rx_data.o(.data)
    CMD_ID                                   0x200006be   Data           2  judge_rx_data.o(.data)
    debug_start_angle                        0x200006c4   Data           4  judge_tx_data.o(.data)
    debug_end_angle                          0x200006c8   Data           4  judge_tx_data.o(.data)
    debug_width                              0x200006cc   Data           4  judge_tx_data.o(.data)
    debug_start_x                            0x200006d0   Data           4  judge_tx_data.o(.data)
    debug_start_y                            0x200006d4   Data           4  judge_tx_data.o(.data)
    debug_radius                             0x200006d8   Data           4  judge_tx_data.o(.data)
    debug_end_x                              0x200006dc   Data           4  judge_tx_data.o(.data)
    debug_end_y                              0x200006e0   Data           4  judge_tx_data.o(.data)
    cha                                      0x200006e4   Data           4  judge_tx_data.o(.data)
    last_chassis                             0x200006e8   Data           4  judge_tx_data.o(.data)
    gim                                      0x200006ec   Data           4  judge_tx_data.o(.data)
    last_gimbal                              0x200006f0   Data           4  judge_tx_data.o(.data)
    sho                                      0x200006f4   Data           4  judge_tx_data.o(.data)
    last_shoot                               0x200006f8   Data           4  judge_tx_data.o(.data)
    view                                     0x200006fc   Data           4  judge_tx_data.o(.data)
    last_view                                0x20000700   Data           4  judge_tx_data.o(.data)
    c                                        0x20000704   Data           4  judge_tx_data.o(.data)
    g                                        0x20000708   Data           4  judge_tx_data.o(.data)
    s                                        0x2000070c   Data           4  judge_tx_data.o(.data)
    v                                        0x20000710   Data           4  judge_tx_data.o(.data)
    Line_mask                                0x20000714   Data           1  judge_tx_data.o(.data)
    text_mask                                0x20000715   Data           1  judge_tx_data.o(.data)
    Chassis_mask                             0x20000716   Data           1  judge_tx_data.o(.data)
    Gimbal_mask                              0x20000717   Data           1  judge_tx_data.o(.data)
    Shoot_mask                               0x20000718   Data           1  judge_tx_data.o(.data)
    view_mask                                0x20000719   Data           1  judge_tx_data.o(.data)
    Idle_mask                                0x2000071a   Data           1  judge_tx_data.o(.data)
    pc_tx_packet_id                          0x2000072c   Data           1  pc_tx_data.o(.data)
    count_cali_count                         0x20000730   Data           4  pc_tx_data.o(.data)
    coordination_flag                        0x20000734   Data           4  pc_tx_data.o(.data)
    BMI088_ACCEL_SEN                         0x20000738   Data           4  bmi088driver.o(.data)
    BMI088_GYRO_SEN                          0x2000073c   Data           4  bmi088driver.o(.data)
    caliOffset                               0x20000740   Data           1  bmi088driver.o(.data)
    buf_accel                                0x20000765   Data           6  bmi088driver.o(.data)
    buf_gyro                                 0x2000076b   Data           8  bmi088driver.o(.data)
    CmdBuff                                  0x2000078c   Data           8  usbd_cdc_core.o(.data)
    APP_Rx_ptr_in                            0x20000794   Data           4  usbd_cdc_core.o(.data)
    APP_Rx_ptr_out                           0x20000798   Data           4  usbd_cdc_core.o(.data)
    APP_Rx_length                            0x2000079c   Data           4  usbd_cdc_core.o(.data)
    USB_Tx_State                             0x200007a0   Data           1  usbd_cdc_core.o(.data)
    USBD_CDC_cb                              0x200007ac   Data          44  usbd_cdc_core.o(.data)
    usbd_cdc_CfgDesc                         0x200007d8   Data          67  usbd_cdc_core.o(.data)
    SET_TEST_MODE                            0x20000820   Data           4  usbd_core.o(.data)
    USBD_DCD_INT_cb                          0x20000824   Data          44  usbd_core.o(.data)
    USBD_DCD_INT_fops                        0x20000850   Data           4  usbd_core.o(.data)
    USBD_ep_status                           0x20000854   Data           4  usbd_req.o(.data)
    USBD_default_cfg                         0x20000858   Data           4  usbd_req.o(.data)
    USBD_cfg_status                          0x2000085c   Data           4  usbd_req.o(.data)
    USB_OTG_dev                              0x20000878   Data        1524  main.o(.bss)
    USBD_StrDesc                             0x20000e6c   Data          64  usbd_desc.o(.bss)
    xQueueRegistry                           0x20000eac   Data          64  queue.o(.bss)
    USART_InitStructure3                     0x2001a1f8   Data          16  usart.o(.bss)
    rc                                       0x2001a208   Data          22  rc.o(.bss)
    dbus_buf                                 0x2001a21e   Data          72  dma.o(.bss)
    usart2_TXbuf                             0x2001a266   Data          18  dma.o(.bss)
    usart2_RXbuf                             0x2001a278   Data          18  dma.o(.bss)
    judge_rxbuf                              0x2001a28a   Data        2048  dma.o(.bss)
    pc_rxbuf                                 0x2001aa8a   Data        1024  dma.o(.bss)
    spi1_rx_buf                              0x2001ae8a   Data          23  dma.o(.bss)
    spi1_tx_buf                              0x2001aea1   Data          23  dma.o(.bss)
    rx1_message                              0x2001aeb8   Data          20  bsp_can.o(.bss)
    rx2_message                              0x2001aecc   Data          20  bsp_can.o(.bss)
    moto_chassis                             0x2001aee0   Data         240  bsp_can.o(.bss)
    moto_pit                                 0x2001afd0   Data          60  bsp_can.o(.bss)
    moto_yaw                                 0x2001b00c   Data          60  bsp_can.o(.bss)
    moto_trigger                             0x2001b048   Data          60  bsp_can.o(.bss)
    moto_fric                                0x2001b084   Data         120  bsp_can.o(.bss)
    mpu_data                                 0x2001b0fc   Data          12  bsp_can.o(.bss)
    cali_param                               0x2001b108   Data          12  bsp_flash.o(.bss)
    USB_USART_RX_BUF                         0x2001b114   Data          64  bsp_usb.o(.bss)
    chassis                                  0x2001b154   Data          64  chassis_task.o(.bss)
    glb_cur                                  0x2001b194   Data          18  comm_task.o(.bss)
    RCC_Clocks                               0x2001b1a8   Data          16  detect_task.o(.bss)
    global_err                               0x2001b1b8   Data         240  detect_task.o(.bss)
    detect_id                                0x2001b2a8   Data         224  detect_task.o(.bss)
    pit_ramp                                 0x2001b388   Data          12  gimbal_task.o(.bss)
    yaw_ramp                                 0x2001b394   Data          12  gimbal_task.o(.bss)
    Vision_angle                             0x2001b3a0   Data          48  gimbal_task.o(.bss)
    pit_vision_pid                           0x2001b3d0   Data          24  gimbal_task.o(.bss)
    p_ffc                                    0x2001b3e8   Data          20  gimbal_task.o(.bss)
    y_ffc                                    0x2001b3fc   Data          20  gimbal_task.o(.bss)
    pc_kalman_filter_pitch                   0x2001b410   Data         108  gimbal_task.o(.bss)
    pc_kalman_filter_yaw                     0x2001b47c   Data         108  gimbal_task.o(.bss)
    gimbal                                   0x2001b4e8   Data          88  gimbal_task.o(.bss)
    EulerAngle                               0x2001b540   Data          12  imu_task.o(.bss)
    gyro_offset                              0x2001b54c   Data          12  imu_task.o(.bss)
    gyro_cali_offset                         0x2001b558   Data          12  imu_task.o(.bss)
    accel_offset                             0x2001b564   Data          12  imu_task.o(.bss)
    accel_cali_offset                        0x2001b570   Data          12  imu_task.o(.bss)
    mag_offset                               0x2001b57c   Data          12  imu_task.o(.bss)
    mag_cali_offset                          0x2001b588   Data          12  imu_task.o(.bss)
    INS_angle                                0x2001b5ec   Data          12  imu_task.o(.bss)
    INS_angle_final                          0x2001b5f8   Data          12  imu_task.o(.bss)
    shoot                                    0x2001b604   Data          23  shoot_task.o(.bss)
    trig                                     0x2001b61b   Data          22  shoot_task.o(.bss)
    rm                                       0x2001b634   Data          20  remote_ctrl.o(.bss)
    km                                       0x2001b648   Data          40  keyboard.o(.bss)
    key_fbramp                               0x2001b670   Data          12  keyboard.o(.bss)
    key_rlramp                               0x2001b67c   Data          12  keyboard.o(.bss)
    pid_yaw                                  0x2001b688   Data          68  pid.o(.bss)
    pid_pit                                  0x2001b6cc   Data          68  pid.o(.bss)
    pid_yaw_spd                              0x2001b710   Data          68  pid.o(.bss)
    pid_pit_spd                              0x2001b754   Data          68  pid.o(.bss)
    pid_spd                                  0x2001b798   Data         272  pid.o(.bss)
    pid_chassis_angle                        0x2001b8a8   Data          68  pid.o(.bss)
    pid_trigger                              0x2001b8ec   Data          68  pid.o(.bss)
    pid_trigger_spd                          0x2001b930   Data          68  pid.o(.bss)
    pid_fric                                 0x2001b974   Data         136  pid.o(.bss)
    pid_heat_limit                           0x2001b9fc   Data          68  pid.o(.bss)
    pid_power                                0x2001ba40   Data          68  pid.o(.bss)
    pid_heat_time                            0x2001ba84   Data          68  pid.o(.bss)
    pid_imu_tmp                              0x2001bac8   Data          68  pid.o(.bss)
    pid_buff_yaw                             0x2001bb0c   Data          68  pid.o(.bss)
    pid_buff_pit                             0x2001bb50   Data          68  pid.o(.bss)
    pid_buff_yaw_spd                         0x2001bb94   Data          68  pid.o(.bss)
    pid_buff_pit_spd                         0x2001bbd8   Data          68  pid.o(.bss)
    pid_vision_yaw                           0x2001bc1c   Data          68  pid.o(.bss)
    pid_vision_pit                           0x2001bc60   Data          68  pid.o(.bss)
    pid_vision_yaw_spd                       0x2001bca4   Data          68  pid.o(.bss)
    pid_vision_pit_spd                       0x2001bce8   Data          68  pid.o(.bss)
    pid_init_yaw                             0x2001bd2c   Data          68  pid.o(.bss)
    pid_init_pit                             0x2001bd70   Data          68  pid.o(.bss)
    pid_init_yaw_spd                         0x2001bdb4   Data          68  pid.o(.bss)
    pid_init_pit_spd                         0x2001bdf8   Data          68  pid.o(.bss)
    pid_speedlimit                           0x2001be3c   Data          68  pid.o(.bss)
    pid_chassis_vw                           0x2001be80   Data          68  pid.o(.bss)
    pid_chassis_power_buffer                 0x2001bec4   Data          68  pid.o(.bss)
    judge_recv_mesg                          0x2001bf80   Data         283  judge_rx_data.o(.bss)
    judge_rx_obj                             0x2001c09c   Data          24  judge_rx_data.o(.bss)
    judge_unpack_obj                         0x2001c0b4   Data         216  judge_rx_data.o(.bss)
    judge_rxdata_fifo                        0x2001c18c   Data          28  judge_rx_data.o(.bss)
    judge_send_mesg                          0x2001c39c   Data         871  judge_tx_data.o(.bss)
    judge_txdata_fifo                        0x2001c704   Data          28  judge_tx_data.o(.bss)
    pc_rx_obj                                0x2001c914   Data          24  pc_rx_data.o(.bss)
    pc_unpack_obj                            0x2001c92c   Data         216  pc_rx_data.o(.bss)
    pc_rxdata_fifo                           0x2001ca04   Data          28  pc_rx_data.o(.bss)
    pc_recv_mesg                             0x2001cc14   Data           9  pc_rx_data.o(.bss)
    pc_txdata_fifo                           0x2001cc20   Data          28  pc_tx_data.o(.bss)
    pc_send_mesg                             0x2001ce30   Data          13  pc_tx_data.o(.bss)
    BMI088                                   0x2001ce40   Data          44  bmi088driver.o(.bss)
    usbd_cdc_OtherCfgDesc                    0x2001ce6c   Data          67  usbd_cdc_core.o(.bss)
    USB_Rx_Buffer                            0x2001ceaf   Data          64  usbd_cdc_core.o(.bss)
    APP_Rx_Buffer                            0x2001ceef   Data        2048  usbd_cdc_core.o(.bss)
    __initial_sp                             0x2001f6f0   Data           0  startup_stm32f407xx.o(STACK)



==============================================================================

Memory Map of the image

  Image Entry point : 0x08000189

  Load Region LR_IROM1 (Base: 0x08000000, Size: 0x000139b0, Max: 0x00100000, ABSOLUTE, COMPRESSED[0x00013398])

    Execution Region ER_IROM1 (Exec base: 0x08000000, Load base: 0x08000000, Size: 0x00013138, Max: 0x00100000, ABSOLUTE)

    Exec Addr    Load Addr    Size         Type   Attr      Idx    E Section Name        Object

    0x08000000   0x08000000   0x00000188   Data   RO          748    RESET               startup_stm32f407xx.o
    0x08000188   0x08000188   0x00000000   Code   RO        10806  * .ARM.Collect$$$$00000000  mc_w.l(entry.o)
    0x08000188   0x08000188   0x00000004   Code   RO        10902    .ARM.Collect$$$$00000001  mc_w.l(entry2.o)
    0x0800018c   0x0800018c   0x00000004   Code   RO        10905    .ARM.Collect$$$$00000004  mc_w.l(entry5.o)
    0x08000190   0x08000190   0x00000000   Code   RO        10907    .ARM.Collect$$$$00000008  mc_w.l(entry7b.o)
    0x08000190   0x08000190   0x00000000   Code   RO        10909    .ARM.Collect$$$$0000000A  mc_w.l(entry8b.o)
    0x08000190   0x08000190   0x00000008   Code   RO        10910    .ARM.Collect$$$$0000000B  mc_w.l(entry9a.o)
    0x08000198   0x08000198   0x00000004   Code   RO        10917    .ARM.Collect$$$$0000000E  mc_w.l(entry12b.o)
    0x0800019c   0x0800019c   0x00000000   Code   RO        10912    .ARM.Collect$$$$0000000F  mc_w.l(entry10a.o)
    0x0800019c   0x0800019c   0x00000000   Code   RO        10914    .ARM.Collect$$$$00000011  mc_w.l(entry11a.o)
    0x0800019c   0x0800019c   0x00000004   Code   RO        10903    .ARM.Collect$$$$00002712  mc_w.l(entry2.o)
    0x080001a0   0x080001a0   0x000000b6   Code   RO         6554    .emb_text           port.o
    0x08000256   0x08000256   0x00000002   PAD
    0x08000258   0x08000258   0x00000024   Code   RO          749    .text               startup_stm32f407xx.o
    0x0800027c   0x0800027c   0x00000078   Code   RO        10329    .text               arm_cortexM4lf_math.lib(arm_cos_f32.o)
    0x080002f4   0x080002f4   0x00000074   Code   RO        10382    .text               arm_cortexM4lf_math.lib(arm_sin_f32.o)
    0x08000368   0x08000368   0x00000008   Code   RO        10430    .text               arm_cortexM4lf_math.lib(arm_mat_init_f32.o)
    0x08000370   0x08000370   0x00000114   Code   RO        10526    .text               arm_cortexM4lf_math.lib(arm_mat_trans_f32.o)
    0x08000484   0x08000484   0x00000024   Code   RO        10809    .text               mc_w.l(memcpya.o)
    0x080004a8   0x080004a8   0x00000024   Code   RO        10811    .text               mc_w.l(memseta.o)
    0x080004cc   0x080004cc   0x0000000e   Code   RO        10813    .text               mc_w.l(strlen.o)
    0x080004da   0x080004da   0x00000012   Code   RO        10815    .text               mc_w.l(strcpy.o)
    0x080004ec   0x080004ec   0x0000014e   Code   RO        10847    .text               mf_w.l(dadd.o)
    0x0800063a   0x0800063a   0x000000e4   Code   RO        10849    .text               mf_w.l(dmul.o)
    0x0800071e   0x0800071e   0x000000de   Code   RO        10851    .text               mf_w.l(ddiv.o)
    0x080007fc   0x080007fc   0x00000022   Code   RO        10855    .text               mf_w.l(dflti.o)
    0x0800081e   0x0800081e   0x0000001a   Code   RO        10857    .text               mf_w.l(dfltui.o)
    0x08000838   0x08000838   0x0000003e   Code   RO        10859    .text               mf_w.l(dfixi.o)
    0x08000876   0x08000876   0x00000032   Code   RO        10861    .text               mf_w.l(dfixui.o)
    0x080008a8   0x080008a8   0x00000026   Code   RO        10863    .text               mf_w.l(f2d.o)
    0x080008ce   0x080008ce   0x00000002   PAD
    0x080008d0   0x080008d0   0x00000030   Code   RO        10865    .text               mf_w.l(cdcmple.o)
    0x08000900   0x08000900   0x00000038   Code   RO        10867    .text               mf_w.l(d2f.o)
    0x08000938   0x08000938   0x0000001e   Code   RO        10918    .text               mc_w.l(llshl.o)
    0x08000956   0x08000956   0x00000020   Code   RO        10920    .text               mc_w.l(llushr.o)
    0x08000976   0x08000976   0x00000024   Code   RO        10922    .text               mc_w.l(llsshr.o)
    0x0800099a   0x0800099a   0x00000000   Code   RO        10933    .text               mc_w.l(iusefp.o)
    0x0800099a   0x0800099a   0x0000006e   Code   RO        10934    .text               mf_w.l(fepilogue.o)
    0x08000a08   0x08000a08   0x000000ba   Code   RO        10936    .text               mf_w.l(depilogue.o)
    0x08000ac2   0x08000ac2   0x000000a2   Code   RO        10938    .text               mf_w.l(dsqrt.o)
    0x08000b64   0x08000b64   0x00000086   Code   RO        10940    .text               mf_w.l(drem.o)
    0x08000bea   0x08000bea   0x00000002   PAD
    0x08000bec   0x08000bec   0x00000024   Code   RO        10942    .text               mc_w.l(init.o)
    0x08000c10   0x08000c10   0x00000056   Code   RO        10952    .text               mc_w.l(__dczerorl2.o)
    0x08000c66   0x08000c66   0x00000018   Code   RO         9429    i.AHRS_asinf        ahrs_middleware.o
    0x08000c7e   0x08000c7e   0x00000020   Code   RO         9430    i.AHRS_atan2f       ahrs_middleware.o
    0x08000c9e   0x08000c9e   0x00000018   Code   RO         9431    i.AHRS_cosf         ahrs_middleware.o
    0x08000cb6   0x08000cb6   0x0000001a   Code   RO        10547    i.AHRS_fabs         AHRS.lib(ahrs.o)
    0x08000cd0   0x08000cd0   0x00000010   Code   RO         9432    i.AHRS_get_height   ahrs_middleware.o
    0x08000ce0   0x08000ce0   0x0000000c   Code   RO         9433    i.AHRS_get_latitude  ahrs_middleware.o
    0x08000cec   0x08000cec   0x0000029c   Code   RO        10548    i.AHRS_init         AHRS.lib(ahrs.o)
    0x08000f88   0x08000f88   0x00000024   Code   RO         9434    i.AHRS_invSqrt      ahrs_middleware.o
    0x08000fac   0x08000fac   0x00000018   Code   RO         9435    i.AHRS_sinf         ahrs_middleware.o
    0x08000fc4   0x08000fc4   0x0000013a   Code   RO        10549    i.AHRS_update       AHRS.lib(ahrs.o)
    0x080010fe   0x080010fe   0x00000002   PAD
    0x08001100   0x08001100   0x00000010   Code   RO         9288    i.BMI088_ACCEL_NS_H  bmi088middleware.o
    0x08001110   0x08001110   0x00000010   Code   RO         9289    i.BMI088_ACCEL_NS_L  bmi088middleware.o
    0x08001120   0x08001120   0x00000002   Code   RO         9290    i.BMI088_GPIO_init  bmi088middleware.o
    0x08001122   0x08001122   0x00000002   PAD
    0x08001124   0x08001124   0x00000010   Code   RO         9291    i.BMI088_GYRO_NS_H  bmi088middleware.o
    0x08001134   0x08001134   0x00000010   Code   RO         9292    i.BMI088_GYRO_NS_L  bmi088middleware.o
    0x08001144   0x08001144   0x00000084   Code   RO         6681    i.BMI088_INT_GPIO_Init  gpio.o
    0x080011c8   0x080011c8   0x00000002   Code   RO         9293    i.BMI088_com_init   bmi088middleware.o
    0x080011ca   0x080011ca   0x0000000c   Code   RO         9294    i.BMI088_delay_ms   bmi088middleware.o
    0x080011d6   0x080011d6   0x0000000c   Code   RO         9295    i.BMI088_delay_us   bmi088middleware.o
    0x080011e2   0x080011e2   0x00000002   PAD
    0x080011e4   0x080011e4   0x00000028   Code   RO         9154    i.BMI088_init       bmi088driver.o
    0x0800120c   0x0800120c   0x000001b0   Code   RO         9155    i.BMI088_read       bmi088driver.o
    0x080013bc   0x080013bc   0x00000026   Code   RO         9158    i.BMI088_read_muli_reg  bmi088driver.o
    0x080013e2   0x080013e2   0x00000018   Code   RO         9159    i.BMI088_read_single_reg  bmi088driver.o
    0x080013fa   0x080013fa   0x00000002   PAD
    0x080013fc   0x080013fc   0x00000054   Code   RO         9296    i.BMI088_read_write_byte  bmi088middleware.o
    0x08001450   0x08001450   0x00000014   Code   RO         9161    i.BMI088_write_single_reg  bmi088driver.o
    0x08001464   0x08001464   0x00000014   Code   RO         7109    i.BSP_FLASH_READ    bsp_flash.o
    0x08001478   0x08001478   0x00000064   Code   RO         7110    i.BSP_FLASH_WRITE   bsp_flash.o
    0x080014dc   0x080014dc   0x00000004   Code   RO          347    i.BusFault_Handler  stm32f4xx_it.o
    0x080014e0   0x080014e0   0x0000010c   Code   RO         6734    i.CAN1_DEVICE       can.o
    0x080015ec   0x080015ec   0x00000030   Code   RO         7028    i.CAN1_RX0_IRQHandler  bsp_can.o
    0x0800161c   0x0800161c   0x00000110   Code   RO         6735    i.CAN2_DEVICE       can.o
    0x0800172c   0x0800172c   0x00000030   Code   RO         7029    i.CAN2_RX0_IRQHandler  bsp_can.o
    0x0800175c   0x0800175c   0x000000a8   Code   RO         1052    i.CAN_ClearITPendingBit  stm32f4xx_can.o
    0x08001804   0x08001804   0x00000108   Code   RO         1056    i.CAN_FilterInit    stm32f4xx_can.o
    0x0800190c   0x0800190c   0x00000120   Code   RO         1058    i.CAN_GetITStatus   stm32f4xx_can.o
    0x08001a2c   0x08001a2c   0x00000012   Code   RO         1062    i.CAN_ITConfig      stm32f4xx_can.o
    0x08001a3e   0x08001a3e   0x00000114   Code   RO         1063    i.CAN_Init          stm32f4xx_can.o
    0x08001b52   0x08001b52   0x000000f0   Code   RO         1066    i.CAN_Receive       stm32f4xx_can.o
    0x08001c42   0x08001c42   0x00000126   Code   RO         1071    i.CAN_Transmit      stm32f4xx_can.o
    0x08001d68   0x08001d68   0x00000350   Code   RO         9162    i.Calibrate_MPU_Offset  bmi088driver.o
    0x080020b8   0x080020b8   0x00000466   Code   RO         8605    i.Chassis_Power_Control  power_control.o
    0x0800251e   0x0800251e   0x00000012   Code   RO         1074    i.CheckITStatus     stm32f4xx_can.o
    0x08002530   0x08002530   0x0000004a   Code   RO        10151    i.DCD_EP_Close      usb_dcd.o
    0x0800257a   0x0800257a   0x00000048   Code   RO        10152    i.DCD_EP_ClrStall   usb_dcd.o
    0x080025c2   0x080025c2   0x00000068   Code   RO        10154    i.DCD_EP_Open       usb_dcd.o
    0x0800262a   0x0800262a   0x00000052   Code   RO        10155    i.DCD_EP_PrepareRx  usb_dcd.o
    0x0800267c   0x0800267c   0x0000001c   Code   RO        10156    i.DCD_EP_SetAddress  usb_dcd.o
    0x08002698   0x08002698   0x00000048   Code   RO        10157    i.DCD_EP_Stall      usb_dcd.o
    0x080026e0   0x080026e0   0x0000004e   Code   RO        10158    i.DCD_EP_Tx         usb_dcd.o
    0x0800272e   0x0800272e   0x00000002   PAD
    0x08002730   0x08002730   0x00000198   Code   RO        10245    i.DCD_HandleEnumDone_ISR  usb_dcd_int.o
    0x080028c8   0x080028c8   0x00000128   Code   RO        10246    i.DCD_HandleInEP_ISR  usb_dcd_int.o
    0x080029f0   0x080029f0   0x00000100   Code   RO        10247    i.DCD_HandleOutEP_ISR  usb_dcd_int.o
    0x08002af0   0x08002af0   0x0000006c   Code   RO        10248    i.DCD_HandleResume_ISR  usb_dcd_int.o
    0x08002b5c   0x08002b5c   0x000000b0   Code   RO        10249    i.DCD_HandleRxStatusQueueLevel_ISR  usb_dcd_int.o
    0x08002c0c   0x08002c0c   0x0000002c   Code   RO        10250    i.DCD_HandleSof_ISR  usb_dcd_int.o
    0x08002c38   0x08002c38   0x000000a8   Code   RO        10251    i.DCD_HandleUSBSuspend_ISR  usb_dcd_int.o
    0x08002ce0   0x08002ce0   0x00000104   Code   RO        10252    i.DCD_HandleUsbReset_ISR  usb_dcd_int.o
    0x08002de4   0x08002de4   0x0000009c   Code   RO        10160    i.DCD_Init          usb_dcd.o
    0x08002e80   0x08002e80   0x0000002c   Code   RO        10253    i.DCD_IsoINIncomplete_ISR  usb_dcd_int.o
    0x08002eac   0x08002eac   0x0000002c   Code   RO        10254    i.DCD_IsoOUTIncomplete_ISR  usb_dcd_int.o
    0x08002ed8   0x08002ed8   0x00000028   Code   RO        10255    i.DCD_ReadDevInEP   usb_dcd_int.o
    0x08002f00   0x08002f00   0x000000ac   Code   RO        10256    i.DCD_WriteEmptyTxFifo  usb_dcd_int.o
    0x08002fac   0x08002fac   0x00000034   Code   RO         1808    i.DMA_ClearFlag     stm32f4xx_dma.o
    0x08002fe0   0x08002fe0   0x00000016   Code   RO         1810    i.DMA_Cmd           stm32f4xx_dma.o
    0x08002ff6   0x08002ff6   0x00000002   PAD
    0x08002ff8   0x08002ff8   0x00000158   Code   RO         1811    i.DMA_DeInit        stm32f4xx_dma.o
    0x08003150   0x08003150   0x00000016   Code   RO         1812    i.DMA_DoubleBufferModeCmd  stm32f4xx_dma.o
    0x08003166   0x08003166   0x00000018   Code   RO         1813    i.DMA_DoubleBufferModeConfig  stm32f4xx_dma.o
    0x0800317e   0x0800317e   0x00000008   Code   RO         1816    i.DMA_GetCurrDataCounter  stm32f4xx_dma.o
    0x08003186   0x08003186   0x00000014   Code   RO         1817    i.DMA_GetCurrentMemoryTarget  stm32f4xx_dma.o
    0x0800319a   0x0800319a   0x00000002   PAD
    0x0800319c   0x0800319c   0x00000058   Code   RO         1822    i.DMA_Init          stm32f4xx_dma.o
    0x080031f4   0x080031f4   0x00000004   Code   RO         1825    i.DMA_SetCurrDataCounter  stm32f4xx_dma.o
    0x080031f8   0x080031f8   0x0000003c   Code   RO         7154    i.DWT_Delay         bsp_dwt.o
    0x08003234   0x08003234   0x00000054   Code   RO         7158    i.DWT_Init          bsp_dwt.o
    0x08003288   0x08003288   0x00000002   Code   RO          348    i.DebugMon_Handler  stm32f4xx_it.o
    0x0800328a   0x0800328a   0x00000002   PAD
    0x0800328c   0x0800328c   0x00000050   Code   RO         6682    i.EXTI0_IRQHandler  gpio.o
    0x080032dc   0x080032dc   0x00000054   Code   RO         7809    i.EXTI4_IRQHandler  imu_task.o
    0x08003330   0x08003330   0x0000000c   Code   RO         2076    i.EXTI_ClearITPendingBit  stm32f4xx_exti.o
    0x0800333c   0x0800333c   0x00000018   Code   RO         2080    i.EXTI_GetITStatus  stm32f4xx_exti.o
    0x08003354   0x08003354   0x00000094   Code   RO         2081    i.EXTI_Init         stm32f4xx_exti.o
    0x080033e8   0x080033e8   0x0000000c   Code   RO         2141    i.FLASH_ClearFlag   stm32f4xx_flash.o
    0x080033f4   0x080033f4   0x00000024   Code   RO         2142    i.FLASH_DataCacheCmd  stm32f4xx_flash.o
    0x08003418   0x08003418   0x00000088   Code   RO         2147    i.FLASH_EraseSector  stm32f4xx_flash.o
    0x080034a0   0x080034a0   0x00000054   Code   RO         2149    i.FLASH_GetStatus   stm32f4xx_flash.o
    0x080034f4   0x080034f4   0x00000014   Code   RO         2153    i.FLASH_Lock        stm32f4xx_flash.o
    0x08003508   0x08003508   0x0000004c   Code   RO         2174    i.FLASH_ProgramByte  stm32f4xx_flash.o
    0x08003554   0x08003554   0x00000024   Code   RO         2179    i.FLASH_Unlock      stm32f4xx_flash.o
    0x08003578   0x08003578   0x00000022   Code   RO         2180    i.FLASH_WaitForLastOperation  stm32f4xx_flash.o
    0x0800359a   0x0800359a   0x00000002   PAD
    0x0800359c   0x0800359c   0x00000050   Code   RO         8192    i.FPS_Calculate     kalman_filter.o
    0x080035ec   0x080035ec   0x000000f0   Code   RO         6683    i.GPIO_INIT         gpio.o
    0x080036dc   0x080036dc   0x00000090   Code   RO         2454    i.GPIO_Init         stm32f4xx_gpio.o
    0x0800376c   0x0800376c   0x00000046   Code   RO         2455    i.GPIO_PinAFConfig  stm32f4xx_gpio.o
    0x080037b2   0x080037b2   0x00000012   Code   RO         2458    i.GPIO_ReadInputDataBit  stm32f4xx_gpio.o
    0x080037c4   0x080037c4   0x00000004   Code   RO         2461    i.GPIO_ResetBits    stm32f4xx_gpio.o
    0x080037c8   0x080037c8   0x00000004   Code   RO         2462    i.GPIO_SetBits      stm32f4xx_gpio.o
    0x080037cc   0x080037cc   0x000001d0   Code   RO         7111    i.GetSector         bsp_flash.o
    0x0800399c   0x0800399c   0x00000020   Code   RO         8193    i.Get_FPS           kalman_filter.o
    0x080039bc   0x080039bc   0x00000034   Code   RO          594    i.Get_SerialNum     usbd_desc.o
    0x080039f0   0x080039f0   0x0000000c   Code   RO          452    i.HAL_GetTick       stm32_tim_base.o
    0x080039fc   0x080039fc   0x0000001c   Code   RO          453    i.HAL_IncTick       stm32_tim_base.o
    0x08003a18   0x08003a18   0x000000dc   Code   RO         9576    i.Handle_USBAsynchXfer  usbd_cdc_core.o
    0x08003af4   0x08003af4   0x00000004   Code   RO          349    i.HardFault_Handler  stm32f4xx_it.o
    0x08003af8   0x08003af8   0x0000003e   Code   RO          595    i.IntToUnicode      usbd_desc.o
    0x08003b36   0x08003b36   0x0000004e   Code   RO         6684    i.KEY_EXTI          gpio.o
    0x08003b84   0x08003b84   0x000000a2   Code   RO         8540    i.LADRC_ESO         ladrc.o
    0x08003c26   0x08003c26   0x00000018   Code   RO         8541    i.LADRC_Init        ladrc.o
    0x08003c3e   0x08003c3e   0x00000074   Code   RO         8542    i.LADRC_LF          ladrc.o
    0x08003cb2   0x08003cb2   0x0000003c   Code   RO         8543    i.LADRC_Loop        ladrc.o
    0x08003cee   0x08003cee   0x0000005a   Code   RO         8545    i.LADRC_TD          ladrc.o
    0x08003d48   0x08003d48   0x00000004   Code   RO          350    i.MemManage_Handler  stm32f4xx_it.o
    0x08003d4c   0x08003d4c   0x00000002   Code   RO          351    i.NMI_Handler       stm32f4xx_it.o
    0x08003d4e   0x08003d4e   0x00000002   PAD
    0x08003d50   0x08003d50   0x00000078   Code   RO          756    i.NVIC_Init         misc.o
    0x08003dc8   0x08003dc8   0x00000014   Code   RO          757    i.NVIC_PriorityGroupConfig  misc.o
    0x08003ddc   0x08003ddc   0x00000010   Code   RO         7222    i.OTG_FS_IRQHandler  bsp_usb.o
    0x08003dec   0x08003dec   0x00000030   Code   RO         8476    i.PID_Clear         pid.o
    0x08003e1c   0x08003e1c   0x0000007c   Code   RO         8477    i.PID_Struct_Init   pid.o
    0x08003e98   0x08003e98   0x00000020   Code   RO         3359    i.RCC_AHB1PeriphClockCmd  stm32f4xx_rcc.o
    0x08003eb8   0x08003eb8   0x00000020   Code   RO         3362    i.RCC_AHB2PeriphClockCmd  stm32f4xx_rcc.o
    0x08003ed8   0x08003ed8   0x00000020   Code   RO         3368    i.RCC_APB1PeriphClockCmd  stm32f4xx_rcc.o
    0x08003ef8   0x08003ef8   0x00000020   Code   RO         3370    i.RCC_APB1PeriphResetCmd  stm32f4xx_rcc.o
    0x08003f18   0x08003f18   0x00000020   Code   RO         3371    i.RCC_APB2PeriphClockCmd  stm32f4xx_rcc.o
    0x08003f38   0x08003f38   0x00000020   Code   RO         3373    i.RCC_APB2PeriphResetCmd  stm32f4xx_rcc.o
    0x08003f58   0x08003f58   0x000000e8   Code   RO         3380    i.RCC_GetClocksFreq  stm32f4xx_rcc.o
    0x08004040   0x08004040   0x00000018   Code   RO         4517    i.SPI_Cmd           stm32f4xx_spi.o
    0x08004058   0x08004058   0x000000ec   Code   RO         6807    i.SPI_DEVICE        spi.o
    0x08004144   0x08004144   0x0000003c   Code   RO         4530    i.SPI_Init          stm32f4xx_spi.o
    0x08004180   0x08004180   0x00000250   Code   RO         7030    i.STD_CAN_RxCpltCallback  bsp_can.o
    0x080043d0   0x080043d0   0x00000040   Code   RO         4682    i.SYSCFG_EXTILineConfig  stm32f4xx_syscfg.o
    0x08004410   0x08004410   0x000000ec   Code   RO          410    i.SetSysClock       system_stm32f4xx.o
    0x080044fc   0x080044fc   0x0000002c   Code   RO         8341    i.Software_Reset    keyboard.o
    0x08004528   0x08004528   0x00000028   Code   RO          760    i.SysTick_CLKSourceConfig  misc.o
    0x08004550   0x08004550   0x00000010   Code   RO          352    i.SysTick_Handler   stm32f4xx_it.o
    0x08004560   0x08004560   0x0000003c   Code   RO         6643    i.SysTick_Init      delay.o
    0x0800459c   0x0800459c   0x00000068   Code   RO          412    i.SystemInit        system_stm32f4xx.o
    0x08004604   0x08004604   0x0000002c   Code   RO          514    i.TASK_START        start_tack.o
    0x08004630   0x08004630   0x00000020   Code   RO          454    i.TIM4_IRQHandler   stm32_tim_base.o
    0x08004650   0x08004650   0x000000d4   Code   RO         6922    i.TIM8_DEVICE       tim.o
    0x08004724   0x08004724   0x00000018   Code   RO         4743    i.TIM_ARRPreloadConfig  stm32f4xx_tim.o
    0x0800473c   0x0800473c   0x00000064   Code   RO          455    i.TIM_BASE_Init     stm32_tim_base.o
    0x080047a0   0x080047a0   0x00000006   Code   RO         4750    i.TIM_ClearITPendingBit  stm32f4xx_tim.o
    0x080047a6   0x080047a6   0x00000018   Code   RO         4755    i.TIM_Cmd           stm32f4xx_tim.o
    0x080047be   0x080047be   0x0000001e   Code   RO         4757    i.TIM_CtrlPWMOutputs  stm32f4xx_tim.o
    0x080047dc   0x080047dc   0x00000022   Code   RO         4776    i.TIM_GetITStatus   stm32f4xx_tim.o
    0x080047fe   0x080047fe   0x00000012   Code   RO         4780    i.TIM_ITConfig      stm32f4xx_tim.o
    0x08004810   0x08004810   0x0000007c   Code   RO         4784    i.TIM_OC1Init       stm32f4xx_tim.o
    0x0800488c   0x0800488c   0x00000012   Code   RO         4787    i.TIM_OC1PreloadConfig  stm32f4xx_tim.o
    0x0800489e   0x0800489e   0x00000002   PAD
    0x080048a0   0x080048a0   0x000000a4   Code   RO         4789    i.TIM_OC2Init       stm32f4xx_tim.o
    0x08004944   0x08004944   0x0000001a   Code   RO         4792    i.TIM_OC2PreloadConfig  stm32f4xx_tim.o
    0x0800495e   0x0800495e   0x00000002   PAD
    0x08004960   0x08004960   0x000000a0   Code   RO         4794    i.TIM_OC3Init       stm32f4xx_tim.o
    0x08004a00   0x08004a00   0x00000012   Code   RO         4797    i.TIM_OC3PreloadConfig  stm32f4xx_tim.o
    0x08004a12   0x08004a12   0x00000014   Code   RO         4802    i.TIM_OCStructInit  stm32f4xx_tim.o
    0x08004a26   0x08004a26   0x00000002   PAD
    0x08004a28   0x08004a28   0x00000084   Code   RO         4827    i.TIM_TimeBaseInit  stm32f4xx_tim.o
    0x08004aac   0x08004aac   0x00000104   Code   RO         6764    i.USART1_DEVICE     usart.o
    0x08004bb0   0x08004bb0   0x00000094   Code   RO         6873    i.USART1_DMA        dma.o
    0x08004c44   0x08004c44   0x00000070   Code   RO         8059    i.USART1_IRQHandler  pc_task.o
    0x08004cb4   0x08004cb4   0x000000dc   Code   RO         6765    i.USART3_DEVICE     usart.o
    0x08004d90   0x08004d90   0x00000098   Code   RO         6874    i.USART3_DMA        dma.o
    0x08004e28   0x08004e28   0x00000104   Code   RO         6832    i.USART3_IRQHandler  rc.o
    0x08004f2c   0x08004f2c   0x000000d4   Code   RO         6766    i.USART6_DEVICE     usart.o
    0x08005000   0x08005000   0x00000094   Code   RO         6875    i.USART6_DMA        dma.o
    0x08005094   0x08005094   0x00000078   Code   RO         7936    i.USART6_IRQHandler  judge_task.o
    0x0800510c   0x0800510c   0x00000012   Code   RO         5305    i.USART_ClearFlag   stm32f4xx_usart.o
    0x0800511e   0x0800511e   0x0000001e   Code   RO         5306    i.USART_ClearITPendingBit  stm32f4xx_usart.o
    0x0800513c   0x0800513c   0x00000018   Code   RO         5309    i.USART_Cmd         stm32f4xx_usart.o
    0x08005154   0x08005154   0x00000012   Code   RO         5310    i.USART_DMACmd      stm32f4xx_usart.o
    0x08005166   0x08005166   0x00000002   PAD
    0x08005168   0x08005168   0x000000f0   Code   RO         5311    i.USART_DeInit      stm32f4xx_usart.o
    0x08005258   0x08005258   0x0000001a   Code   RO         5312    i.USART_GetFlagStatus  stm32f4xx_usart.o
    0x08005272   0x08005272   0x00000054   Code   RO         5313    i.USART_GetITStatus  stm32f4xx_usart.o
    0x080052c6   0x080052c6   0x0000004a   Code   RO         5315    i.USART_ITConfig    stm32f4xx_usart.o
    0x08005310   0x08005310   0x000000d4   Code   RO         5316    i.USART_Init        stm32f4xx_usart.o
    0x080053e4   0x080053e4   0x0000000a   Code   RO         5323    i.USART_ReceiveData  stm32f4xx_usart.o
    0x080053ee   0x080053ee   0x00000016   Code   RO         9658    i.USBD_ClrCfg       usbd_core.o
    0x08005404   0x08005404   0x00000048   Code   RO         9819    i.USBD_ClrFeature   usbd_req.o
    0x0800544c   0x0800544c   0x0000001e   Code   RO         9759    i.USBD_CtlContinueRx  usbd_ioreq.o
    0x0800546a   0x0800546a   0x0000001e   Code   RO         9760    i.USBD_CtlContinueSendData  usbd_ioreq.o
    0x08005488   0x08005488   0x0000001e   Code   RO         9820    i.USBD_CtlError     usbd_req.o
    0x080054a6   0x080054a6   0x0000002e   Code   RO         9761    i.USBD_CtlPrepareRx  usbd_ioreq.o
    0x080054d4   0x080054d4   0x00000024   Code   RO         9762    i.USBD_CtlReceiveStatus  usbd_ioreq.o
    0x080054f8   0x080054f8   0x0000002e   Code   RO         9763    i.USBD_CtlSendData  usbd_ioreq.o
    0x08005526   0x08005526   0x00000024   Code   RO         9764    i.USBD_CtlSendStatus  usbd_ioreq.o
    0x0800554a   0x0800554a   0x000000e8   Code   RO         9659    i.USBD_DataInStage  usbd_core.o
    0x08005632   0x08005632   0x00000096   Code   RO         9660    i.USBD_DataOutStage  usbd_core.o
    0x080056c8   0x080056c8   0x00000006   Code   RO         9661    i.USBD_DeInit       usbd_core.o
    0x080056ce   0x080056ce   0x00000002   PAD
    0x080056d0   0x080056d0   0x00000054   Code   RO         9821    i.USBD_GetConfig    usbd_req.o
    0x08005724   0x08005724   0x00000112   Code   RO         9822    i.USBD_GetDescriptor  usbd_req.o
    0x08005836   0x08005836   0x00000014   Code   RO         9823    i.USBD_GetLen       usbd_req.o
    0x0800584a   0x0800584a   0x00000002   PAD
    0x0800584c   0x0800584c   0x00000050   Code   RO         9824    i.USBD_GetStatus    usbd_req.o
    0x0800589c   0x0800589c   0x00000052   Code   RO         9825    i.USBD_GetString    usbd_req.o
    0x080058ee   0x080058ee   0x00000042   Code   RO         9662    i.USBD_Init         usbd_core.o
    0x08005930   0x08005930   0x00000012   Code   RO         9663    i.USBD_IsoINIncomplete  usbd_core.o
    0x08005942   0x08005942   0x00000012   Code   RO         9664    i.USBD_IsoOUTIncomplete  usbd_core.o
    0x08005954   0x08005954   0x000000e0   Code   RO        10257    i.USBD_OTG_ISR_Handler  usb_dcd_int.o
    0x08005a34   0x08005a34   0x00000048   Code   RO         9826    i.USBD_ParseSetupRequest  usbd_req.o
    0x08005a7c   0x08005a7c   0x00000032   Code   RO         9665    i.USBD_Reset        usbd_core.o
    0x08005aae   0x08005aae   0x0000001e   Code   RO         9666    i.USBD_Resume       usbd_core.o
    0x08005acc   0x08005acc   0x00000014   Code   RO         9667    i.USBD_RunTestMode  usbd_core.o
    0x08005ae0   0x08005ae0   0x0000001a   Code   RO         9668    i.USBD_SOF          usbd_core.o
    0x08005afa   0x08005afa   0x0000005c   Code   RO         9827    i.USBD_SetAddress   usbd_req.o
    0x08005b56   0x08005b56   0x0000001e   Code   RO         9669    i.USBD_SetCfg       usbd_core.o
    0x08005b74   0x08005b74   0x000000d0   Code   RO         9828    i.USBD_SetConfig    usbd_req.o
    0x08005c44   0x08005c44   0x000000b0   Code   RO         9829    i.USBD_SetFeature   usbd_req.o
    0x08005cf4   0x08005cf4   0x00000054   Code   RO         9670    i.USBD_SetupStage   usbd_core.o
    0x08005d48   0x08005d48   0x00000072   Code   RO         9830    i.USBD_StdDevReq    usbd_req.o
    0x08005dba   0x08005dba   0x00000002   PAD
    0x08005dbc   0x08005dbc   0x00000178   Code   RO         9831    i.USBD_StdEPReq     usbd_req.o
    0x08005f34   0x08005f34   0x0000004c   Code   RO         9832    i.USBD_StdItfReq    usbd_req.o
    0x08005f80   0x08005f80   0x00000020   Code   RO         9671    i.USBD_Suspend      usbd_core.o
    0x08005fa0   0x08005fa0   0x00000034   Code   RO          596    i.USBD_USR_ConfigStrDescriptor  usbd_desc.o
    0x08005fd4   0x08005fd4   0x00000020   Code   RO          679    i.USBD_USR_DeviceConfigured  usbd_usr.o
    0x08005ff4   0x08005ff4   0x00000020   Code   RO          680    i.USBD_USR_DeviceConnected  usbd_usr.o
    0x08006014   0x08006014   0x00000010   Code   RO          597    i.USBD_USR_DeviceDescriptor  usbd_desc.o
    0x08006024   0x08006024   0x00000024   Code   RO          681    i.USBD_USR_DeviceDisconnected  usbd_usr.o
    0x08006048   0x08006048   0x0000006c   Code   RO          682    i.USBD_USR_DeviceReset  usbd_usr.o
    0x080060b4   0x080060b4   0x00000020   Code   RO          683    i.USBD_USR_DeviceResumed  usbd_usr.o
    0x080060d4   0x080060d4   0x00000020   Code   RO          684    i.USBD_USR_DeviceSuspended  usbd_usr.o
    0x080060f4   0x080060f4   0x00000014   Code   RO          685    i.USBD_USR_Init     usbd_usr.o
    0x08006108   0x08006108   0x00000038   Code   RO          598    i.USBD_USR_InterfaceStrDescriptor  usbd_desc.o
    0x08006140   0x08006140   0x00000010   Code   RO          599    i.USBD_USR_LangIDStrDescriptor  usbd_desc.o
    0x08006150   0x08006150   0x00000024   Code   RO          600    i.USBD_USR_ManufacturerStrDescriptor  usbd_desc.o
    0x08006174   0x08006174   0x00000060   Code   RO          601    i.USBD_USR_ProductStrDescriptor  usbd_desc.o
    0x080061d4   0x080061d4   0x00000018   Code   RO          602    i.USBD_USR_SerialStrDescriptor  usbd_desc.o
    0x080061ec   0x080061ec   0x00000010   Code   RO         9577    i.USBD_cdc_GetCfgDesc  usbd_cdc_core.o
    0x080061fc   0x080061fc   0x00000024   Code   RO         6956    i.USB_OTG_BSP_EnableInterrupt  st_usb_cdc.o
    0x08006220   0x08006220   0x0000005c   Code   RO         6957    i.USB_OTG_BSP_Init  st_usb_cdc.o
    0x0800627c   0x0800627c   0x00000012   Code   RO         6958    i.USB_OTG_BSP_mDelay  st_usb_cdc.o
    0x0800628e   0x0800628e   0x00000016   Code   RO         6959    i.USB_OTG_BSP_uDelay  st_usb_cdc.o
    0x080062a4   0x080062a4   0x00000126   Code   RO         9918    i.USB_OTG_CoreInit  usb_core.o
    0x080063ca   0x080063ca   0x0000020a   Code   RO         9919    i.USB_OTG_CoreInitDev  usb_core.o
    0x080065d4   0x080065d4   0x00000070   Code   RO         9920    i.USB_OTG_CoreReset  usb_core.o
    0x08006644   0x08006644   0x00000022   Code   RO         9921    i.USB_OTG_DisableGlobalInt  usb_core.o
    0x08006666   0x08006666   0x00000074   Code   RO         9922    i.USB_OTG_EP0Activate  usb_core.o
    0x080066da   0x080066da   0x00000156   Code   RO         9923    i.USB_OTG_EP0StartXfer  usb_core.o
    0x08006830   0x08006830   0x00000062   Code   RO         9924    i.USB_OTG_EP0_OutStart  usb_core.o
    0x08006892   0x08006892   0x00000098   Code   RO         9925    i.USB_OTG_EPActivate  usb_core.o
    0x0800692a   0x0800692a   0x00000050   Code   RO         9926    i.USB_OTG_EPClearStall  usb_core.o
    0x0800697a   0x0800697a   0x0000005e   Code   RO         9927    i.USB_OTG_EPDeactivate  usb_core.o
    0x080069d8   0x080069d8   0x00000064   Code   RO         9928    i.USB_OTG_EPSetStall  usb_core.o
    0x08006a3c   0x08006a3c   0x000001fe   Code   RO         9929    i.USB_OTG_EPStartXfer  usb_core.o
    0x08006c3a   0x08006c3a   0x00000034   Code   RO         9930    i.USB_OTG_EnableCommonInt  usb_core.o
    0x08006c6e   0x08006c6e   0x0000009a   Code   RO         9931    i.USB_OTG_EnableDevInt  usb_core.o
    0x08006d08   0x08006d08   0x00000022   Code   RO         9932    i.USB_OTG_EnableGlobalInt  usb_core.o
    0x08006d2a   0x08006d2a   0x00000002   PAD
    0x08006d2c   0x08006d2c   0x0000004c   Code   RO         9933    i.USB_OTG_FlushRxFifo  usb_core.o
    0x08006d78   0x08006d78   0x00000054   Code   RO         9934    i.USB_OTG_FlushTxFifo  usb_core.o
    0x08006dcc   0x08006dcc   0x00000038   Code   RO         9935    i.USB_OTG_GetDeviceSpeed  usb_core.o
    0x08006e04   0x08006e04   0x0000000c   Code   RO         9937    i.USB_OTG_GetMode   usb_core.o
    0x08006e10   0x08006e10   0x00000018   Code   RO         9938    i.USB_OTG_InitDevSpeed  usb_core.o
    0x08006e28   0x08006e28   0x00000016   Code   RO         9939    i.USB_OTG_IsDeviceMode  usb_core.o
    0x08006e3e   0x08006e3e   0x00000010   Code   RO         9941    i.USB_OTG_ReadCoreItr  usb_core.o
    0x08006e4e   0x08006e4e   0x00000010   Code   RO         9942    i.USB_OTG_ReadDevAllInEPItr  usb_core.o
    0x08006e5e   0x08006e5e   0x00000010   Code   RO         9943    i.USB_OTG_ReadDevAllOutEp_itr  usb_core.o
    0x08006e6e   0x08006e6e   0x00000014   Code   RO         9944    i.USB_OTG_ReadDevOutEP_itr  usb_core.o
    0x08006e82   0x08006e82   0x00000028   Code   RO         9946    i.USB_OTG_ReadPacket  usb_core.o
    0x08006eaa   0x08006eaa   0x00000002   PAD
    0x08006eac   0x08006eac   0x000000d0   Code   RO         9947    i.USB_OTG_SelectCore  usb_core.o
    0x08006f7c   0x08006f7c   0x0000004e   Code   RO         9948    i.USB_OTG_SetCurrentMode  usb_core.o
    0x08006fca   0x08006fca   0x00000040   Code   RO         9952    i.USB_OTG_WritePacket  usb_core.o
    0x0800700a   0x0800700a   0x00000004   Code   RO          353    i.UsageFault_Handler  stm32f4xx_it.o
    0x0800700e   0x0800700e   0x00000002   PAD
    0x08007010   0x08007010   0x000000a0   Code   RO         7224    i.VCP_Ctrl          bsp_usb.o
    0x080070b0   0x080070b0   0x00000028   Code   RO         7225    i.VCP_DataRx        bsp_usb.o
    0x080070d8   0x080070d8   0x00000040   Code   RO         7226    i.VCP_DataTx        bsp_usb.o
    0x08007118   0x08007118   0x00000004   Code   RO         7227    i.VCP_DeInit        bsp_usb.o
    0x0800711c   0x0800711c   0x00000004   Code   RO         7228    i.VCP_Init          bsp_usb.o
    0x08007120   0x08007120   0x00000026   Code   RO        10883    i.__ARM_fpclassifyf  m_wm.l(fpclassifyf.o)
    0x08007146   0x08007146   0x00000002   PAD
    0x08007148   0x08007148   0x0000012c   Code   RO        10728    i.__hardfp_asinf    m_wm.l(asinf.o)
    0x08007274   0x08007274   0x000002ac   Code   RO        10740    i.__hardfp_atan2f   m_wm.l(atan2f.o)
    0x08007520   0x08007520   0x00000014   Code   RO        10752    i.__hardfp_fabs     m_wm.l(fabs.o)
    0x08007534   0x08007534   0x00000104   Code   RO        10758    i.__hardfp_fmod     m_wm.l(fmod.o)
    0x08007638   0x08007638   0x0000007a   Code   RO        10782    i.__hardfp_sqrt     m_wm.l(sqrt_full.o)
    0x080076b2   0x080076b2   0x0000003a   Code   RO        10788    i.__hardfp_sqrtf    m_wm.l(sqrtf_full.o)
    0x080076ec   0x080076ec   0x00000004   PAD
    0x080076f0   0x080076f0   0x00000020   Code   RO        10872    i.__mathlib_dbl_invalid  m_wm.l(dunder.o)
    0x08007710   0x08007710   0x00000006   Code   RO        10886    i.__mathlib_flt_infnan  m_wm.l(funder.o)
    0x08007716   0x08007716   0x00000006   Code   RO        10887    i.__mathlib_flt_infnan2  m_wm.l(funder.o)
    0x0800771c   0x0800771c   0x00000010   Code   RO        10888    i.__mathlib_flt_invalid  m_wm.l(funder.o)
    0x0800772c   0x0800772c   0x00000010   Code   RO        10891    i.__mathlib_flt_underflow  m_wm.l(funder.o)
    0x0800773c   0x0800773c   0x0000000e   Code   RO        10946    i.__scatterload_copy  mc_w.l(handlers.o)
    0x0800774a   0x0800774a   0x00000002   Code   RO        10947    i.__scatterload_null  mc_w.l(handlers.o)
    0x0800774c   0x0800774c   0x0000000e   Code   RO        10948    i.__scatterload_zeroinit  mc_w.l(handlers.o)
    0x0800775a   0x0800775a   0x00000002   PAD
    0x0800775c   0x0800775c   0x0000000c   Code   RO        10928    i.__set_errno       mc_w.l(errno.o)
    0x08007768   0x08007768   0x0000004a   Code   RO         8478    i.abs_limit         pid.o
    0x080077b2   0x080077b2   0x0000004a   Code   RO         8546    i.abs_limit         ladrc.o
    0x080077fc   0x080077fc   0x000001d0   Code   RO        10550    i.accel_comple_filter  AHRS.lib(ahrs.o)
    0x080079cc   0x080079cc   0x0000018c   Code   RO        10551    i.accel_update_kp_ki  AHRS.lib(ahrs.o)
    0x08007b58   0x08007b58   0x0000005c   Code   RO         7691    i.angle_complement  gimbal_task.o
    0x08007bb4   0x08007bb4   0x0000016c   Code   RO        10552    i.angle_to_quat     AHRS.lib(ahrs.o)
    0x08007d20   0x08007d20   0x00000030   Code   RO         8731    i.append_crc16_check_sum  protocol.o
    0x08007d50   0x08007d50   0x00000026   Code   RO         8732    i.append_crc8_check_sum  protocol.o
    0x08007d76   0x08007d76   0x00000002   PAD
    0x08007d78   0x08007d78   0x00000134   Code   RO         9163    i.bmi088_accel_init  bmi088driver.o
    0x08007eac   0x08007eac   0x000000f4   Code   RO         9165    i.bmi088_gyro_init  bmi088driver.o
    0x08007fa0   0x08007fa0   0x00000064   Code   RO         7289    i.buffer            chassis_task.o
    0x08008004   0x08008004   0x000000b8   Code   RO         7570    i.can_msg_send_task  comm_task.o
    0x080080bc   0x080080bc   0x000000f8   Code   RO         8342    i.chassis_direction_ctrl  keyboard.o
    0x080081b4   0x080081b4   0x00000258   Code   RO         7290    i.chassis_dodge_handler  chassis_task.o
    0x0800840c   0x0800840c   0x00000020   Code   RO         7613    i.chassis_is_controllable  detect_task.o
    0x0800842c   0x0800842c   0x000000b8   Code   RO         7291    i.chassis_normal_handler  chassis_task.o
    0x080084e4   0x080084e4   0x000000b8   Code   RO         8261    i.chassis_operation_func  remote_ctrl.o
    0x0800859c   0x0800859c   0x000000cc   Code   RO         7292    i.chassis_param_init  chassis_task.o
    0x08008668   0x08008668   0x00000598   Code   RO         7293    i.chassis_power_contorl  chassis_task.o
    0x08008c00   0x08008c00   0x0000006c   Code   RO         7294    i.chassis_stop_handler  chassis_task.o
    0x08008c6c   0x08008c6c   0x00000344   Code   RO         7295    i.chassis_task      chassis_task.o
    0x08008fb0   0x08008fb0   0x000000e4   Code   RO         8987    i.client_graphic_draw_Circle  judge_tx_data.o
    0x08009094   0x08009094   0x00000378   Code   RO         8988    i.client_graphic_draw_String  judge_tx_data.o
    0x0800940c   0x0800940c   0x0000032c   Code   RO         8989    i.client_graphic_draw_car_line  judge_tx_data.o
    0x08009738   0x08009738   0x000000c0   Code   RO         8990    i.client_graphic_draw_line  judge_tx_data.o
    0x080097f8   0x080097f8   0x000003dc   Code   RO         8991    i.client_graphic_draw_short_line1  judge_tx_data.o
    0x08009bd4   0x08009bd4   0x00000a4c   Code   RO         8992    i.client_grapjic_draw_float  judge_tx_data.o
    0x0800a620   0x0800a620   0x00000068   Code   RO         8889    i.data_packet_pack  data_packet.o
    0x0800a688   0x0800a688   0x0000004c   Code   RO         6644    i.delay_ms          delay.o
    0x0800a6d4   0x0800a6d4   0x0000004c   Code   RO         6645    i.delay_us          delay.o
    0x0800a720   0x0800a720   0x00000084   Code   RO         7614    i.detect_param_init  detect_task.o
    0x0800a7a4   0x0800a7a4   0x00000030   Code   RO         7615    i.detect_task       detect_task.o
    0x0800a7d4   0x0800a7d4   0x000000f0   Code   RO         8890    i.dma_buffer_to_unpack_buffer  data_packet.o
    0x0800a8c4   0x0800a8c4   0x0000013c   Code   RO         7692    i.dodge_handler     gimbal_task.o
    0x0800aa00   0x0800aa00   0x000000bc   Code   RO         7031    i.encoder_data_handler  bsp_can.o
    0x0800aabc   0x0800aabc   0x00000018   Code   RO         7616    i.err_detector_hook  detect_task.o
    0x0800aad4   0x0800aad4   0x00000060   Code   RO         8795    i.fifo_s_get        data_fifo.o
    0x0800ab34   0x0800ab34   0x0000007e   Code   RO         8796    i.fifo_s_gets       data_fifo.o
    0x0800abb2   0x0800abb2   0x00000042   Code   RO         8797    i.fifo_s_init       data_fifo.o
    0x0800abf4   0x0800abf4   0x00000084   Code   RO         8800    i.fifo_s_puts       data_fifo.o
    0x0800ac78   0x0800ac78   0x00000010   Code   RO         8801    i.fifo_used_count   data_fifo.o
    0x0800ac88   0x0800ac88   0x00000018   Code   RO         8343    i.firc_ctrl         keyboard.o
    0x0800aca0   0x0800aca0   0x0000002c   Code   RO            5    i.flash_cali        main.o
    0x0800accc   0x0800accc   0x00000052   Code   RO         7693    i.getFeedforwardControl  gimbal_task.o
    0x0800ad1e   0x0800ad1e   0x000000e8   Code   RO        10553    i.get_angle         AHRS.lib(ahrs.o)
    0x0800ae06   0x0800ae06   0x00000002   PAD
    0x0800ae08   0x0800ae08   0x00000038   Code   RO         8606    i.get_buffer        power_control.o
    0x0800ae40   0x0800ae40   0x00000034   Code   RO         7879    i.get_chassis_info  info_get_task.o
    0x0800ae74   0x0800ae74   0x00000028   Code   RO         8607    i.get_chassis_max_power  power_control.o
    0x0800ae9c   0x0800ae9c   0x000000fc   Code   RO         7976    i.get_chassis_mode  modeswitch_task.o
    0x0800af98   0x0800af98   0x00000034   Code   RO         8733    i.get_crc16_check_sum  protocol.o
    0x0800afcc   0x0800afcc   0x00000024   Code   RO         8734    i.get_crc8_check_sum  protocol.o
    0x0800aff0   0x0800aff0   0x0000001a   Code   RO         8891    i.get_dma_memory_msg  data_packet.o
    0x0800b00a   0x0800b00a   0x00000002   PAD
    0x0800b00c   0x0800b00c   0x000000dc   Code   RO         7880    i.get_gimbal_info   info_get_task.o
    0x0800b0e8   0x0800b0e8   0x000000b0   Code   RO         7977    i.get_gimbal_mode   modeswitch_task.o
    0x0800b198   0x0800b198   0x00000020   Code   RO         7881    i.get_global_last_info  info_get_task.o
    0x0800b1b8   0x0800b1b8   0x0000016c   Code   RO         9099    i.get_infantry_info  pc_tx_data.o
    0x0800b324   0x0800b324   0x000001d0   Code   RO         7978    i.get_keyboard      modeswitch_task.o
    0x0800b4f4   0x0800b4f4   0x00000034   Code   RO         7979    i.get_last_mode     modeswitch_task.o
    0x0800b528   0x0800b528   0x000000c8   Code   RO         7980    i.get_main_mode     modeswitch_task.o
    0x0800b5f0   0x0800b5f0   0x00000010   Code   RO         7032    i.get_moto_offset   bsp_can.o
    0x0800b600   0x0800b600   0x000000a0   Code   RO         8344    i.get_mouse_status  keyboard.o
    0x0800b6a0   0x0800b6a0   0x00000028   Code   RO         7882    i.get_relative_pos  info_get_task.o
    0x0800b6c8   0x0800b6c8   0x00000018   Code   RO         7883    i.get_shoot_info    info_get_task.o
    0x0800b6e0   0x0800b6e0   0x0000003c   Code   RO         7981    i.get_shoot_mode    modeswitch_task.o
    0x0800b71c   0x0800b71c   0x00000010   Code   RO         9100    i.get_upload_data   pc_tx_data.o
    0x0800b72c   0x0800b72c   0x00000030   Code   RO         7617    i.gimbal_is_controllable  detect_task.o
    0x0800b75c   0x0800b75c   0x00000054   Code   RO         8262    i.gimbal_operation_func  remote_ctrl.o
    0x0800b7b0   0x0800b7b0   0x000002d8   Code   RO         7695    i.gimbal_param_init  gimbal_task.o
    0x0800ba88   0x0800ba88   0x0000005c   Code   RO         8345    i.gimbal_speed_ctrl  keyboard.o
    0x0800bae4   0x0800bae4   0x0000084c   Code   RO         7696    i.gimbal_task       gimbal_task.o
    0x0800c330   0x0800c330   0x000000cc   Code   RO         7810    i.imu_cali_slove    imu_task.o
    0x0800c3fc   0x0800c3fc   0x0000020c   Code   RO         7811    i.imu_task          imu_task.o
    0x0800c608   0x0800c608   0x00000010   Code   RO          456    i.inHandlerMode     stm32_tim_base.o
    0x0800c618   0x0800c618   0x000000d0   Code   RO         7884    i.info_get_task     info_get_task.o
    0x0800c6e8   0x0800c6e8   0x00000028   Code   RO         7697    i.initFeedforwardParam  gimbal_task.o
    0x0800c710   0x0800c710   0x0000008c   Code   RO         7698    i.init_mode_handler  gimbal_task.o
    0x0800c79c   0x0800c79c   0x00000054   Code   RO         7937    i.judge_rx_task     judge_task.o
    0x0800c7f0   0x0800c7f0   0x000000b0   Code   RO         7938    i.judge_tx_task     judge_task.o
    0x0800c8a0   0x0800c8a0   0x00000afc   Code   RO         8993    i.judgement_client_graphics_draw_pack  judge_tx_data.o
    0x0800d39c   0x0800d39c   0x0000023c   Code   RO         8950    i.judgement_data_handler  judge_rx_data.o
    0x0800d5d8   0x0800d5d8   0x0000006c   Code   RO         8951    i.judgement_rx_param_init  judge_rx_data.o
    0x0800d644   0x0800d644   0x0000002c   Code   RO         8995    i.judgement_tx_param_init  judge_tx_data.o
    0x0800d670   0x0800d670   0x000000e0   Code   RO         8197    i.kalman_filter_init  kalman_filter.o
    0x0800d750   0x0800d750   0x00000020   Code   RO         8263    i.kb_enable_hook    remote_ctrl.o
    0x0800d770   0x0800d770   0x0000001c   Code   RO         8346    i.kb_shoot_spd_ctrl  keyboard.o
    0x0800d78c   0x0800d78c   0x00000080   Code   RO         8347    i.keyboard_chassis_hook  keyboard.o
    0x0800d80c   0x0800d80c   0x00000048   Code   RO         8348    i.keyboard_gimbal_hook  keyboard.o
    0x0800d854   0x0800d854   0x00000070   Code   RO         8349    i.keyboard_global_hook  keyboard.o
    0x0800d8c4   0x0800d8c4   0x00000088   Code   RO         8350    i.keyboard_shoot_hook  keyboard.o
    0x0800d94c   0x0800d94c   0x000000b8   Code   RO            6    i.main              main.o
    0x0800da04   0x0800da04   0x00000270   Code   RO         7296    i.mecanum_calc      chassis_task.o
    0x0800dc74   0x0800dc74   0x00000108   Code   RO         7982    i.mode_switch_task  modeswitch_task.o
    0x0800dd7c   0x0800dd7c   0x00000064   Code   RO         7619    i.module_offline_detect  detect_task.o
    0x0800dde0   0x0800dde0   0x00000254   Code   RO         7699    i.nomarl_handler    gimbal_task.o
    0x0800e034   0x0800e034   0x00000014   Code   RO          457    i.osKernelSysTick   stm32_tim_base.o
    0x0800e048   0x0800e048   0x00000030   Code   RO         5984    i.pcTaskGetName     tasks.o
    0x0800e078   0x0800e078   0x00000040   Code   RO         9062    i.pc_data_handler   pc_rx_data.o
    0x0800e0b8   0x0800e0b8   0x00000048   Code   RO         9063    i.pc_rx_param_init  pc_rx_data.o
    0x0800e100   0x0800e100   0x00000084   Code   RO         8060    i.pc_rx_task        pc_task.o
    0x0800e184   0x0800e184   0x00000018   Code   RO         9101    i.pc_send_data_packet_pack  pc_tx_data.o
    0x0800e19c   0x0800e19c   0x0000002c   Code   RO         9102    i.pc_tx_param_init  pc_tx_data.o
    0x0800e1c8   0x0800e1c8   0x00000034   Code   RO         8061    i.pc_tx_task        pc_task.o
    0x0800e1fc   0x0800e1fc   0x00000128   Code   RO         8480    i.pid_calc          pid.o
    0x0800e324   0x0800e324   0x0000001a   Code   RO         8481    i.pid_init          pid.o
    0x0800e33e   0x0800e33e   0x00000002   PAD
    0x0800e340   0x0800e340   0x00000034   Code   RO         8482    i.pid_reset         pid.o
    0x0800e374   0x0800e374   0x00000070   Code   RO         8892    i.protocol_packet_pack  data_packet.o
    0x0800e3e4   0x0800e3e4   0x00000098   Code   RO         5985    i.prvAddCurrentTaskToDelayedList  tasks.o
    0x0800e47c   0x0800e47c   0x000000b8   Code   RO         5986    i.prvAddNewTaskToReadyList  tasks.o
    0x0800e534   0x0800e534   0x00000064   Code   RO         6351    i.prvCheckForValidListAndQueue  timers.o
    0x0800e598   0x0800e598   0x00000064   Code   RO         5987    i.prvCheckTasksWaitingTermination  tasks.o
    0x0800e5fc   0x0800e5fc   0x0000002a   Code   RO         5740    i.prvCopyDataFromQueue  queue.o
    0x0800e626   0x0800e626   0x0000007c   Code   RO         5741    i.prvCopyDataToQueue  queue.o
    0x0800e6a2   0x0800e6a2   0x00000012   Code   RO         5988    i.prvDeleteTCB      tasks.o
    0x0800e6b4   0x0800e6b4   0x00000028   Code   RO         6352    i.prvGetNextExpireTime  timers.o
    0x0800e6dc   0x0800e6dc   0x0000007c   Code   RO         6493    i.prvHeapInit       heap_4.o
    0x0800e758   0x0800e758   0x00000028   Code   RO         5989    i.prvIdleTask       tasks.o
    0x0800e780   0x0800e780   0x0000001c   Code   RO         5742    i.prvInitialiseMutex  queue.o
    0x0800e79c   0x0800e79c   0x0000002e   Code   RO         5743    i.prvInitialiseNewQueue  queue.o
    0x0800e7ca   0x0800e7ca   0x000000b6   Code   RO         5990    i.prvInitialiseNewTask  tasks.o
    0x0800e880   0x0800e880   0x00000068   Code   RO         5991    i.prvInitialiseTaskLists  tasks.o
    0x0800e8e8   0x0800e8e8   0x00000068   Code   RO         6494    i.prvInsertBlockIntoFreeList  heap_4.o
    0x0800e950   0x0800e950   0x00000058   Code   RO         6354    i.prvInsertTimerInActiveList  timers.o
    0x0800e9a8   0x0800e9a8   0x0000001a   Code   RO         5744    i.prvIsQueueEmpty   queue.o
    0x0800e9c2   0x0800e9c2   0x0000001e   Code   RO         5745    i.prvIsQueueFull    queue.o
    0x0800e9e0   0x0800e9e0   0x00000090   Code   RO         5746    i.prvNotifyQueueSetContainer  queue.o
    0x0800ea70   0x0800ea70   0x00000064   Code   RO         6355    i.prvProcessExpiredTimer  timers.o
    0x0800ead4   0x0800ead4   0x000000f8   Code   RO         6356    i.prvProcessReceivedCommands  timers.o
    0x0800ebcc   0x0800ebcc   0x00000074   Code   RO         6357    i.prvProcessTimerOrBlockTask  timers.o
    0x0800ec40   0x0800ec40   0x00000034   Code   RO         5993    i.prvResetNextTaskUnblockTime  tasks.o
    0x0800ec74   0x0800ec74   0x0000002c   Code   RO         6358    i.prvSampleTimeNow  timers.o
    0x0800eca0   0x0800eca0   0x0000009e   Code   RO         5994    i.prvSearchForNameWithinSingleList  tasks.o
    0x0800ed3e   0x0800ed3e   0x00000002   PAD
    0x0800ed40   0x0800ed40   0x000000a0   Code   RO         6359    i.prvSwitchTimerLists  timers.o
    0x0800ede0   0x0800ede0   0x00000016   Code   RO         5995    i.prvTaskCheckFreeStackSpace  tasks.o
    0x0800edf6   0x0800edf6   0x00000002   PAD
    0x0800edf8   0x0800edf8   0x00000040   Code   RO         6555    i.prvTaskExitError  port.o
    0x0800ee38   0x0800ee38   0x0000001a   Code   RO         6360    i.prvTimerTask      timers.o
    0x0800ee52   0x0800ee52   0x00000092   Code   RO         5747    i.prvUnlockQueue    queue.o
    0x0800eee4   0x0800eee4   0x0000013c   Code   RO         6495    i.pvPortMalloc      heap_4.o
    0x0800f020   0x0800f020   0x00000020   Code   RO         5997    i.pvTaskIncrementMutexHeldCount  tasks.o
    0x0800f040   0x0800f040   0x0000002c   Code   RO         6556    i.pxPortInitialiseStack  port.o
    0x0800f06c   0x0800f06c   0x00000084   Code   RO        10558    i.quat_normalization  AHRS.lib(ahrs.o)
    0x0800f0f0   0x0800f0f0   0x00000014   Code   RO         8447    i.ramp_init         ramp.o
    0x0800f104   0x0800f104   0x00000028   Code   RO         8264    i.rc_ball_storage_ctrl  remote_ctrl.o
    0x0800f12c   0x0800f12c   0x00000024   Code   RO         8265    i.rc_fric_ctrl      remote_ctrl.o
    0x0800f150   0x0800f150   0x0000007c   Code   RO         8266    i.rc_shoot_cmd      remote_ctrl.o
    0x0800f1cc   0x0800f1cc   0x00000210   Code   RO         8267    i.remote_ctrl       remote_ctrl.o
    0x0800f3dc   0x0800f3dc   0x00000020   Code   RO         8268    i.remote_ctrl_chassis_hook  remote_ctrl.o
    0x0800f3fc   0x0800f3fc   0x00000018   Code   RO         8269    i.remote_ctrl_gimbal_hook  remote_ctrl.o
    0x0800f414   0x0800f414   0x000000ec   Code   RO         8270    i.remote_ctrl_shoot_hook  remote_ctrl.o
    0x0800f500   0x0800f500   0x00000040   Code   RO         7983    i.remote_get_bit    modeswitch_task.o
    0x0800f540   0x0800f540   0x00000034   Code   RO         7700    i.remote_is_action  gimbal_task.o
    0x0800f574   0x0800f574   0x00000038   Code   RO         7033    i.send_cap_power_can  bsp_can.o
    0x0800f5ac   0x0800f5ac   0x00000064   Code   RO         7034    i.send_chassis_cur  bsp_can.o
    0x0800f610   0x0800f610   0x00000050   Code   RO         7035    i.send_fric_cur     bsp_can.o
    0x0800f660   0x0800f660   0x00000054   Code   RO         7036    i.send_gimbal_cur   bsp_can.o
    0x0800f6b4   0x0800f6b4   0x00000050   Code   RO         8893    i.send_packed_fifo_data  data_packet.o
    0x0800f704   0x0800f704   0x00000150   Code   RO         7701    i.shoot_buff_ctrl_handler  gimbal_task.o
    0x0800f854   0x0800f854   0x0000054c   Code   RO         8107    i.shoot_bullet_handler  shoot_task.o
    0x0800fda0   0x0800fda0   0x00000028   Code   RO         8351    i.shoot_cmd_ctrl    keyboard.o
    0x0800fdc8   0x0800fdc8   0x00000138   Code   RO         8108    i.shoot_param_init  shoot_task.o
    0x0800ff00   0x0800ff00   0x00000018   Code   RO         8352    i.shoot_storage_ctrl  keyboard.o
    0x0800ff18   0x0800ff18   0x00000384   Code   RO         8109    i.shoot_task        shoot_task.o
    0x0801029c   0x0801029c   0x0000000e   Code   RO         8353    i.sofe_reset        keyboard.o
    0x080102aa   0x080102aa   0x0000003e   Code   RO        10790    i.sqrtf             m_wm.l(sqrtf_full.o)
    0x080102e8   0x080102e8   0x0000021c   Code   RO          515    i.start_task        start_tack.o
    0x08010504   0x08010504   0x00000310   Code   RO         7703    i.track_aimor_handler  gimbal_task.o
    0x08010814   0x08010814   0x00000162   Code   RO         8894    i.unpack_fifo_data  data_packet.o
    0x08010976   0x08010976   0x0000007a   Code   RO        10559    i.update_w          AHRS.lib(ahrs.o)
    0x080109f0   0x080109f0   0x00000020   Code   RO         8895    i.usart_send_data   data_packet.o
    0x08010a10   0x08010a10   0x000000b0   Code   RO         9578    i.usbd_cdc_DataIn   usbd_cdc_core.o
    0x08010ac0   0x08010ac0   0x00000038   Code   RO         9579    i.usbd_cdc_DataOut  usbd_cdc_core.o
    0x08010af8   0x08010af8   0x0000002c   Code   RO         9580    i.usbd_cdc_DeInit   usbd_cdc_core.o
    0x08010b24   0x08010b24   0x00000038   Code   RO         9581    i.usbd_cdc_EP0_RxReady  usbd_cdc_core.o
    0x08010b5c   0x08010b5c   0x00000058   Code   RO         9582    i.usbd_cdc_Init     usbd_cdc_core.o
    0x08010bb4   0x08010bb4   0x00000028   Code   RO         9583    i.usbd_cdc_SOF      usbd_cdc_core.o
    0x08010bdc   0x08010bdc   0x000000c4   Code   RO         9584    i.usbd_cdc_Setup    usbd_cdc_core.o
    0x08010ca0   0x08010ca0   0x00000028   Code   RO         5691    i.uxListRemove      list.o
    0x08010cc8   0x08010cc8   0x00000028   Code   RO         6000    i.uxTaskGetStackHighWaterMark  tasks.o
    0x08010cf0   0x08010cf0   0x0000001a   Code   RO         5692    i.vListInitialise   list.o
    0x08010d0a   0x08010d0a   0x00000006   Code   RO         5693    i.vListInitialiseItem  list.o
    0x08010d10   0x08010d10   0x00000034   Code   RO         5694    i.vListInsert       list.o
    0x08010d44   0x08010d44   0x00000018   Code   RO         5695    i.vListInsertEnd    list.o
    0x08010d5c   0x08010d5c   0x00000054   Code   RO         6558    i.vPortEnterCritical  port.o
    0x08010db0   0x08010db0   0x0000003c   Code   RO         6559    i.vPortExitCritical  port.o
    0x08010dec   0x08010dec   0x00000094   Code   RO         6496    i.vPortFree         heap_4.o
    0x08010e80   0x08010e80   0x00000020   Code   RO         6560    i.vPortSetupTimerInterrupt  port.o
    0x08010ea0   0x08010ea0   0x00000078   Code   RO         6561    i.vPortValidateInterruptPriority  port.o
    0x08010f18   0x08010f18   0x0000002c   Code   RO         5753    i.vQueueAddToRegistry  queue.o
    0x08010f44   0x08010f44   0x0000004a   Code   RO         5757    i.vQueueWaitForMessageRestricted  queue.o
    0x08010f8e   0x08010f8e   0x00000002   PAD
    0x08010f90   0x08010f90   0x000000d4   Code   RO         6007    i.vTaskDelayUntil   tasks.o
    0x08011064   0x08011064   0x000000f4   Code   RO         6008    i.vTaskDelete       tasks.o
    0x08011158   0x08011158   0x0000000c   Code   RO         6011    i.vTaskMissedYield  tasks.o
    0x08011164   0x08011164   0x000000f0   Code   RO         6012    i.vTaskNotifyGiveFromISR  tasks.o
    0x08011254   0x08011254   0x00000038   Code   RO         6013    i.vTaskPlaceOnEventList  tasks.o
    0x0801128c   0x0801128c   0x00000040   Code   RO         6014    i.vTaskPlaceOnEventListRestricted  tasks.o
    0x080112cc   0x080112cc   0x000000b0   Code   RO         6016    i.vTaskPriorityInherit  tasks.o
    0x0801137c   0x0801137c   0x00000030   Code   RO         6020    i.vTaskSetTimeOutState  tasks.o
    0x080113ac   0x080113ac   0x0000009c   Code   RO         6021    i.vTaskStartScheduler  tasks.o
    0x08011448   0x08011448   0x00000010   Code   RO         6023    i.vTaskSuspendAll   tasks.o
    0x08011458   0x08011458   0x000000c4   Code   RO         6024    i.vTaskSwitchContext  tasks.o
    0x0801151c   0x0801151c   0x00000040   Code   RO         8735    i.verify_crc16_check_sum  protocol.o
    0x0801155c   0x0801155c   0x00000030   Code   RO         8736    i.verify_crc8_check_sum  protocol.o
    0x0801158c   0x0801158c   0x0000013c   Code   RO         6562    i.xPortStartScheduler  port.o
    0x080116c8   0x080116c8   0x00000034   Code   RO         6563    i.xPortSysTickHandler  port.o
    0x080116fc   0x080116fc   0x00000022   Code   RO         5760    i.xQueueCreateMutex  queue.o
    0x0801171e   0x0801171e   0x00000058   Code   RO         5762    i.xQueueGenericCreate  queue.o
    0x08011776   0x08011776   0x00000002   PAD
    0x08011778   0x08011778   0x000001c4   Code   RO         5763    i.xQueueGenericReceive  queue.o
    0x0801193c   0x0801193c   0x00000098   Code   RO         5764    i.xQueueGenericReset  queue.o
    0x080119d4   0x080119d4   0x000001c8   Code   RO         5765    i.xQueueGenericSend  queue.o
    0x08011b9c   0x08011b9c   0x00000108   Code   RO         5766    i.xQueueGenericSendFromISR  queue.o
    0x08011ca4   0x08011ca4   0x0000008c   Code   RO         6025    i.xTaskCheckForTimeOut  tasks.o
    0x08011d30   0x08011d30   0x00000060   Code   RO         6026    i.xTaskCreate       tasks.o
    0x08011d90   0x08011d90   0x00000104   Code   RO         6027    i.xTaskGenericNotify  tasks.o
    0x08011e94   0x08011e94   0x00000144   Code   RO         6028    i.xTaskGenericNotifyFromISR  tasks.o
    0x08011fd8   0x08011fd8   0x000000a4   Code   RO         6030    i.xTaskGetHandle    tasks.o
    0x0801207c   0x0801207c   0x00000020   Code   RO         6031    i.xTaskGetSchedulerState  tasks.o
    0x0801209c   0x0801209c   0x0000000c   Code   RO         6032    i.xTaskGetTickCount  tasks.o
    0x080120a8   0x080120a8   0x00000014   Code   RO         6033    i.xTaskGetTickCountFromISR  tasks.o
    0x080120bc   0x080120bc   0x00000148   Code   RO         6034    i.xTaskIncrementTick  tasks.o
    0x08012204   0x08012204   0x000000a0   Code   RO         6036    i.xTaskNotifyWait   tasks.o
    0x080122a4   0x080122a4   0x000000c8   Code   RO         6037    i.xTaskPriorityDisinherit  tasks.o
    0x0801236c   0x0801236c   0x00000098   Code   RO         6038    i.xTaskRemoveFromEventList  tasks.o
    0x08012404   0x08012404   0x00000104   Code   RO         6040    i.xTaskResumeAll    tasks.o
    0x08012508   0x08012508   0x00000054   Code   RO         6364    i.xTimerCreateTimerTask  timers.o
    0x0801255c   0x0801255c   0x00000084   Code   RO         6365    i.xTimerGenericCommand  timers.o
    0x080125e0   0x080125e0   0x00000018   Data   RO         7705    .constdata          gimbal_task.o
    0x080125f8   0x080125f8   0x0000000c   Data   RO         7814    .constdata          imu_task.o
    0x08012604   0x08012604   0x00000302   Data   RO         8737    .constdata          protocol.o
    0x08012906   0x08012906   0x00000002   PAD
    0x08012908   0x08012908   0x0000000c   Data   RO        10560    .constdata          AHRS.lib(ahrs.o)
    0x08012914   0x08012914   0x00000804   Data   RO        10693    .constdata          arm_cortexM4lf_math.lib(arm_common_tables.o)
    0x08013118   0x08013118   0x00000020   Data   RO        10944    Region$$Table       anon$$obj.o


    Execution Region RW_IRAM1 (Exec base: 0x20000000, Load base: 0x08013138, Size: 0x0001f6f0, Max: 0x00020000, ABSOLUTE, COMPRESSED[0x00000260])

    Exec Addr    Load Addr    Size         Type   Attr      Idx    E Section Name        Object

    0x20000000   COMPRESSED   0x00000014   Data   RW          414    .data               system_stm32f4xx.o
    0x20000014   COMPRESSED   0x00000004   Data   RW          458    .data               stm32_tim_base.o
    0x20000018   COMPRESSED   0x00000034   Data   RW          516    .data               start_tack.o
    0x2000004c   COMPRESSED   0x00000056   Data   RW          604    .data               usbd_desc.o
    0x200000a2   COMPRESSED   0x00000002   PAD
    0x200000a4   COMPRESSED   0x0000001c   Data   RW          686    .data               usbd_usr.o
    0x200000c0   COMPRESSED   0x00000010   Data   RW         3412    .data               stm32f4xx_rcc.o
    0x200000d0   COMPRESSED   0x00000044   Data   RW         6043    .data               tasks.o
    0x20000114   COMPRESSED   0x00000014   Data   RW         6371    .data               timers.o
    0x20000128   COMPRESSED   0x00000018   Data   RW         6501    .data               heap_4.o
    0x20000140   COMPRESSED   0x0000000c   Data   RW         6564    .data               port.o
    0x2000014c   COMPRESSED   0x00000004   Data   RW         6646    .data               delay.o
    0x20000150   COMPRESSED   0x00000002   Data   RW         6834    .data               rc.o
    0x20000152   COMPRESSED   0x00000002   PAD
    0x20000154   COMPRESSED   0x00000022   Data   RW         7038    .data               bsp_can.o
    0x20000176   COMPRESSED   0x00000002   PAD
    0x20000178   COMPRESSED   0x00000010   Data   RW         7159    .data               bsp_dwt.o
    0x20000188   COMPRESSED   0x00000024   Data   RW         7230    .data               bsp_usb.o
    0x200001ac   COMPRESSED   0x000000dc   Data   RW         7298    .data               chassis_task.o
    0x20000288   COMPRESSED   0x00000004   Data   RW         7572    .data               comm_task.o
    0x2000028c   COMPRESSED   0x00000008   Data   RW         7622    .data               detect_task.o
    0x20000294   COMPRESSED   0x000001d9   Data   RW         7706    .data               gimbal_task.o
    0x2000046d   COMPRESSED   0x00000003   PAD
    0x20000470   COMPRESSED   0x0000008c   Data   RW         7815    .data               imu_task.o
    0x200004fc   COMPRESSED   0x00000018   Data   RW         7885    .data               info_get_task.o
    0x20000514   COMPRESSED   0x0000007a   Data   RW         7939    .data               judge_task.o
    0x2000058e   COMPRESSED   0x00000002   PAD
    0x20000590   COMPRESSED   0x00000040   Data   RW         7984    .data               modeswitch_task.o
    0x200005d0   COMPRESSED   0x00000030   Data   RW         8064    .data               pc_task.o
    0x20000600   COMPRESSED   0x0000008d   Data   RW         8111    .data               shoot_task.o
    0x2000068d   COMPRESSED   0x00000003   PAD
    0x20000690   COMPRESSED   0x00000010   Data   RW         8272    .data               remote_ctrl.o
    0x200006a0   COMPRESSED   0x00000008   Data   RW         8355    .data               keyboard.o
    0x200006a8   COMPRESSED   0x00000001   Data   RW         8608    .data               power_control.o
    0x200006a9   COMPRESSED   0x00000001   PAD
    0x200006aa   COMPRESSED   0x00000002   Data   RW         8738    .data               protocol.o
    0x200006ac   COMPRESSED   0x00000009   Data   RW         8897    .data               data_packet.o
    0x200006b5   COMPRESSED   0x00000003   PAD
    0x200006b8   COMPRESSED   0x00000008   Data   RW         8953    .data               judge_rx_data.o
    0x200006c0   COMPRESSED   0x00000064   Data   RW         8997    .data               judge_tx_data.o
    0x20000724   COMPRESSED   0x00000004   Data   RW         9065    .data               pc_rx_data.o
    0x20000728   COMPRESSED   0x00000010   Data   RW         9104    .data               pc_tx_data.o
    0x20000738   COMPRESSED   0x00000050   Data   RW         9173    .data               bmi088driver.o
    0x20000788   COMPRESSED   0x00000098   Data   RW         9586    .data               usbd_cdc_core.o
    0x20000820   COMPRESSED   0x00000034   Data   RW         9672    .data               usbd_core.o
    0x20000854   COMPRESSED   0x0000000d   Data   RW         9833    .data               usbd_req.o
    0x20000861   COMPRESSED   0x00000003   PAD
    0x20000864   COMPRESSED   0x00000010   Data   RW        10561    .data               AHRS.lib(ahrs.o)
    0x20000874   COMPRESSED   0x00000004   Data   RW        10929    .data               mc_w.l(errno.o)
    0x20000878        -       0x000005f4   Zero   RW            7    .bss                main.o
    0x20000e6c        -       0x00000040   Zero   RW          603    .bss                usbd_desc.o
    0x20000eac        -       0x00000040   Zero   RW         5777    .bss                queue.o
    0x20000eec        -       0x000002e4   Zero   RW         6042    .bss                tasks.o
    0x200011d0        -       0x00000028   Zero   RW         6370    .bss                timers.o
    0x200011f8        -       0x00019000   Zero   RW         6500    .bss                heap_4.o
    0x2001a1f8        -       0x00000010   Zero   RW         6767    .bss                usart.o
    0x2001a208        -       0x00000016   Zero   RW         6833    .bss                rc.o
    0x2001a21e        -       0x00000c9a   Zero   RW         6876    .bss                dma.o
    0x2001aeb8        -       0x00000250   Zero   RW         7037    .bss                bsp_can.o
    0x2001b108        -       0x0000000c   Zero   RW         7112    .bss                bsp_flash.o
    0x2001b114        -       0x00000040   Zero   RW         7229    .bss                bsp_usb.o
    0x2001b154        -       0x00000040   Zero   RW         7297    .bss                chassis_task.o
    0x2001b194        -       0x00000012   Zero   RW         7571    .bss                comm_task.o
    0x2001b1a6   COMPRESSED   0x00000002   PAD
    0x2001b1a8        -       0x000001e0   Zero   RW         7621    .bss                detect_task.o
    0x2001b388        -       0x000001b8   Zero   RW         7704    .bss                gimbal_task.o
    0x2001b540        -       0x000000c4   Zero   RW         7813    .bss                imu_task.o
    0x2001b604        -       0x0000002d   Zero   RW         8110    .bss                shoot_task.o
    0x2001b631   COMPRESSED   0x00000003   PAD
    0x2001b634        -       0x00000014   Zero   RW         8271    .bss                remote_ctrl.o
    0x2001b648        -       0x00000040   Zero   RW         8354    .bss                keyboard.o
    0x2001b688        -       0x00000880   Zero   RW         8483    .bss                pid.o
    0x2001bf08        -       0x00000077   Zero   RW         8896    .bss                data_packet.o
    0x2001bf7f   COMPRESSED   0x00000001   PAD
    0x2001bf80        -       0x0000041c   Zero   RW         8952    .bss                judge_rx_data.o
    0x2001c39c        -       0x00000578   Zero   RW         8996    .bss                judge_tx_data.o
    0x2001c914        -       0x00000309   Zero   RW         9064    .bss                pc_rx_data.o
    0x2001cc1d   COMPRESSED   0x00000003   PAD
    0x2001cc20        -       0x0000021d   Zero   RW         9103    .bss                pc_tx_data.o
    0x2001ce3d   COMPRESSED   0x00000003   PAD
    0x2001ce40        -       0x0000002c   Zero   RW         9171    .bss                bmi088driver.o
    0x2001ce6c        -       0x00000883   Zero   RW         9585    .bss                usbd_cdc_core.o
    0x2001d6ef   COMPRESSED   0x00000001   PAD
    0x2001d6f0        -       0x00002000   Zero   RW          746    STACK               startup_stm32f407xx.o


==============================================================================

Image component sizes


      Code (inc. data)   RO Data    RW Data    ZI Data      Debug   Object Name

       168          4          0          0          0       5540   ahrs_middleware.o
      1954         98          0         80         44      10499   bmi088driver.o
       176         26          0          0          0       5060   bmi088middleware.o
      1212        108          0         34        592       8323   bsp_can.o
       144         40          0         16          0       2217   bsp_dwt.o
       584        104          0          0         12       4652   bsp_flash.o
       288         30          0         36         64       4824   bsp_usb.o
       540         18          0          0          0       2036   can.o
      4088        424          0        220         64      38991   chassis_task.o
       184          8          0          4         18       3044   comm_task.o
       436          0          0          0          0       4001   data_fifo.o
       948         42          0          9        119       6354   data_packet.o
       212         16          0          4          0       1905   delay.o
       384         46          0          8        480       5890   detect_task.o
       448         46          0          0       3226       2741   dma.o
         0          0          0          0          0       9420   event_groups.o
      5290        558         24        473        440      14073   gimbal_task.o
       530         36          0          0          0       2411   gpio.o
       692         62          0         24     102400       4475   heap_4.o
       812        110         12        140        196       6332   imu_task.o
       576         98          0         24          0       4534   info_get_task.o
       680         64          0          8       1052       8032   judge_rx_data.o
       380         40          0        122          0       2868   judge_task.o
      8600        584          0        100       1400      13967   judge_tx_data.o
       336         16          0          0          0       3759   kalman_filter.o
      1122        156          0          8         64      36334   keyboard.o
       526          0          0          0          0       4796   ladrc.o
       148          0          0          0          0       3302   list.o
       228         26          0          0       1524     376041   main.o
       180         24          0          0          0       2129   misc.o
      1532        202          0         64          0       7125   modeswitch_task.o
       136         24          0          4        777       2951   pc_rx_data.o
       296         68          0         48          0       2398   pc_task.o
       448         48          0         16        541       4187   pc_tx_data.o
       620         30          0          0       2176       6653   pid.o
       954         92          0         12          0      11477   port.o
      1222         58          0          1          0       3681   power_control.o
       286         18        770          2          0       5046   protocol.o
      2150         22          0          0         64      15981   queue.o
        20          4          0          0          0        828   ramp.o
       260         26          0          2         22       1593   rc.o
      1320        118          0         16         20       8159   remote_ctrl.o
      2568        248          0        141         45       5744   shoot_task.o
       236         14          0          0          0        697   spi.o
       168          6          0          0          0       2727   st_usb_cdc.o
       584        296          0         52          0     248202   start_tack.o
        36          8        392          0       8192        840   startup_stm32f407xx.o
       208         22          0          4          0       5309   stm32_tim_base.o
      1566         16          0          0          0       6538   stm32f4xx_can.o
       584         40          0          0          0       6852   stm32f4xx_dma.o
       184         16          0          0          0       2136   stm32f4xx_exti.o
       434         46          0          0          0       5146   stm32f4xx_flash.o
       240          0          0          0          0       3591   stm32f4xx_gpio.o
        36          0          0          0          0       3299   stm32f4xx_it.o
       424         54          0         16          0       6514   stm32f4xx_rcc.o
        84          0          0          0          0       1765   stm32f4xx_spi.o
        64          4          0          0          0        668   stm32f4xx_syscfg.o
       798         58          0          0          0       9580   stm32f4xx_tim.o
       736         42          0          0          0       7574   stm32f4xx_usart.o
       340         32          0         20          0       1863   system_stm32f4xx.o
      4700        542          0         68        740      33162   tasks.o
       212         10          0          0          0        814   tim.o
      1138        116          0         20         40      17479   timers.o
       692         40          0          0         16       2407   usart.o
      3426         18          0          0          0      22732   usb_core.o
       666          0          0          0          0       6436   usb_dcd.o
      2240         98          0          0          0      10447   usb_dcd_int.o
       892        110          0        152       2179       9746   usbd_cdc_core.o
       784          6          0         52          0      11368   usbd_core.o
       410        146          0         86         64       6843   usbd_desc.o
       224          0          0          0          0       4908   usbd_ioreq.o
      1756         56          0         13          0      11382   usbd_req.o
       292        242          0         28          0       3781   usbd_usr.o

    ----------------------------------------------------------------------
     67886       5780       1232       2148     126584    1129179   Object Totals
         0          0         32          0          0          0   (incl. Generated)
        54          0          2         21         13          0   (incl. Padding)

    ----------------------------------------------------------------------

      Code (inc. data)   RO Data    RW Data    ZI Data      Debug   Library Member Name

      2718         84         12         16          0       9922   ahrs.o
         0          0       2052          0          0       4636   arm_common_tables.o
       120         12          0          0          0      16970   arm_cos_f32.o
         8          0          0          0          0        843   arm_mat_init_f32.o
       276          0          0          0          0       1516   arm_mat_trans_f32.o
       116         12          0          0          0        658   arm_sin_f32.o
       300         42          0          0          0        176   asinf.o
       684         90          0          0          0        208   atan2f.o
        32          8          0          0          0        124   dunder.o
        20          0          0          0          0        124   fabs.o
       260          6          0          0          0        144   fmod.o
        38          0          0          0          0        116   fpclassifyf.o
        44         12          0          0          0        464   funder.o
       122          0          0          0          0        148   sqrt_full.o
       120          0          0          0          0        272   sqrtf_full.o
        86          0          0          0          0          0   __dczerorl2.o
         0          0          0          0          0          0   entry.o
         0          0          0          0          0          0   entry10a.o
         0          0          0          0          0          0   entry11a.o
         4          0          0          0          0          0   entry12b.o
         8          4          0          0          0          0   entry2.o
         4          0          0          0          0          0   entry5.o
         0          0          0          0          0          0   entry7b.o
         0          0          0          0          0          0   entry8b.o
         8          4          0          0          0          0   entry9a.o
        12          6          0          4          0         68   errno.o
        30          0          0          0          0          0   handlers.o
        36          8          0          0          0         68   init.o
         0          0          0          0          0          0   iusefp.o
        30          0          0          0          0         68   llshl.o
        36          0          0          0          0         68   llsshr.o
        32          0          0          0          0         68   llushr.o
        36          0          0          0          0         68   memcpya.o
        36          0          0          0          0        108   memseta.o
        18          0          0          0          0         68   strcpy.o
        14          0          0          0          0         68   strlen.o
        48          0          0          0          0         68   cdcmple.o
        56          0          0          0          0         88   d2f.o
       334          0          0          0          0        148   dadd.o
       222          0          0          0          0        100   ddiv.o
       186          0          0          0          0        176   depilogue.o
        62          0          0          0          0         80   dfixi.o
        50          0          0          0          0         76   dfixui.o
        34          0          0          0          0         76   dflti.o
        26          0          0          0          0         76   dfltui.o
       228          0          0          0          0         96   dmul.o
       134          0          0          0          0         96   drem.o
       162          0          0          0          0        100   dsqrt.o
        38          0          0          0          0         68   f2d.o
       110          0          0          0          0        168   fepilogue.o

    ----------------------------------------------------------------------
      6954        288       2064         20          0      38389   Library Totals
        16          0          0          0          0          0   (incl. Padding)

    ----------------------------------------------------------------------

      Code (inc. data)   RO Data    RW Data    ZI Data      Debug   Library Name

      2718         84         12         16          0       9922   AHRS.lib
       520         24       2052          0          0      24623   arm_cortexM4lf_math.lib
      1620        158          0          0          0       1776   m_wm.l
       390         22          0          4          0        652   mc_w.l
      1690          0          0          0          0       1416   mf_w.l

    ----------------------------------------------------------------------
      6954        288       2064         20          0      38389   Library Totals

    ----------------------------------------------------------------------

==============================================================================


      Code (inc. data)   RO Data    RW Data    ZI Data      Debug   

     74840       6068       3296       2168     126584    1118712   Grand Totals
     74840       6068       3296        608     126584    1118712   ELF Image Totals (compressed)
     74840       6068       3296        608          0          0   ROM Totals

==============================================================================

    Total RO  Size (Code + RO Data)                78136 (  76.30kB)
    Total RW  Size (RW Data + ZI Data)            128752 ( 125.73kB)
    Total ROM Size (Code + RO Data + RW Data)      78744 (  76.90kB)

==============================================================================

