Component: ARM Compiler 5.06 update 7 (build 960) Tool: armlink [4d3601]

==============================================================================

Section Cross References

    main.o(i.Config_SystemClock) refers to stm32f4xx_rcc.o(i.RCC_DeInit) for RCC_DeInit
    main.o(i.Config_SystemClock) refers to stm32f4xx_rcc.o(i.RCC_HSEConfig) for RCC_HSEConfig
    main.o(i.Config_SystemClock) refers to stm32f4xx_rcc.o(i.RCC_HSICmd) for RCC_HSICmd
    main.o(i.Config_SystemClock) refers to stm32f4xx_rcc.o(i.RCC_WaitForHSEStartUp) for RCC_WaitForHSEStartUp
    main.o(i.Config_SystemClock) refers to stm32f4xx_rcc.o(i.RCC_ClockSecuritySystemCmd) for RCC_ClockSecuritySystemCmd
    main.o(i.Config_SystemClock) refers to stm32f4xx_rcc.o(i.RCC_PLLConfig) for RCC_PLLConfig
    main.o(i.Config_SystemClock) refers to stm32f4xx_rcc.o(i.RCC_PLLCmd) for RCC_PLLCmd
    main.o(i.Config_SystemClock) refers to stm32f4xx_rcc.o(i.RCC_HCLKConfig) for RCC_HCLKConfig
    main.o(i.Config_SystemClock) refers to stm32f4xx_rcc.o(i.RCC_PCLK1Config) for RCC_PCLK1Config
    main.o(i.Config_SystemClock) refers to stm32f4xx_rcc.o(i.RCC_PCLK2Config) for RCC_PCLK2Config
    main.o(i.Config_SystemClock) refers to stm32f4xx_rcc.o(i.RCC_GetFlagStatus) for RCC_GetFlagStatus
    main.o(i.Config_SystemClock) refers to stm32f4xx_rcc.o(i.RCC_SYSCLKConfig) for RCC_SYSCLKConfig
    main.o(i.flash_cali) refers to bsp_flash.o(i.BSP_FLASH_READ) for BSP_FLASH_READ
    main.o(i.flash_cali) refers to bsp_flash.o(.bss) for cali_param
    main.o(i.flash_cali) refers to gimbal_task.o(.bss) for gimbal
    main.o(i.main) refers to delay.o(i.SysTick_Init) for SysTick_Init
    main.o(i.main) refers to misc.o(i.NVIC_PriorityGroupConfig) for NVIC_PriorityGroupConfig
    main.o(i.main) refers to usbd_core.o(i.USBD_Init) for USBD_Init
    main.o(i.main) refers to stm32_tim_base.o(i.TIM_BASE_Init) for TIM_BASE_Init
    main.o(i.main) refers to gpio.o(i.GPIO_INIT) for GPIO_INIT
    main.o(i.main) refers to tim.o(i.TIM8_DEVICE) for TIM8_DEVICE
    main.o(i.main) refers to can.o(i.CAN1_DEVICE) for CAN1_DEVICE
    main.o(i.main) refers to can.o(i.CAN2_DEVICE) for CAN2_DEVICE
    main.o(i.main) refers to usart.o(i.USART3_DEVICE) for USART3_DEVICE
    main.o(i.main) refers to usart.o(i.USART1_DEVICE) for USART1_DEVICE
    main.o(i.main) refers to usart.o(i.USART6_DEVICE) for USART6_DEVICE
    main.o(i.main) refers to spi.o(i.SPI_DEVICE) for SPI_DEVICE
    main.o(i.main) refers to gimbal_task.o(i.gimbal_param_init) for gimbal_param_init
    main.o(i.main) refers to chassis_task.o(i.chassis_param_init) for chassis_param_init
    main.o(i.main) refers to shoot_task.o(i.shoot_param_init) for shoot_param_init
    main.o(i.main) refers to detect_task.o(i.detect_param_init) for detect_param_init
    main.o(i.main) refers to judge_rx_data.o(i.judgement_rx_param_init) for judgement_rx_param_init
    main.o(i.main) refers to judge_tx_data.o(i.judgement_tx_param_init) for judgement_tx_param_init
    main.o(i.main) refers to pc_rx_data.o(i.pc_rx_param_init) for pc_rx_param_init
    main.o(i.main) refers to pc_tx_data.o(i.pc_tx_param_init) for pc_tx_param_init
    main.o(i.main) refers to bsp_dwt.o(i.DWT_Init) for DWT_Init
    main.o(i.main) refers to main.o(i.flash_cali) for flash_cali
    main.o(i.main) refers to bmi088driver.o(i.BMI088_init) for BMI088_init
    main.o(i.main) refers to start_tack.o(i.TASK_START) for TASK_START
    main.o(i.main) refers to tasks.o(i.vTaskStartScheduler) for vTaskStartScheduler
    main.o(i.main) refers to usbd_usr.o(.data) for USR_cb
    main.o(i.main) refers to usbd_cdc_core.o(.data) for USBD_CDC_cb
    main.o(i.main) refers to usbd_desc.o(.data) for USR_desc
    main.o(i.main) refers to main.o(.bss) for USB_OTG_dev
    stm32f4xx_it.o(i.SysTick_Handler) refers to tasks.o(i.xTaskGetSchedulerState) for xTaskGetSchedulerState
    stm32f4xx_it.o(i.SysTick_Handler) refers to port.o(i.xPortSysTickHandler) for xPortSysTickHandler
    system_stm32f4xx.o(i.SystemCoreClockUpdate) refers to system_stm32f4xx.o(.data) for SystemCoreClock
    system_stm32f4xx.o(i.SystemInit) refers to system_stm32f4xx.o(i.SetSysClock) for SetSysClock
    stm32_tim_base.o(i.HAL_GetTick) refers to stm32_tim_base.o(.data) for uwTick
    stm32_tim_base.o(i.HAL_IncTick) refers to stm32_tim_base.o(.data) for uwTick
    stm32_tim_base.o(i.TIM4_IRQHandler) refers to stm32f4xx_tim.o(i.TIM_GetITStatus) for TIM_GetITStatus
    stm32_tim_base.o(i.TIM4_IRQHandler) refers to stm32_tim_base.o(i.HAL_IncTick) for HAL_IncTick
    stm32_tim_base.o(i.TIM4_IRQHandler) refers to stm32f4xx_tim.o(i.TIM_ClearITPendingBit) for TIM_ClearITPendingBit
    stm32_tim_base.o(i.TIM_BASE_Init) refers to stm32f4xx_rcc.o(i.RCC_APB1PeriphClockCmd) for RCC_APB1PeriphClockCmd
    stm32_tim_base.o(i.TIM_BASE_Init) refers to stm32f4xx_tim.o(i.TIM_TimeBaseInit) for TIM_TimeBaseInit
    stm32_tim_base.o(i.TIM_BASE_Init) refers to stm32f4xx_tim.o(i.TIM_ITConfig) for TIM_ITConfig
[...]
    single_shoot_angle                       0x2000070c   Data           4  shoot_task.o(.data)
    single_time                              0x20000710   Data           2  shoot_task.o(.data)
    continue_time                            0x20000712   Data           2  shoot_task.o(.data)
    surplus_heat                             0x20000714   Data           4  shoot_task.o(.data)
    extra_time                               0x20000718   Data           4  shoot_task.o(.data)
    shoot_delay                              0x2000071c   Data           4  shoot_task.o(.data)
    switch_freq                              0x20000720   Data           1  shoot_task.o(.data)
    glb_sw                                   0x20000724   Data           4  remote_ctrl.o(.data)
    mouse_x_now                              0x20000728   Data           2  remote_ctrl.o(.data)
    mouse_x_last                             0x2000072a   Data           2  remote_ctrl.o(.data)
    deviation                                0x2000072c   Data           2  remote_ctrl.o(.data)
    num                                      0x20000730   Data           4  remote_ctrl.o(.data)
    yaw_speed                                0x20000734   Data           4  keyboard.o(.data)
    cap_state                                0x2000073c   Data           1  power_control.o(.data)
    Charge_factor                            0x20000740   Data           4  power_control.o(.data)
    CRC_INIT                                 0x20000744   Data           2  protocol.o(.data)
    dma_write_len                            0x20000748   Data           4  data_packet.o(.data)
    fifo_overflow                            0x2000074c   Data           4  data_packet.o(.data)
    interover_data_overflow                  0x20000758   Data           1  judge_rx_data.o(.data)
    CMD_ID                                   0x2000075a   Data           2  judge_rx_data.o(.data)
    debug_start_angle                        0x20000760   Data           4  judge_tx_data.o(.data)
    debug_end_angle                          0x20000764   Data           4  judge_tx_data.o(.data)
    debug_width                              0x20000768   Data           4  judge_tx_data.o(.data)
    debug_start_x                            0x2000076c   Data           4  judge_tx_data.o(.data)
    debug_start_y                            0x20000770   Data           4  judge_tx_data.o(.data)
    debug_radius                             0x20000774   Data           4  judge_tx_data.o(.data)
    debug_end_x                              0x20000778   Data           4  judge_tx_data.o(.data)
    debug_end_y                              0x2000077c   Data           4  judge_tx_data.o(.data)
    cha                                      0x20000780   Data           4  judge_tx_data.o(.data)
    last_chassis                             0x20000784   Data           4  judge_tx_data.o(.data)
    gim                                      0x20000788   Data           4  judge_tx_data.o(.data)
    last_gimbal                              0x2000078c   Data           4  judge_tx_data.o(.data)
    sho                                      0x20000790   Data           4  judge_tx_data.o(.data)
    last_shoot                               0x20000794   Data           4  judge_tx_data.o(.data)
    view                                     0x20000798   Data           4  judge_tx_data.o(.data)
    last_view                                0x2000079c   Data           4  judge_tx_data.o(.data)
    c                                        0x200007a0   Data           4  judge_tx_data.o(.data)
    g                                        0x200007a4   Data           4  judge_tx_data.o(.data)
    s                                        0x200007a8   Data           4  judge_tx_data.o(.data)
    v                                        0x200007ac   Data           4  judge_tx_data.o(.data)
    Line_mask                                0x200007b0   Data           1  judge_tx_data.o(.data)
    text_mask                                0x200007b1   Data           1  judge_tx_data.o(.data)
    Chassis_mask                             0x200007b2   Data           1  judge_tx_data.o(.data)
    Gimbal_mask                              0x200007b3   Data           1  judge_tx_data.o(.data)
    Shoot_mask                               0x200007b4   Data           1  judge_tx_data.o(.data)
    view_mask                                0x200007b5   Data           1  judge_tx_data.o(.data)
    Idle_mask                                0x200007b6   Data           1  judge_tx_data.o(.data)
    pc_tx_packet_id                          0x200007c4   Data           1  pc_tx_data.o(.data)
    count_cali_count                         0x200007c8   Data           4  pc_tx_data.o(.data)
    BMI088_ACCEL_SEN                         0x200007d0   Data           4  bmi088driver.o(.data)
    BMI088_GYRO_SEN                          0x200007d4   Data           4  bmi088driver.o(.data)
    caliOffset                               0x200007d8   Data           1  bmi088driver.o(.data)
    buf_accel                                0x200007fd   Data           6  bmi088driver.o(.data)
    buf_gyro                                 0x20000803   Data           8  bmi088driver.o(.data)
    CmdBuff                                  0x20000824   Data           8  usbd_cdc_core.o(.data)
    APP_Rx_ptr_in                            0x2000082c   Data           4  usbd_cdc_core.o(.data)
    APP_Rx_ptr_out                           0x20000830   Data           4  usbd_cdc_core.o(.data)
    APP_Rx_length                            0x20000834   Data           4  usbd_cdc_core.o(.data)
    USB_Tx_State                             0x20000838   Data           1  usbd_cdc_core.o(.data)
    USBD_CDC_cb                              0x20000844   Data          44  usbd_cdc_core.o(.data)
    usbd_cdc_CfgDesc                         0x20000870   Data          67  usbd_cdc_core.o(.data)
    SET_TEST_MODE                            0x200008b8   Data           4  usbd_core.o(.data)
    USBD_DCD_INT_cb                          0x200008bc   Data          44  usbd_core.o(.data)
    USBD_DCD_INT_fops                        0x200008e8   Data           4  usbd_core.o(.data)
    USBD_ep_status                           0x200008ec   Data           4  usbd_req.o(.data)
    USBD_default_cfg                         0x200008f0   Data           4  usbd_req.o(.data)
    USBD_cfg_status                          0x200008f4   Data           4  usbd_req.o(.data)
    USB_OTG_dev                              0x20000910   Data        1524  main.o(.bss)
    USBD_StrDesc                             0x20000f04   Data          64  usbd_desc.o(.bss)
    xQueueRegistry                           0x20000f44   Data          64  queue.o(.bss)
    USART_InitStructure3                     0x2001a290   Data          16  usart.o(.bss)
    rc                                       0x2001a2a0   Data          22  rc.o(.bss)
    dbus_buf                                 0x2001a2b6   Data          72  dma.o(.bss)
    usart2_TXbuf                             0x2001a2fe   Data          18  dma.o(.bss)
    usart2_RXbuf                             0x2001a310   Data          18  dma.o(.bss)
    judge_rxbuf                              0x2001a322   Data        2048  dma.o(.bss)
    pc_rxbuf                                 0x2001ab22   Data        1024  dma.o(.bss)
    spi1_rx_buf                              0x2001af22   Data          23  dma.o(.bss)
    spi1_tx_buf                              0x2001af39   Data          23  dma.o(.bss)
    rx1_message                              0x2001af50   Data          20  bsp_can.o(.bss)
    rx2_message                              0x2001af64   Data          20  bsp_can.o(.bss)
    moto_chassis                             0x2001af78   Data         240  bsp_can.o(.bss)
    moto_pit                                 0x2001b068   Data          60  bsp_can.o(.bss)
    moto_yaw                                 0x2001b0a4   Data          60  bsp_can.o(.bss)
    moto_trigger                             0x2001b0e0   Data          60  bsp_can.o(.bss)
    moto_fric                                0x2001b11c   Data         120  bsp_can.o(.bss)
    mpu_data                                 0x2001b194   Data          12  bsp_can.o(.bss)
    cali_param                               0x2001b1a0   Data          12  bsp_flash.o(.bss)
    USB_USART_RX_BUF                         0x2001b1ac   Data          64  bsp_usb.o(.bss)
    chassis                                  0x2001b1ec   Data          64  chassis_task.o(.bss)
    glb_cur                                  0x2001b22c   Data          18  comm_task.o(.bss)
    RCC_Clocks                               0x2001b240   Data          16  detect_task.o(.bss)
    global_err                               0x2001b250   Data         240  detect_task.o(.bss)
    detect_id                                0x2001b340   Data         224  detect_task.o(.bss)
    pit_ramp                                 0x2001b420   Data          12  gimbal_task.o(.bss)
    yaw_ramp                                 0x2001b42c   Data          12  gimbal_task.o(.bss)
    Vision_angle                             0x2001b438   Data          48  gimbal_task.o(.bss)
    p_ffc                                    0x2001b468   Data          20  gimbal_task.o(.bss)
    y_ffc                                    0x2001b47c   Data          20  gimbal_task.o(.bss)
    pc_kalman_filter_pitch                   0x2001b490   Data         108  gimbal_task.o(.bss)
    pc_kalman_filter_yaw                     0x2001b4fc   Data         108  gimbal_task.o(.bss)
    gimbal                                   0x2001b568   Data          88  gimbal_task.o(.bss)
    EulerAngle                               0x2001b5c0   Data          12  imu_task.o(.bss)
    gyro_offset                              0x2001b5cc   Data          12  imu_task.o(.bss)
    gyro_cali_offset                         0x2001b5d8   Data          12  imu_task.o(.bss)
    accel_offset                             0x2001b5e4   Data          12  imu_task.o(.bss)
    accel_cali_offset                        0x2001b5f0   Data          12  imu_task.o(.bss)
    mag_offset                               0x2001b5fc   Data          12  imu_task.o(.bss)
    mag_cali_offset                          0x2001b608   Data          12  imu_task.o(.bss)
    INS_angle                                0x2001b66c   Data          12  imu_task.o(.bss)
    INS_angle_final                          0x2001b678   Data          12  imu_task.o(.bss)
    shoot                                    0x2001b684   Data          23  shoot_task.o(.bss)
    trig                                     0x2001b69b   Data          22  shoot_task.o(.bss)
    rm                                       0x2001b6b4   Data          20  remote_ctrl.o(.bss)
    km                                       0x2001b6c8   Data          40  keyboard.o(.bss)
    key_fbramp                               0x2001b6f0   Data          12  keyboard.o(.bss)
    key_rlramp                               0x2001b6fc   Data          12  keyboard.o(.bss)
    pid_yaw                                  0x2001b708   Data          68  pid.o(.bss)
    pid_pit                                  0x2001b74c   Data          68  pid.o(.bss)
    pid_yaw_spd                              0x2001b790   Data          68  pid.o(.bss)
    pid_pit_spd                              0x2001b7d4   Data          68  pid.o(.bss)
    pid_spd                                  0x2001b818   Data         272  pid.o(.bss)
    pid_chassis_angle                        0x2001b928   Data          68  pid.o(.bss)
    pid_trigger                              0x2001b96c   Data          68  pid.o(.bss)
    pid_trigger_spd                          0x2001b9b0   Data          68  pid.o(.bss)
    pid_fric                                 0x2001b9f4   Data         136  pid.o(.bss)
    pid_Spd_limit                            0x2001ba7c   Data          68  pid.o(.bss)
    pid_heat_limit                           0x2001bac0   Data          68  pid.o(.bss)
    pid_power                                0x2001bb04   Data          68  pid.o(.bss)
    pid_heat_time                            0x2001bb48   Data          68  pid.o(.bss)
    pid_imu_tmp                              0x2001bb8c   Data          68  pid.o(.bss)
    pid_buff_yaw                             0x2001bbd0   Data          68  pid.o(.bss)
    pid_buff_pit                             0x2001bc14   Data          68  pid.o(.bss)
    pid_buff_yaw_spd                         0x2001bc58   Data          68  pid.o(.bss)
    pid_buff_pit_spd                         0x2001bc9c   Data          68  pid.o(.bss)
    pid_vision_yaw                           0x2001bce0   Data          68  pid.o(.bss)
    pid_vision_pit                           0x2001bd24   Data          68  pid.o(.bss)
    pid_vision_yaw_spd                       0x2001bd68   Data          68  pid.o(.bss)
    pid_vision_pit_spd                       0x2001bdac   Data          68  pid.o(.bss)
    pid_init_yaw                             0x2001bdf0   Data          68  pid.o(.bss)
    pid_init_pit                             0x2001be34   Data          68  pid.o(.bss)
    pid_init_yaw_spd                         0x2001be78   Data          68  pid.o(.bss)
    pid_init_pit_spd                         0x2001bebc   Data          68  pid.o(.bss)
    pid_speedlimit                           0x2001bf00   Data          68  pid.o(.bss)
    pid_chassis_vw                           0x2001bf44   Data          68  pid.o(.bss)
    pid_chassis_power_buffer                 0x2001bf88   Data          68  pid.o(.bss)
    judge_recv_mesg                          0x2001c044   Data         240  judge_rx_data.o(.bss)
    judge_data_limit                         0x2001c134   Data          16  judge_rx_data.o(.bss)
    judge_rx_obj                             0x2001c144   Data          24  judge_rx_data.o(.bss)
    judge_unpack_obj                         0x2001c15c   Data         216  judge_rx_data.o(.bss)
    judge_rxdata_fifo                        0x2001c234   Data          28  judge_rx_data.o(.bss)
    judge_send_mesg                          0x2001c444   Data        1129  judge_tx_data.o(.bss)
    judge_txdata_fifo                        0x2001c8b0   Data          28  judge_tx_data.o(.bss)
    pc_rx_obj                                0x2001cac0   Data          24  pc_rx_data.o(.bss)
    pc_unpack_obj                            0x2001cad8   Data         216  pc_rx_data.o(.bss)
    pc_rxdata_fifo                           0x2001cbb0   Data          28  pc_rx_data.o(.bss)
    pc_recv_mesg                             0x2001cdc0   Data           9  pc_rx_data.o(.bss)
    pc_txdata_fifo                           0x2001cdcc   Data          28  pc_tx_data.o(.bss)
    pc_send_mesg                             0x2001cfdc   Data          13  pc_tx_data.o(.bss)
    BMI088                                   0x2001cfec   Data          44  bmi088driver.o(.bss)
    usbd_cdc_OtherCfgDesc                    0x2001d018   Data          67  usbd_cdc_core.o(.bss)
    USB_Rx_Buffer                            0x2001d05b   Data          64  usbd_cdc_core.o(.bss)
    APP_Rx_Buffer                            0x2001d09b   Data        2048  usbd_cdc_core.o(.bss)
    __initial_sp                             0x2001f8a0   Data           0  startup_stm32f407xx.o(STACK)



==============================================================================

Memory Map of the image

  Image Entry point : 0x08000189

  Load Region LR_IROM1 (Base: 0x08000000, Size: 0x00012fc4, Max: 0x00100000, ABSOLUTE, COMPRESSED[0x00012938])

    Execution Region ER_IROM1 (Exec base: 0x08000000, Load base: 0x08000000, Size: 0x000126b4, Max: 0x00100000, ABSOLUTE)

    Exec Addr    Load Addr    Size         Type   Attr      Idx    E Section Name        Object

    0x08000000   0x08000000   0x00000188   Data   RO          748    RESET               startup_stm32f407xx.o
    0x08000188   0x08000188   0x00000000   Code   RO        10598  * .ARM.Collect$$$$00000000  mc_w.l(entry.o)
    0x08000188   0x08000188   0x00000004   Code   RO        10692    .ARM.Collect$$$$00000001  mc_w.l(entry2.o)
    0x0800018c   0x0800018c   0x00000004   Code   RO        10695    .ARM.Collect$$$$00000004  mc_w.l(entry5.o)
    0x08000190   0x08000190   0x00000000   Code   RO        10697    .ARM.Collect$$$$00000008  mc_w.l(entry7b.o)
    0x08000190   0x08000190   0x00000000   Code   RO        10699    .ARM.Collect$$$$0000000A  mc_w.l(entry8b.o)
    0x08000190   0x08000190   0x00000008   Code   RO        10700    .ARM.Collect$$$$0000000B  mc_w.l(entry9a.o)
    0x08000198   0x08000198   0x00000004   Code   RO        10707    .ARM.Collect$$$$0000000E  mc_w.l(entry12b.o)
    0x0800019c   0x0800019c   0x00000000   Code   RO        10702    .ARM.Collect$$$$0000000F  mc_w.l(entry10a.o)
    0x0800019c   0x0800019c   0x00000000   Code   RO        10704    .ARM.Collect$$$$00000011  mc_w.l(entry11a.o)
    0x0800019c   0x0800019c   0x00000004   Code   RO        10693    .ARM.Collect$$$$00002712  mc_w.l(entry2.o)
    0x080001a0   0x080001a0   0x000000b6   Code   RO         6554    .emb_text           port.o
    0x08000256   0x08000256   0x00000002   PAD
    0x08000258   0x08000258   0x00000024   Code   RO          749    .text               startup_stm32f407xx.o
    0x0800027c   0x0800027c   0x00000078   Code   RO        10121    .text               arm_cortexM4lf_math.lib(arm_cos_f32.o)
    0x080002f4   0x080002f4   0x00000074   Code   RO        10174    .text               arm_cortexM4lf_math.lib(arm_sin_f32.o)
    0x08000368   0x08000368   0x00000008   Code   RO        10222    .text               arm_cortexM4lf_math.lib(arm_mat_init_f32.o)
    0x08000370   0x08000370   0x00000114   Code   RO        10318    .text               arm_cortexM4lf_math.lib(arm_mat_trans_f32.o)
    0x08000484   0x08000484   0x00000024   Code   RO        10601    .text               mc_w.l(memcpya.o)
    0x080004a8   0x080004a8   0x00000024   Code   RO        10603    .text               mc_w.l(memseta.o)
    0x080004cc   0x080004cc   0x0000000e   Code   RO        10605    .text               mc_w.l(strlen.o)
    0x080004da   0x080004da   0x00000012   Code   RO        10607    .text               mc_w.l(strcpy.o)
    0x080004ec   0x080004ec   0x0000014e   Code   RO        10639    .text               mf_w.l(dadd.o)
    0x0800063a   0x0800063a   0x000000e4   Code   RO        10641    .text               mf_w.l(dmul.o)
    0x0800071e   0x0800071e   0x000000de   Code   RO        10643    .text               mf_w.l(ddiv.o)
    0x080007fc   0x080007fc   0x00000022   Code   RO        10647    .text               mf_w.l(dflti.o)
    0x0800081e   0x0800081e   0x0000001a   Code   RO        10649    .text               mf_w.l(dfltui.o)
    0x08000838   0x08000838   0x00000032   Code   RO        10651    .text               mf_w.l(dfixui.o)
    0x0800086a   0x0800086a   0x00000026   Code   RO        10653    .text               mf_w.l(f2d.o)
    0x08000890   0x08000890   0x00000030   Code   RO        10655    .text               mf_w.l(cdcmple.o)
    0x080008c0   0x080008c0   0x00000038   Code   RO        10657    .text               mf_w.l(d2f.o)
    0x080008f8   0x080008f8   0x0000001e   Code   RO        10708    .text               mc_w.l(llshl.o)
    0x08000916   0x08000916   0x00000020   Code   RO        10710    .text               mc_w.l(llushr.o)
    0x08000936   0x08000936   0x00000024   Code   RO        10712    .text               mc_w.l(llsshr.o)
    0x0800095a   0x0800095a   0x00000000   Code   RO        10723    .text               mc_w.l(iusefp.o)
    0x0800095a   0x0800095a   0x0000006e   Code   RO        10724    .text               mf_w.l(fepilogue.o)
    0x080009c8   0x080009c8   0x000000ba   Code   RO        10726    .text               mf_w.l(depilogue.o)
    0x08000a82   0x08000a82   0x000000a2   Code   RO        10728    .text               mf_w.l(dsqrt.o)
    0x08000b24   0x08000b24   0x00000086   Code   RO        10730    .text               mf_w.l(drem.o)
    0x08000baa   0x08000baa   0x00000002   PAD
    0x08000bac   0x08000bac   0x00000024   Code   RO        10732    .text               mc_w.l(init.o)
    0x08000bd0   0x08000bd0   0x00000056   Code   RO        10742    .text               mc_w.l(__dczerorl2.o)
    0x08000c26   0x08000c26   0x00000018   Code   RO         9221    i.AHRS_asinf        ahrs_middleware.o
    0x08000c3e   0x08000c3e   0x00000020   Code   RO         9222    i.AHRS_atan2f       ahrs_middleware.o
    0x08000c5e   0x08000c5e   0x00000018   Code   RO         9223    i.AHRS_cosf         ahrs_middleware.o
    0x08000c76   0x08000c76   0x0000001a   Code   RO        10339    i.AHRS_fabs         AHRS.lib(ahrs.o)
    0x08000c90   0x08000c90   0x00000010   Code   RO         9224    i.AHRS_get_height   ahrs_middleware.o
    0x08000ca0   0x08000ca0   0x0000000c   Code   RO         9225    i.AHRS_get_latitude  ahrs_middleware.o
    0x08000cac   0x08000cac   0x0000029c   Code   RO        10340    i.AHRS_init         AHRS.lib(ahrs.o)
    0x08000f48   0x08000f48   0x00000024   Code   RO         9226    i.AHRS_invSqrt      ahrs_middleware.o
    0x08000f6c   0x08000f6c   0x00000018   Code   RO         9227    i.AHRS_sinf         ahrs_middleware.o
    0x08000f84   0x08000f84   0x0000013a   Code   RO        10341    i.AHRS_update       AHRS.lib(ahrs.o)
    0x080010be   0x080010be   0x00000002   PAD
    0x080010c0   0x080010c0   0x00000010   Code   RO         9080    i.BMI088_ACCEL_NS_H  bmi088middleware.o
    0x080010d0   0x080010d0   0x00000010   Code   RO         9081    i.BMI088_ACCEL_NS_L  bmi088middleware.o
    0x080010e0   0x080010e0   0x00000002   Code   RO         9082    i.BMI088_GPIO_init  bmi088middleware.o
    0x080010e2   0x080010e2   0x00000002   PAD
    0x080010e4   0x080010e4   0x00000010   Code   RO         9083    i.BMI088_GYRO_NS_H  bmi088middleware.o
    0x080010f4   0x080010f4   0x00000010   Code   RO         9084    i.BMI088_GYRO_NS_L  bmi088middleware.o
    0x08001104   0x08001104   0x00000084   Code   RO         6681    i.BMI088_INT_GPIO_Init  gpio.o
    0x08001188   0x08001188   0x00000002   Code   RO         9085    i.BMI088_com_init   bmi088middleware.o
    0x0800118a   0x0800118a   0x0000000c   Code   RO         9086    i.BMI088_delay_ms   bmi088middleware.o
    0x08001196   0x08001196   0x0000000c   Code   RO         9087    i.BMI088_delay_us   bmi088middleware.o
    0x080011a2   0x080011a2   0x00000002   PAD
    0x080011a4   0x080011a4   0x00000028   Code   RO         8946    i.BMI088_init       bmi088driver.o
    0x080011cc   0x080011cc   0x000001b0   Code   RO         8947    i.BMI088_read       bmi088driver.o
    0x0800137c   0x0800137c   0x00000026   Code   RO         8950    i.BMI088_read_muli_reg  bmi088driver.o
    0x080013a2   0x080013a2   0x00000018   Code   RO         8951    i.BMI088_read_single_reg  bmi088driver.o
    0x080013ba   0x080013ba   0x00000002   PAD
    0x080013bc   0x080013bc   0x00000054   Code   RO         9088    i.BMI088_read_write_byte  bmi088middleware.o
    0x08001410   0x08001410   0x00000014   Code   RO         8953    i.BMI088_write_single_reg  bmi088driver.o
    0x08001424   0x08001424   0x00000014   Code   RO         7109    i.BSP_FLASH_READ    bsp_flash.o
    0x08001438   0x08001438   0x00000064   Code   RO         7110    i.BSP_FLASH_WRITE   bsp_flash.o
    0x0800149c   0x0800149c   0x00000004   Code   RO          347    i.BusFault_Handler  stm32f4xx_it.o
    0x080014a0   0x080014a0   0x0000010c   Code   RO         6734    i.CAN1_DEVICE       can.o
    0x080015ac   0x080015ac   0x00000030   Code   RO         7028    i.CAN1_RX0_IRQHandler  bsp_can.o
    0x080015dc   0x080015dc   0x00000110   Code   RO         6735    i.CAN2_DEVICE       can.o
    0x080016ec   0x080016ec   0x00000030   Code   RO         7029    i.CAN2_RX0_IRQHandler  bsp_can.o
    0x0800171c   0x0800171c   0x000000a8   Code   RO         1052    i.CAN_ClearITPendingBit  stm32f4xx_can.o
    0x080017c4   0x080017c4   0x00000108   Code   RO         1056    i.CAN_FilterInit    stm32f4xx_can.o
    0x080018cc   0x080018cc   0x00000120   Code   RO         1058    i.CAN_GetITStatus   stm32f4xx_can.o
    0x080019ec   0x080019ec   0x00000012   Code   RO         1062    i.CAN_ITConfig      stm32f4xx_can.o
    0x080019fe   0x080019fe   0x00000114   Code   RO         1063    i.CAN_Init          stm32f4xx_can.o
    0x08001b12   0x08001b12   0x000000f0   Code   RO         1066    i.CAN_Receive       stm32f4xx_can.o
    0x08001c02   0x08001c02   0x00000126   Code   RO         1071    i.CAN_Transmit      stm32f4xx_can.o
    0x08001d28   0x08001d28   0x00000350   Code   RO         8954    i.Calibrate_MPU_Offset  bmi088driver.o
    0x08002078   0x08002078   0x000000b8   Code   RO         7283    i.Cap_refresh       chassis_task.o
    0x08002130   0x08002130   0x00000466   Code   RO         8392    i.Chassis_Power_Control  power_control.o
    0x08002596   0x08002596   0x00000012   Code   RO         1074    i.CheckITStatus     stm32f4xx_can.o
    0x080025a8   0x080025a8   0x0000004a   Code   RO         9943    i.DCD_EP_Close      usb_dcd.o
    0x080025f2   0x080025f2   0x00000048   Code   RO         9944    i.DCD_EP_ClrStall   usb_dcd.o
    0x0800263a   0x0800263a   0x00000068   Code   RO         9946    i.DCD_EP_Open       usb_dcd.o
    0x080026a2   0x080026a2   0x00000052   Code   RO         9947    i.DCD_EP_PrepareRx  usb_dcd.o
    0x080026f4   0x080026f4   0x0000001c   Code   RO         9948    i.DCD_EP_SetAddress  usb_dcd.o
    0x08002710   0x08002710   0x00000048   Code   RO         9949    i.DCD_EP_Stall      usb_dcd.o
    0x08002758   0x08002758   0x0000004e   Code   RO         9950    i.DCD_EP_Tx         usb_dcd.o
    0x080027a6   0x080027a6   0x00000002   PAD
    0x080027a8   0x080027a8   0x00000198   Code   RO        10037    i.DCD_HandleEnumDone_ISR  usb_dcd_int.o
    0x08002940   0x08002940   0x00000128   Code   RO        10038    i.DCD_HandleInEP_ISR  usb_dcd_int.o
    0x08002a68   0x08002a68   0x00000100   Code   RO        10039    i.DCD_HandleOutEP_ISR  usb_dcd_int.o
    0x08002b68   0x08002b68   0x0000006c   Code   RO        10040    i.DCD_HandleResume_ISR  usb_dcd_int.o
    0x08002bd4   0x08002bd4   0x000000b0   Code   RO        10041    i.DCD_HandleRxStatusQueueLevel_ISR  usb_dcd_int.o
    0x08002c84   0x08002c84   0x0000002c   Code   RO        10042    i.DCD_HandleSof_ISR  usb_dcd_int.o
    0x08002cb0   0x08002cb0   0x000000a8   Code   RO        10043    i.DCD_HandleUSBSuspend_ISR  usb_dcd_int.o
    0x08002d58   0x08002d58   0x00000104   Code   RO        10044    i.DCD_HandleUsbReset_ISR  usb_dcd_int.o
    0x08002e5c   0x08002e5c   0x0000009c   Code   RO         9952    i.DCD_Init          usb_dcd.o
    0x08002ef8   0x08002ef8   0x0000002c   Code   RO        10045    i.DCD_IsoINIncomplete_ISR  usb_dcd_int.o
    0x08002f24   0x08002f24   0x0000002c   Code   RO        10046    i.DCD_IsoOUTIncomplete_ISR  usb_dcd_int.o
    0x08002f50   0x08002f50   0x00000028   Code   RO        10047    i.DCD_ReadDevInEP   usb_dcd_int.o
    0x08002f78   0x08002f78   0x000000ac   Code   RO        10048    i.DCD_WriteEmptyTxFifo  usb_dcd_int.o
    0x08003024   0x08003024   0x00000034   Code   RO         1808    i.DMA_ClearFlag     stm32f4xx_dma.o
    0x08003058   0x08003058   0x00000016   Code   RO         1810    i.DMA_Cmd           stm32f4xx_dma.o
    0x0800306e   0x0800306e   0x00000002   PAD
    0x08003070   0x08003070   0x00000158   Code   RO         1811    i.DMA_DeInit        stm32f4xx_dma.o
    0x080031c8   0x080031c8   0x00000016   Code   RO         1812    i.DMA_DoubleBufferModeCmd  stm32f4xx_dma.o
    0x080031de   0x080031de   0x00000018   Code   RO         1813    i.DMA_DoubleBufferModeConfig  stm32f4xx_dma.o
    0x080031f6   0x080031f6   0x00000008   Code   RO         1816    i.DMA_GetCurrDataCounter  stm32f4xx_dma.o
    0x080031fe   0x080031fe   0x00000014   Code   RO         1817    i.DMA_GetCurrentMemoryTarget  stm32f4xx_dma.o
    0x08003212   0x08003212   0x00000002   PAD
    0x08003214   0x08003214   0x00000058   Code   RO         1822    i.DMA_Init          stm32f4xx_dma.o
    0x0800326c   0x0800326c   0x00000004   Code   RO         1825    i.DMA_SetCurrDataCounter  stm32f4xx_dma.o
    0x08003270   0x08003270   0x0000003c   Code   RO         7154    i.DWT_Delay         bsp_dwt.o
    0x080032ac   0x080032ac   0x00000054   Code   RO         7158    i.DWT_Init          bsp_dwt.o
    0x08003300   0x08003300   0x00000002   Code   RO          348    i.DebugMon_Handler  stm32f4xx_it.o
    0x08003302   0x08003302   0x00000002   PAD
    0x08003304   0x08003304   0x00000050   Code   RO         6682    i.EXTI0_IRQHandler  gpio.o
    0x08003354   0x08003354   0x00000054   Code   RO         7603    i.EXTI4_IRQHandler  imu_task.o
    0x080033a8   0x080033a8   0x0000000c   Code   RO         2076    i.EXTI_ClearITPendingBit  stm32f4xx_exti.o
    0x080033b4   0x080033b4   0x00000018   Code   RO         2080    i.EXTI_GetITStatus  stm32f4xx_exti.o
    0x080033cc   0x080033cc   0x00000094   Code   RO         2081    i.EXTI_Init         stm32f4xx_exti.o
    0x08003460   0x08003460   0x0000000c   Code   RO         2141    i.FLASH_ClearFlag   stm32f4xx_flash.o
    0x0800346c   0x0800346c   0x00000024   Code   RO         2142    i.FLASH_DataCacheCmd  stm32f4xx_flash.o
    0x08003490   0x08003490   0x00000088   Code   RO         2147    i.FLASH_EraseSector  stm32f4xx_flash.o
    0x08003518   0x08003518   0x00000054   Code   RO         2149    i.FLASH_GetStatus   stm32f4xx_flash.o
    0x0800356c   0x0800356c   0x00000014   Code   RO         2153    i.FLASH_Lock        stm32f4xx_flash.o
    0x08003580   0x08003580   0x0000004c   Code   RO         2174    i.FLASH_ProgramByte  stm32f4xx_flash.o
    0x080035cc   0x080035cc   0x00000024   Code   RO         2179    i.FLASH_Unlock      stm32f4xx_flash.o
    0x080035f0   0x080035f0   0x00000022   Code   RO         2180    i.FLASH_WaitForLastOperation  stm32f4xx_flash.o
    0x08003612   0x08003612   0x00000002   PAD
    0x08003614   0x08003614   0x00000050   Code   RO         7982    i.FPS_Calculate     kalman_filter.o
    0x08003664   0x08003664   0x000000f0   Code   RO         6683    i.GPIO_INIT         gpio.o
    0x08003754   0x08003754   0x00000090   Code   RO         2454    i.GPIO_Init         stm32f4xx_gpio.o
    0x080037e4   0x080037e4   0x00000046   Code   RO         2455    i.GPIO_PinAFConfig  stm32f4xx_gpio.o
    0x0800382a   0x0800382a   0x00000012   Code   RO         2458    i.GPIO_ReadInputDataBit  stm32f4xx_gpio.o
    0x0800383c   0x0800383c   0x00000004   Code   RO         2461    i.GPIO_ResetBits    stm32f4xx_gpio.o
    0x08003840   0x08003840   0x00000004   Code   RO         2462    i.GPIO_SetBits      stm32f4xx_gpio.o
    0x08003844   0x08003844   0x000001d0   Code   RO         7111    i.GetSector         bsp_flash.o
    0x08003a14   0x08003a14   0x00000020   Code   RO         7983    i.Get_FPS           kalman_filter.o
    0x08003a34   0x08003a34   0x00000034   Code   RO          594    i.Get_SerialNum     usbd_desc.o
    0x08003a68   0x08003a68   0x0000000c   Code   RO          452    i.HAL_GetTick       stm32_tim_base.o
    0x08003a74   0x08003a74   0x0000001c   Code   RO          453    i.HAL_IncTick       stm32_tim_base.o
    0x08003a90   0x08003a90   0x000000dc   Code   RO         9368    i.Handle_USBAsynchXfer  usbd_cdc_core.o
    0x08003b6c   0x08003b6c   0x00000004   Code   RO          349    i.HardFault_Handler  stm32f4xx_it.o
    0x08003b70   0x08003b70   0x0000003e   Code   RO          595    i.IntToUnicode      usbd_desc.o
    0x08003bae   0x08003bae   0x0000004e   Code   RO         6684    i.KEY_EXTI          gpio.o
    0x08003bfc   0x08003bfc   0x00000018   Code   RO         8328    i.LADRC_Init        ladrc.o
    0x08003c14   0x08003c14   0x0000005a   Code   RO         8332    i.LADRC_TD          ladrc.o
    0x08003c6e   0x08003c6e   0x00000004   Code   RO          350    i.MemManage_Handler  stm32f4xx_it.o
    0x08003c72   0x08003c72   0x00000002   Code   RO          351    i.NMI_Handler       stm32f4xx_it.o
    0x08003c74   0x08003c74   0x00000078   Code   RO          756    i.NVIC_Init         misc.o
    0x08003cec   0x08003cec   0x00000014   Code   RO          757    i.NVIC_PriorityGroupConfig  misc.o
    0x08003d00   0x08003d00   0x00000010   Code   RO         7222    i.OTG_FS_IRQHandler  bsp_usb.o
    0x08003d10   0x08003d10   0x00000030   Code   RO         8263    i.PID_Clear         pid.o
    0x08003d40   0x08003d40   0x0000007c   Code   RO         8264    i.PID_Struct_Init   pid.o
    0x08003dbc   0x08003dbc   0x00000020   Code   RO         3359    i.RCC_AHB1PeriphClockCmd  stm32f4xx_rcc.o
    0x08003ddc   0x08003ddc   0x00000020   Code   RO         3362    i.RCC_AHB2PeriphClockCmd  stm32f4xx_rcc.o
    0x08003dfc   0x08003dfc   0x00000020   Code   RO         3368    i.RCC_APB1PeriphClockCmd  stm32f4xx_rcc.o
    0x08003e1c   0x08003e1c   0x00000020   Code   RO         3370    i.RCC_APB1PeriphResetCmd  stm32f4xx_rcc.o
    0x08003e3c   0x08003e3c   0x00000020   Code   RO         3371    i.RCC_APB2PeriphClockCmd  stm32f4xx_rcc.o
    0x08003e5c   0x08003e5c   0x00000020   Code   RO         3373    i.RCC_APB2PeriphResetCmd  stm32f4xx_rcc.o
    0x08003e7c   0x08003e7c   0x000000e8   Code   RO         3380    i.RCC_GetClocksFreq  stm32f4xx_rcc.o
    0x08003f64   0x08003f64   0x00000018   Code   RO         4517    i.SPI_Cmd           stm32f4xx_spi.o
    0x08003f7c   0x08003f7c   0x000000ec   Code   RO         6807    i.SPI_DEVICE        spi.o
    0x08004068   0x08004068   0x0000003c   Code   RO         4530    i.SPI_Init          stm32f4xx_spi.o
    0x080040a4   0x080040a4   0x00000250   Code   RO         7030    i.STD_CAN_RxCpltCallback  bsp_can.o
    0x080042f4   0x080042f4   0x00000040   Code   RO         4682    i.SYSCFG_EXTILineConfig  stm32f4xx_syscfg.o
    0x08004334   0x08004334   0x000000ec   Code   RO          410    i.SetSysClock       system_stm32f4xx.o
    0x08004420   0x08004420   0x0000002c   Code   RO         8128    i.Software_Reset    keyboard.o
    0x0800444c   0x0800444c   0x00000028   Code   RO          760    i.SysTick_CLKSourceConfig  misc.o
    0x08004474   0x08004474   0x00000010   Code   RO          352    i.SysTick_Handler   stm32f4xx_it.o
    0x08004484   0x08004484   0x0000003c   Code   RO         6643    i.SysTick_Init      delay.o
    0x080044c0   0x080044c0   0x00000068   Code   RO          412    i.SystemInit        system_stm32f4xx.o
    0x08004528   0x08004528   0x0000002c   Code   RO          514    i.TASK_START        start_tack.o
    0x08004554   0x08004554   0x00000020   Code   RO          454    i.TIM4_IRQHandler   stm32_tim_base.o
    0x08004574   0x08004574   0x000000d4   Code   RO         6922    i.TIM8_DEVICE       tim.o
    0x08004648   0x08004648   0x00000018   Code   RO         4743    i.TIM_ARRPreloadConfig  stm32f4xx_tim.o
    0x08004660   0x08004660   0x00000064   Code   RO          455    i.TIM_BASE_Init     stm32_tim_base.o
    0x080046c4   0x080046c4   0x00000006   Code   RO         4750    i.TIM_ClearITPendingBit  stm32f4xx_tim.o
    0x080046ca   0x080046ca   0x00000018   Code   RO         4755    i.TIM_Cmd           stm32f4xx_tim.o
    0x080046e2   0x080046e2   0x0000001e   Code   RO         4757    i.TIM_CtrlPWMOutputs  stm32f4xx_tim.o
    0x08004700   0x08004700   0x00000022   Code   RO         4776    i.TIM_GetITStatus   stm32f4xx_tim.o
    0x08004722   0x08004722   0x00000012   Code   RO         4780    i.TIM_ITConfig      stm32f4xx_tim.o
    0x08004734   0x08004734   0x0000007c   Code   RO         4784    i.TIM_OC1Init       stm32f4xx_tim.o
    0x080047b0   0x080047b0   0x00000012   Code   RO         4787    i.TIM_OC1PreloadConfig  stm32f4xx_tim.o
    0x080047c2   0x080047c2   0x00000002   PAD
    0x080047c4   0x080047c4   0x000000a4   Code   RO         4789    i.TIM_OC2Init       stm32f4xx_tim.o
    0x08004868   0x08004868   0x0000001a   Code   RO         4792    i.TIM_OC2PreloadConfig  stm32f4xx_tim.o
    0x08004882   0x08004882   0x00000002   PAD
    0x08004884   0x08004884   0x000000a0   Code   RO         4794    i.TIM_OC3Init       stm32f4xx_tim.o
    0x08004924   0x08004924   0x00000012   Code   RO         4797    i.TIM_OC3PreloadConfig  stm32f4xx_tim.o
    0x08004936   0x08004936   0x00000014   Code   RO         4802    i.TIM_OCStructInit  stm32f4xx_tim.o
    0x0800494a   0x0800494a   0x00000002   PAD
    0x0800494c   0x0800494c   0x00000084   Code   RO         4827    i.TIM_TimeBaseInit  stm32f4xx_tim.o
    0x080049d0   0x080049d0   0x00000104   Code   RO         6764    i.USART1_DEVICE     usart.o
    0x08004ad4   0x08004ad4   0x00000094   Code   RO         6873    i.USART1_DMA        dma.o
    0x08004b68   0x08004b68   0x00000070   Code   RO         7838    i.USART1_IRQHandler  pc_task.o
    0x08004bd8   0x08004bd8   0x000000dc   Code   RO         6765    i.USART3_DEVICE     usart.o
    0x08004cb4   0x08004cb4   0x00000098   Code   RO         6874    i.USART3_DMA        dma.o
    0x08004d4c   0x08004d4c   0x00000104   Code   RO         6832    i.USART3_IRQHandler  rc.o
    0x08004e50   0x08004e50   0x000000d4   Code   RO         6766    i.USART6_DEVICE     usart.o
    0x08004f24   0x08004f24   0x00000094   Code   RO         6875    i.USART6_DMA        dma.o
    0x08004fb8   0x08004fb8   0x00000078   Code   RO         7719    i.USART6_IRQHandler  judge_task.o
    0x08005030   0x08005030   0x00000012   Code   RO         5305    i.USART_ClearFlag   stm32f4xx_usart.o
    0x08005042   0x08005042   0x0000001e   Code   RO         5306    i.USART_ClearITPendingBit  stm32f4xx_usart.o
    0x08005060   0x08005060   0x00000018   Code   RO         5309    i.USART_Cmd         stm32f4xx_usart.o
    0x08005078   0x08005078   0x00000012   Code   RO         5310    i.USART_DMACmd      stm32f4xx_usart.o
    0x0800508a   0x0800508a   0x00000002   PAD
    0x0800508c   0x0800508c   0x000000f0   Code   RO         5311    i.USART_DeInit      stm32f4xx_usart.o
    0x0800517c   0x0800517c   0x0000001a   Code   RO         5312    i.USART_GetFlagStatus  stm32f4xx_usart.o
    0x08005196   0x08005196   0x00000054   Code   RO         5313    i.USART_GetITStatus  stm32f4xx_usart.o
    0x080051ea   0x080051ea   0x0000004a   Code   RO         5315    i.USART_ITConfig    stm32f4xx_usart.o
    0x08005234   0x08005234   0x000000d4   Code   RO         5316    i.USART_Init        stm32f4xx_usart.o
    0x08005308   0x08005308   0x0000000a   Code   RO         5323    i.USART_ReceiveData  stm32f4xx_usart.o
    0x08005312   0x08005312   0x00000016   Code   RO         9450    i.USBD_ClrCfg       usbd_core.o
    0x08005328   0x08005328   0x00000048   Code   RO         9611    i.USBD_ClrFeature   usbd_req.o
    0x08005370   0x08005370   0x0000001e   Code   RO         9551    i.USBD_CtlContinueRx  usbd_ioreq.o
    0x0800538e   0x0800538e   0x0000001e   Code   RO         9552    i.USBD_CtlContinueSendData  usbd_ioreq.o
    0x080053ac   0x080053ac   0x0000001e   Code   RO         9612    i.USBD_CtlError     usbd_req.o
    0x080053ca   0x080053ca   0x0000002e   Code   RO         9553    i.USBD_CtlPrepareRx  usbd_ioreq.o
    0x080053f8   0x080053f8   0x00000024   Code   RO         9554    i.USBD_CtlReceiveStatus  usbd_ioreq.o
    0x0800541c   0x0800541c   0x0000002e   Code   RO         9555    i.USBD_CtlSendData  usbd_ioreq.o
    0x0800544a   0x0800544a   0x00000024   Code   RO         9556    i.USBD_CtlSendStatus  usbd_ioreq.o
    0x0800546e   0x0800546e   0x000000e8   Code   RO         9451    i.USBD_DataInStage  usbd_core.o
    0x08005556   0x08005556   0x00000096   Code   RO         9452    i.USBD_DataOutStage  usbd_core.o
    0x080055ec   0x080055ec   0x00000006   Code   RO         9453    i.USBD_DeInit       usbd_core.o
    0x080055f2   0x080055f2   0x00000002   PAD
    0x080055f4   0x080055f4   0x00000054   Code   RO         9613    i.USBD_GetConfig    usbd_req.o
    0x08005648   0x08005648   0x00000112   Code   RO         9614    i.USBD_GetDescriptor  usbd_req.o
    0x0800575a   0x0800575a   0x00000014   Code   RO         9615    i.USBD_GetLen       usbd_req.o
    0x0800576e   0x0800576e   0x00000002   PAD
    0x08005770   0x08005770   0x00000050   Code   RO         9616    i.USBD_GetStatus    usbd_req.o
    0x080057c0   0x080057c0   0x00000052   Code   RO         9617    i.USBD_GetString    usbd_req.o
    0x08005812   0x08005812   0x00000042   Code   RO         9454    i.USBD_Init         usbd_core.o
    0x08005854   0x08005854   0x00000012   Code   RO         9455    i.USBD_IsoINIncomplete  usbd_core.o
    0x08005866   0x08005866   0x00000012   Code   RO         9456    i.USBD_IsoOUTIncomplete  usbd_core.o
    0x08005878   0x08005878   0x000000e0   Code   RO        10049    i.USBD_OTG_ISR_Handler  usb_dcd_int.o
    0x08005958   0x08005958   0x00000048   Code   RO         9618    i.USBD_ParseSetupRequest  usbd_req.o
    0x080059a0   0x080059a0   0x00000032   Code   RO         9457    i.USBD_Reset        usbd_core.o
    0x080059d2   0x080059d2   0x0000001e   Code   RO         9458    i.USBD_Resume       usbd_core.o
    0x080059f0   0x080059f0   0x00000014   Code   RO         9459    i.USBD_RunTestMode  usbd_core.o
    0x08005a04   0x08005a04   0x0000001a   Code   RO         9460    i.USBD_SOF          usbd_core.o
    0x08005a1e   0x08005a1e   0x0000005c   Code   RO         9619    i.USBD_SetAddress   usbd_req.o
    0x08005a7a   0x08005a7a   0x0000001e   Code   RO         9461    i.USBD_SetCfg       usbd_core.o
    0x08005a98   0x08005a98   0x000000d0   Code   RO         9620    i.USBD_SetConfig    usbd_req.o
    0x08005b68   0x08005b68   0x000000b0   Code   RO         9621    i.USBD_SetFeature   usbd_req.o
    0x08005c18   0x08005c18   0x00000054   Code   RO         9462    i.USBD_SetupStage   usbd_core.o
    0x08005c6c   0x08005c6c   0x00000072   Code   RO         9622    i.USBD_StdDevReq    usbd_req.o
    0x08005cde   0x08005cde   0x00000002   PAD
    0x08005ce0   0x08005ce0   0x00000178   Code   RO         9623    i.USBD_StdEPReq     usbd_req.o
    0x08005e58   0x08005e58   0x0000004c   Code   RO         9624    i.USBD_StdItfReq    usbd_req.o
    0x08005ea4   0x08005ea4   0x00000020   Code   RO         9463    i.USBD_Suspend      usbd_core.o
    0x08005ec4   0x08005ec4   0x00000034   Code   RO          596    i.USBD_USR_ConfigStrDescriptor  usbd_desc.o
    0x08005ef8   0x08005ef8   0x00000002   Code   RO          679    i.USBD_USR_DeviceConfigured  usbd_usr.o
    0x08005efa   0x08005efa   0x00000002   Code   RO          680    i.USBD_USR_DeviceConnected  usbd_usr.o
    0x08005efc   0x08005efc   0x00000010   Code   RO          597    i.USBD_USR_DeviceDescriptor  usbd_desc.o
    0x08005f0c   0x08005f0c   0x00000002   Code   RO          681    i.USBD_USR_DeviceDisconnected  usbd_usr.o
    0x08005f0e   0x08005f0e   0x00000012   Code   RO          682    i.USBD_USR_DeviceReset  usbd_usr.o
    0x08005f20   0x08005f20   0x00000002   Code   RO          683    i.USBD_USR_DeviceResumed  usbd_usr.o
    0x08005f22   0x08005f22   0x00000002   Code   RO          684    i.USBD_USR_DeviceSuspended  usbd_usr.o
    0x08005f24   0x08005f24   0x00000002   Code   RO          685    i.USBD_USR_Init     usbd_usr.o
    0x08005f26   0x08005f26   0x00000002   PAD
    0x08005f28   0x08005f28   0x00000038   Code   RO          598    i.USBD_USR_InterfaceStrDescriptor  usbd_desc.o
    0x08005f60   0x08005f60   0x00000010   Code   RO          599    i.USBD_USR_LangIDStrDescriptor  usbd_desc.o
    0x08005f70   0x08005f70   0x00000024   Code   RO          600    i.USBD_USR_ManufacturerStrDescriptor  usbd_desc.o
    0x08005f94   0x08005f94   0x00000060   Code   RO          601    i.USBD_USR_ProductStrDescriptor  usbd_desc.o
    0x08005ff4   0x08005ff4   0x00000018   Code   RO          602    i.USBD_USR_SerialStrDescriptor  usbd_desc.o
    0x0800600c   0x0800600c   0x00000010   Code   RO         9369    i.USBD_cdc_GetCfgDesc  usbd_cdc_core.o
    0x0800601c   0x0800601c   0x00000024   Code   RO         6956    i.USB_OTG_BSP_EnableInterrupt  st_usb_cdc.o
    0x08006040   0x08006040   0x0000005c   Code   RO         6957    i.USB_OTG_BSP_Init  st_usb_cdc.o
    0x0800609c   0x0800609c   0x00000012   Code   RO         6958    i.USB_OTG_BSP_mDelay  st_usb_cdc.o
    0x080060ae   0x080060ae   0x00000016   Code   RO         6959    i.USB_OTG_BSP_uDelay  st_usb_cdc.o
    0x080060c4   0x080060c4   0x00000126   Code   RO         9710    i.USB_OTG_CoreInit  usb_core.o
    0x080061ea   0x080061ea   0x0000020a   Code   RO         9711    i.USB_OTG_CoreInitDev  usb_core.o
    0x080063f4   0x080063f4   0x00000070   Code   RO         9712    i.USB_OTG_CoreReset  usb_core.o
    0x08006464   0x08006464   0x00000022   Code   RO         9713    i.USB_OTG_DisableGlobalInt  usb_core.o
    0x08006486   0x08006486   0x00000074   Code   RO         9714    i.USB_OTG_EP0Activate  usb_core.o
    0x080064fa   0x080064fa   0x00000156   Code   RO         9715    i.USB_OTG_EP0StartXfer  usb_core.o
    0x08006650   0x08006650   0x00000062   Code   RO         9716    i.USB_OTG_EP0_OutStart  usb_core.o
    0x080066b2   0x080066b2   0x00000098   Code   RO         9717    i.USB_OTG_EPActivate  usb_core.o
    0x0800674a   0x0800674a   0x00000050   Code   RO         9718    i.USB_OTG_EPClearStall  usb_core.o
    0x0800679a   0x0800679a   0x0000005e   Code   RO         9719    i.USB_OTG_EPDeactivate  usb_core.o
    0x080067f8   0x080067f8   0x00000064   Code   RO         9720    i.USB_OTG_EPSetStall  usb_core.o
    0x0800685c   0x0800685c   0x000001fe   Code   RO         9721    i.USB_OTG_EPStartXfer  usb_core.o
    0x08006a5a   0x08006a5a   0x00000034   Code   RO         9722    i.USB_OTG_EnableCommonInt  usb_core.o
    0x08006a8e   0x08006a8e   0x0000009a   Code   RO         9723    i.USB_OTG_EnableDevInt  usb_core.o
    0x08006b28   0x08006b28   0x00000022   Code   RO         9724    i.USB_OTG_EnableGlobalInt  usb_core.o
    0x08006b4a   0x08006b4a   0x00000002   PAD
    0x08006b4c   0x08006b4c   0x0000004c   Code   RO         9725    i.USB_OTG_FlushRxFifo  usb_core.o
    0x08006b98   0x08006b98   0x00000054   Code   RO         9726    i.USB_OTG_FlushTxFifo  usb_core.o
    0x08006bec   0x08006bec   0x00000038   Code   RO         9727    i.USB_OTG_GetDeviceSpeed  usb_core.o
    0x08006c24   0x08006c24   0x0000000c   Code   RO         9729    i.USB_OTG_GetMode   usb_core.o
    0x08006c30   0x08006c30   0x00000018   Code   RO         9730    i.USB_OTG_InitDevSpeed  usb_core.o
    0x08006c48   0x08006c48   0x00000016   Code   RO         9731    i.USB_OTG_IsDeviceMode  usb_core.o
    0x08006c5e   0x08006c5e   0x00000010   Code   RO         9733    i.USB_OTG_ReadCoreItr  usb_core.o
    0x08006c6e   0x08006c6e   0x00000010   Code   RO         9734    i.USB_OTG_ReadDevAllInEPItr  usb_core.o
    0x08006c7e   0x08006c7e   0x00000010   Code   RO         9735    i.USB_OTG_ReadDevAllOutEp_itr  usb_core.o
    0x08006c8e   0x08006c8e   0x00000014   Code   RO         9736    i.USB_OTG_ReadDevOutEP_itr  usb_core.o
    0x08006ca2   0x08006ca2   0x00000028   Code   RO         9738    i.USB_OTG_ReadPacket  usb_core.o
    0x08006cca   0x08006cca   0x00000002   PAD
    0x08006ccc   0x08006ccc   0x000000d0   Code   RO         9739    i.USB_OTG_SelectCore  usb_core.o
    0x08006d9c   0x08006d9c   0x0000004e   Code   RO         9740    i.USB_OTG_SetCurrentMode  usb_core.o
    0x08006dea   0x08006dea   0x00000040   Code   RO         9744    i.USB_OTG_WritePacket  usb_core.o
    0x08006e2a   0x08006e2a   0x00000004   Code   RO          353    i.UsageFault_Handler  stm32f4xx_it.o
    0x08006e2e   0x08006e2e   0x00000002   PAD
    0x08006e30   0x08006e30   0x000000a0   Code   RO         7223    i.VCP_Ctrl          bsp_usb.o
    0x08006ed0   0x08006ed0   0x00000028   Code   RO         7224    i.VCP_DataRx        bsp_usb.o
    0x08006ef8   0x08006ef8   0x00000040   Code   RO         7225    i.VCP_DataTx        bsp_usb.o
    0x08006f38   0x08006f38   0x00000004   Code   RO         7226    i.VCP_DeInit        bsp_usb.o
    0x08006f3c   0x08006f3c   0x00000004   Code   RO         7227    i.VCP_Init          bsp_usb.o
    0x08006f40   0x08006f40   0x00000026   Code   RO        10673    i.__ARM_fpclassifyf  m_wm.l(fpclassifyf.o)
    0x08006f66   0x08006f66   0x00000002   PAD
    0x08006f68   0x08006f68   0x0000012c   Code   RO        10520    i.__hardfp_asinf    m_wm.l(asinf.o)
    0x08007094   0x08007094   0x000002ac   Code   RO        10532    i.__hardfp_atan2f   m_wm.l(atan2f.o)
    0x08007340   0x08007340   0x00000014   Code   RO        10544    i.__hardfp_fabs     m_wm.l(fabs.o)
    0x08007354   0x08007354   0x00000104   Code   RO        10550    i.__hardfp_fmod     m_wm.l(fmod.o)
    0x08007458   0x08007458   0x0000007a   Code   RO        10574    i.__hardfp_sqrt     m_wm.l(sqrt_full.o)
    0x080074d2   0x080074d2   0x0000003a   Code   RO        10580    i.__hardfp_sqrtf    m_wm.l(sqrtf_full.o)
    0x0800750c   0x0800750c   0x00000004   PAD
    0x08007510   0x08007510   0x00000020   Code   RO        10662    i.__mathlib_dbl_invalid  m_wm.l(dunder.o)
    0x08007530   0x08007530   0x00000006   Code   RO        10676    i.__mathlib_flt_infnan  m_wm.l(funder.o)
    0x08007536   0x08007536   0x00000006   Code   RO        10677    i.__mathlib_flt_infnan2  m_wm.l(funder.o)
    0x0800753c   0x0800753c   0x00000010   Code   RO        10678    i.__mathlib_flt_invalid  m_wm.l(funder.o)
    0x0800754c   0x0800754c   0x00000010   Code   RO        10681    i.__mathlib_flt_underflow  m_wm.l(funder.o)
    0x0800755c   0x0800755c   0x0000000e   Code   RO        10736    i.__scatterload_copy  mc_w.l(handlers.o)
    0x0800756a   0x0800756a   0x00000002   Code   RO        10737    i.__scatterload_null  mc_w.l(handlers.o)
    0x0800756c   0x0800756c   0x0000000e   Code   RO        10738    i.__scatterload_zeroinit  mc_w.l(handlers.o)
    0x0800757a   0x0800757a   0x00000002   PAD
    0x0800757c   0x0800757c   0x0000000c   Code   RO        10718    i.__set_errno       mc_w.l(errno.o)
    0x08007588   0x08007588   0x0000004a   Code   RO         8265    i.abs_limit         pid.o
    0x080075d2   0x080075d2   0x00000002   PAD
    0x080075d4   0x080075d4   0x000001d0   Code   RO        10342    i.accel_comple_filter  AHRS.lib(ahrs.o)
    0x080077a4   0x080077a4   0x0000018c   Code   RO        10343    i.accel_update_kp_ki  AHRS.lib(ahrs.o)
    0x08007930   0x08007930   0x0000005c   Code   RO         7492    i.angle_complement  gimbal_task.o
    0x0800798c   0x0800798c   0x0000016c   Code   RO        10344    i.angle_to_quat     AHRS.lib(ahrs.o)
    0x08007af8   0x08007af8   0x00000030   Code   RO         8518    i.append_crc16_check_sum  protocol.o
    0x08007b28   0x08007b28   0x00000026   Code   RO         8519    i.append_crc8_check_sum  protocol.o
    0x08007b4e   0x08007b4e   0x00000002   PAD
    0x08007b50   0x08007b50   0x00000134   Code   RO         8955    i.bmi088_accel_init  bmi088driver.o
    0x08007c84   0x08007c84   0x000000f4   Code   RO         8957    i.bmi088_gyro_init  bmi088driver.o
    0x08007d78   0x08007d78   0x00000064   Code   RO         7284    i.buffer            chassis_task.o
    0x08007ddc   0x08007ddc   0x000000b8   Code   RO         7386    i.can_msg_send_task  comm_task.o
    0x08007e94   0x08007e94   0x000000f8   Code   RO         8129    i.chassis_direction_ctrl  keyboard.o
    0x08007f8c   0x08007f8c   0x00000260   Code   RO         7285    i.chassis_dodge_handler  chassis_task.o
    0x080081ec   0x080081ec   0x00000020   Code   RO         7418    i.chassis_is_controllable  detect_task.o
    0x0800820c   0x0800820c   0x000000b8   Code   RO         7286    i.chassis_normal_handler  chassis_task.o
    0x080082c4   0x080082c4   0x000000b8   Code   RO         8048    i.chassis_operation_func  remote_ctrl.o
    0x0800837c   0x0800837c   0x000000cc   Code   RO         7287    i.chassis_param_init  chassis_task.o
    0x08008448   0x08008448   0x000004a8   Code   RO         7288    i.chassis_power_contorl  chassis_task.o
    0x080088f0   0x080088f0   0x0000006c   Code   RO         7289    i.chassis_stop_handler  chassis_task.o
    0x0800895c   0x0800895c   0x000002c0   Code   RO         7290    i.chassis_task      chassis_task.o
    0x08008c1c   0x08008c1c   0x000000cc   Code   RO         8774    i.client_graphic_draw_Circle  judge_tx_data.o
    0x08008ce8   0x08008ce8   0x00000308   Code   RO         8775    i.client_graphic_draw_String  judge_tx_data.o
    0x08008ff0   0x08008ff0   0x0000030c   Code   RO         8776    i.client_graphic_draw_car_line  judge_tx_data.o
    0x080092fc   0x080092fc   0x000000c0   Code   RO         8777    i.client_graphic_draw_line  judge_tx_data.o
    0x080093bc   0x080093bc   0x000003c0   Code   RO         8778    i.client_graphic_draw_short_line1  judge_tx_data.o
    0x0800977c   0x0800977c   0x000004c8   Code   RO         8779    i.client_grapjic_draw_float  judge_tx_data.o
    0x08009c44   0x08009c44   0x00000068   Code   RO         8676    i.data_packet_pack  data_packet.o
    0x08009cac   0x08009cac   0x0000004c   Code   RO         6644    i.delay_ms          delay.o
    0x08009cf8   0x08009cf8   0x0000004c   Code   RO         6645    i.delay_us          delay.o
    0x08009d44   0x08009d44   0x00000084   Code   RO         7419    i.detect_param_init  detect_task.o
    0x08009dc8   0x08009dc8   0x00000030   Code   RO         7420    i.detect_task       detect_task.o
    0x08009df8   0x08009df8   0x000000f0   Code   RO         8677    i.dma_buffer_to_unpack_buffer  data_packet.o
    0x08009ee8   0x08009ee8   0x0000013c   Code   RO         7493    i.dodge_handler     gimbal_task.o
    0x0800a024   0x0800a024   0x000000bc   Code   RO         7031    i.encoder_data_handler  bsp_can.o
    0x0800a0e0   0x0800a0e0   0x00000018   Code   RO         7421    i.err_detector_hook  detect_task.o
    0x0800a0f8   0x0800a0f8   0x00000060   Code   RO         8582    i.fifo_s_get        data_fifo.o
    0x0800a158   0x0800a158   0x0000007e   Code   RO         8583    i.fifo_s_gets       data_fifo.o
    0x0800a1d6   0x0800a1d6   0x00000042   Code   RO         8584    i.fifo_s_init       data_fifo.o
    0x0800a218   0x0800a218   0x00000084   Code   RO         8587    i.fifo_s_puts       data_fifo.o
    0x0800a29c   0x0800a29c   0x00000010   Code   RO         8588    i.fifo_used_count   data_fifo.o
    0x0800a2ac   0x0800a2ac   0x00000018   Code   RO         8130    i.firc_ctrl         keyboard.o
    0x0800a2c4   0x0800a2c4   0x0000002c   Code   RO            5    i.flash_cali        main.o
    0x0800a2f0   0x0800a2f0   0x00000052   Code   RO         7494    i.getFeedforwardControl  gimbal_task.o
    0x0800a342   0x0800a342   0x000000e8   Code   RO        10345    i.get_angle         AHRS.lib(ahrs.o)
    0x0800a42a   0x0800a42a   0x00000002   PAD
    0x0800a42c   0x0800a42c   0x00000038   Code   RO         8393    i.get_buffer        power_control.o
    0x0800a464   0x0800a464   0x00000034   Code   RO         7666    i.get_chassis_info  info_get_task.o
    0x0800a498   0x0800a498   0x00000028   Code   RO         8394    i.get_chassis_max_power  power_control.o
    0x0800a4c0   0x0800a4c0   0x000000c8   Code   RO         7759    i.get_chassis_mode  modeswitch_task.o
    0x0800a588   0x0800a588   0x00000034   Code   RO         8520    i.get_crc16_check_sum  protocol.o
    0x0800a5bc   0x0800a5bc   0x00000024   Code   RO         8521    i.get_crc8_check_sum  protocol.o
    0x0800a5e0   0x0800a5e0   0x0000001a   Code   RO         8678    i.get_dma_memory_msg  data_packet.o
    0x0800a5fa   0x0800a5fa   0x00000002   PAD
    0x0800a5fc   0x0800a5fc   0x000000dc   Code   RO         7667    i.get_gimbal_info   info_get_task.o
    0x0800a6d8   0x0800a6d8   0x000000b0   Code   RO         7760    i.get_gimbal_mode   modeswitch_task.o
    0x0800a788   0x0800a788   0x00000020   Code   RO         7668    i.get_global_last_info  info_get_task.o
    0x0800a7a8   0x0800a7a8   0x00000168   Code   RO         8898    i.get_infantry_info  pc_tx_data.o
    0x0800a910   0x0800a910   0x00000108   Code   RO         7761    i.get_keyboard      modeswitch_task.o
    0x0800aa18   0x0800aa18   0x00000034   Code   RO         7762    i.get_last_mode     modeswitch_task.o
    0x0800aa4c   0x0800aa4c   0x000000c8   Code   RO         7763    i.get_main_mode     modeswitch_task.o
    0x0800ab14   0x0800ab14   0x00000010   Code   RO         7032    i.get_moto_offset   bsp_can.o
    0x0800ab24   0x0800ab24   0x000000a0   Code   RO         8131    i.get_mouse_status  keyboard.o
    0x0800abc4   0x0800abc4   0x00000028   Code   RO         7669    i.get_relative_pos  info_get_task.o
    0x0800abec   0x0800abec   0x00000018   Code   RO         7670    i.get_shoot_info    info_get_task.o
    0x0800ac04   0x0800ac04   0x0000003c   Code   RO         7764    i.get_shoot_mode    modeswitch_task.o
    0x0800ac40   0x0800ac40   0x00000010   Code   RO         8899    i.get_upload_data   pc_tx_data.o
    0x0800ac50   0x0800ac50   0x00000030   Code   RO         7422    i.gimbal_is_controllable  detect_task.o
    0x0800ac80   0x0800ac80   0x00000054   Code   RO         8049    i.gimbal_operation_func  remote_ctrl.o
    0x0800acd4   0x0800acd4   0x000002d8   Code   RO         7496    i.gimbal_param_init  gimbal_task.o
    0x0800afac   0x0800afac   0x0000005c   Code   RO         8132    i.gimbal_speed_ctrl  keyboard.o
    0x0800b008   0x0800b008   0x00000834   Code   RO         7497    i.gimbal_task       gimbal_task.o
    0x0800b83c   0x0800b83c   0x000000cc   Code   RO         7604    i.imu_cali_slove    imu_task.o
    0x0800b908   0x0800b908   0x0000020c   Code   RO         7605    i.imu_task          imu_task.o
    0x0800bb14   0x0800bb14   0x00000010   Code   RO          456    i.inHandlerMode     stm32_tim_base.o
    0x0800bb24   0x0800bb24   0x000000d0   Code   RO         7671    i.info_get_task     info_get_task.o
    0x0800bbf4   0x0800bbf4   0x00000028   Code   RO         7498    i.initFeedforwardParam  gimbal_task.o
    0x0800bc1c   0x0800bc1c   0x0000008c   Code   RO         7499    i.init_mode_handler  gimbal_task.o
    0x0800bca8   0x0800bca8   0x00000054   Code   RO         7720    i.judge_rx_task     judge_task.o
    0x0800bcfc   0x0800bcfc   0x000000b0   Code   RO         7721    i.judge_tx_task     judge_task.o
    0x0800bdac   0x0800bdac   0x00000b84   Code   RO         8780    i.judgement_client_graphics_draw_pack  judge_tx_data.o
    0x0800c930   0x0800c930   0x00000228   Code   RO         8737    i.judgement_data_handler  judge_rx_data.o
    0x0800cb58   0x0800cb58   0x0000006c   Code   RO         8738    i.judgement_rx_param_init  judge_rx_data.o
    0x0800cbc4   0x0800cbc4   0x0000002c   Code   RO         8782    i.judgement_tx_param_init  judge_tx_data.o
    0x0800cbf0   0x0800cbf0   0x000000e0   Code   RO         7987    i.kalman_filter_init  kalman_filter.o
    0x0800ccd0   0x0800ccd0   0x00000020   Code   RO         8050    i.kb_enable_hook    remote_ctrl.o
    0x0800ccf0   0x0800ccf0   0x0000001c   Code   RO         8133    i.kb_shoot_spd_ctrl  keyboard.o
    0x0800cd0c   0x0800cd0c   0x00000080   Code   RO         8134    i.keyboard_chassis_hook  keyboard.o
    0x0800cd8c   0x0800cd8c   0x00000048   Code   RO         8135    i.keyboard_gimbal_hook  keyboard.o
    0x0800cdd4   0x0800cdd4   0x00000070   Code   RO         8136    i.keyboard_global_hook  keyboard.o
    0x0800ce44   0x0800ce44   0x00000088   Code   RO         8137    i.keyboard_shoot_hook  keyboard.o
    0x0800cecc   0x0800cecc   0x000000b8   Code   RO            6    i.main              main.o
    0x0800cf84   0x0800cf84   0x000002cc   Code   RO         7291    i.mecanum_calc      chassis_task.o
    0x0800d250   0x0800d250   0x00000108   Code   RO         7765    i.mode_switch_task  modeswitch_task.o
    0x0800d358   0x0800d358   0x00000064   Code   RO         7424    i.module_offline_detect  detect_task.o
    0x0800d3bc   0x0800d3bc   0x00000254   Code   RO         7500    i.nomarl_handler    gimbal_task.o
    0x0800d610   0x0800d610   0x00000014   Code   RO          457    i.osKernelSysTick   stm32_tim_base.o
    0x0800d624   0x0800d624   0x00000030   Code   RO         5984    i.pcTaskGetName     tasks.o
    0x0800d654   0x0800d654   0x00000040   Code   RO         8861    i.pc_data_handler   pc_rx_data.o
    0x0800d694   0x0800d694   0x00000048   Code   RO         8862    i.pc_rx_param_init  pc_rx_data.o
    0x0800d6dc   0x0800d6dc   0x00000084   Code   RO         7839    i.pc_rx_task        pc_task.o
    0x0800d760   0x0800d760   0x00000018   Code   RO         8900    i.pc_send_data_packet_pack  pc_tx_data.o
    0x0800d778   0x0800d778   0x0000002c   Code   RO         8901    i.pc_tx_param_init  pc_tx_data.o
    0x0800d7a4   0x0800d7a4   0x00000034   Code   RO         7840    i.pc_tx_task        pc_task.o
    0x0800d7d8   0x0800d7d8   0x00000128   Code   RO         8267    i.pid_calc          pid.o
    0x0800d900   0x0800d900   0x0000001a   Code   RO         8268    i.pid_init          pid.o
    0x0800d91a   0x0800d91a   0x00000002   PAD
    0x0800d91c   0x0800d91c   0x00000034   Code   RO         8269    i.pid_reset         pid.o
    0x0800d950   0x0800d950   0x00000070   Code   RO         8679    i.protocol_packet_pack  data_packet.o
    0x0800d9c0   0x0800d9c0   0x00000098   Code   RO         5985    i.prvAddCurrentTaskToDelayedList  tasks.o
    0x0800da58   0x0800da58   0x000000b8   Code   RO         5986    i.prvAddNewTaskToReadyList  tasks.o
    0x0800db10   0x0800db10   0x00000064   Code   RO         6351    i.prvCheckForValidListAndQueue  timers.o
    0x0800db74   0x0800db74   0x00000064   Code   RO         5987    i.prvCheckTasksWaitingTermination  tasks.o
    0x0800dbd8   0x0800dbd8   0x0000002a   Code   RO         5740    i.prvCopyDataFromQueue  queue.o
    0x0800dc02   0x0800dc02   0x0000007c   Code   RO         5741    i.prvCopyDataToQueue  queue.o
    0x0800dc7e   0x0800dc7e   0x00000012   Code   RO         5988    i.prvDeleteTCB      tasks.o
    0x0800dc90   0x0800dc90   0x00000028   Code   RO         6352    i.prvGetNextExpireTime  timers.o
    0x0800dcb8   0x0800dcb8   0x0000007c   Code   RO         6493    i.prvHeapInit       heap_4.o
    0x0800dd34   0x0800dd34   0x00000028   Code   RO         5989    i.prvIdleTask       tasks.o
    0x0800dd5c   0x0800dd5c   0x0000001c   Code   RO         5742    i.prvInitialiseMutex  queue.o
    0x0800dd78   0x0800dd78   0x0000002e   Code   RO         5743    i.prvInitialiseNewQueue  queue.o
    0x0800dda6   0x0800dda6   0x000000b6   Code   RO         5990    i.prvInitialiseNewTask  tasks.o
    0x0800de5c   0x0800de5c   0x00000068   Code   RO         5991    i.prvInitialiseTaskLists  tasks.o
    0x0800dec4   0x0800dec4   0x00000068   Code   RO         6494    i.prvInsertBlockIntoFreeList  heap_4.o
    0x0800df2c   0x0800df2c   0x00000058   Code   RO         6354    i.prvInsertTimerInActiveList  timers.o
    0x0800df84   0x0800df84   0x0000001a   Code   RO         5744    i.prvIsQueueEmpty   queue.o
    0x0800df9e   0x0800df9e   0x0000001e   Code   RO         5745    i.prvIsQueueFull    queue.o
    0x0800dfbc   0x0800dfbc   0x00000090   Code   RO         5746    i.prvNotifyQueueSetContainer  queue.o
    0x0800e04c   0x0800e04c   0x00000064   Code   RO         6355    i.prvProcessExpiredTimer  timers.o
    0x0800e0b0   0x0800e0b0   0x000000f8   Code   RO         6356    i.prvProcessReceivedCommands  timers.o
    0x0800e1a8   0x0800e1a8   0x00000074   Code   RO         6357    i.prvProcessTimerOrBlockTask  timers.o
    0x0800e21c   0x0800e21c   0x00000034   Code   RO         5993    i.prvResetNextTaskUnblockTime  tasks.o
    0x0800e250   0x0800e250   0x0000002c   Code   RO         6358    i.prvSampleTimeNow  timers.o
    0x0800e27c   0x0800e27c   0x0000009e   Code   RO         5994    i.prvSearchForNameWithinSingleList  tasks.o
    0x0800e31a   0x0800e31a   0x00000002   PAD
    0x0800e31c   0x0800e31c   0x000000a0   Code   RO         6359    i.prvSwitchTimerLists  timers.o
    0x0800e3bc   0x0800e3bc   0x00000016   Code   RO         5995    i.prvTaskCheckFreeStackSpace  tasks.o
    0x0800e3d2   0x0800e3d2   0x00000002   PAD
    0x0800e3d4   0x0800e3d4   0x00000040   Code   RO         6555    i.prvTaskExitError  port.o
    0x0800e414   0x0800e414   0x0000001a   Code   RO         6360    i.prvTimerTask      timers.o
    0x0800e42e   0x0800e42e   0x00000092   Code   RO         5747    i.prvUnlockQueue    queue.o
    0x0800e4c0   0x0800e4c0   0x0000013c   Code   RO         6495    i.pvPortMalloc      heap_4.o
    0x0800e5fc   0x0800e5fc   0x00000020   Code   RO         5997    i.pvTaskIncrementMutexHeldCount  tasks.o
    0x0800e61c   0x0800e61c   0x0000002c   Code   RO         6556    i.pxPortInitialiseStack  port.o
    0x0800e648   0x0800e648   0x00000084   Code   RO        10350    i.quat_normalization  AHRS.lib(ahrs.o)
    0x0800e6cc   0x0800e6cc   0x00000014   Code   RO         8234    i.ramp_init         ramp.o
    0x0800e6e0   0x0800e6e0   0x00000028   Code   RO         8051    i.rc_ball_storage_ctrl  remote_ctrl.o
    0x0800e708   0x0800e708   0x00000024   Code   RO         8052    i.rc_fric_ctrl      remote_ctrl.o
    0x0800e72c   0x0800e72c   0x0000007c   Code   RO         8053    i.rc_shoot_cmd      remote_ctrl.o
    0x0800e7a8   0x0800e7a8   0x00000210   Code   RO         8054    i.remote_ctrl       remote_ctrl.o
    0x0800e9b8   0x0800e9b8   0x00000020   Code   RO         8055    i.remote_ctrl_chassis_hook  remote_ctrl.o
    0x0800e9d8   0x0800e9d8   0x00000018   Code   RO         8056    i.remote_ctrl_gimbal_hook  remote_ctrl.o
    0x0800e9f0   0x0800e9f0   0x000000ec   Code   RO         8057    i.remote_ctrl_shoot_hook  remote_ctrl.o
    0x0800eadc   0x0800eadc   0x00000040   Code   RO         7766    i.remote_get_bit    modeswitch_task.o
    0x0800eb1c   0x0800eb1c   0x00000034   Code   RO         7501    i.remote_is_action  gimbal_task.o
    0x0800eb50   0x0800eb50   0x00000038   Code   RO         7033    i.send_cap_power_can  bsp_can.o
    0x0800eb88   0x0800eb88   0x00000064   Code   RO         7034    i.send_chassis_cur  bsp_can.o
    0x0800ebec   0x0800ebec   0x00000050   Code   RO         7035    i.send_fric_cur     bsp_can.o
    0x0800ec3c   0x0800ec3c   0x00000054   Code   RO         7036    i.send_gimbal_cur   bsp_can.o
    0x0800ec90   0x0800ec90   0x00000050   Code   RO         8680    i.send_packed_fifo_data  data_packet.o
    0x0800ece0   0x0800ece0   0x0000017c   Code   RO         7502    i.shoot_buff_ctrl_handler  gimbal_task.o
    0x0800ee5c   0x0800ee5c   0x00000324   Code   RO         7886    i.shoot_bullet_handler  shoot_task.o
    0x0800f180   0x0800f180   0x00000028   Code   RO         8138    i.shoot_cmd_ctrl    keyboard.o
    0x0800f1a8   0x0800f1a8   0x00000104   Code   RO         7887    i.shoot_delay_hanlder  shoot_task.o
    0x0800f2ac   0x0800f2ac   0x00000138   Code   RO         7888    i.shoot_param_init  shoot_task.o
    0x0800f3e4   0x0800f3e4   0x00000018   Code   RO         8139    i.shoot_storage_ctrl  keyboard.o
    0x0800f3fc   0x0800f3fc   0x00000468   Code   RO         7889    i.shoot_task        shoot_task.o
    0x0800f864   0x0800f864   0x0000000e   Code   RO         8140    i.sofe_reset        keyboard.o
    0x0800f872   0x0800f872   0x00000002   PAD
    0x0800f874   0x0800f874   0x00000038   Code   RO         7890    i.speed_limit       shoot_task.o
    0x0800f8ac   0x0800f8ac   0x0000003e   Code   RO        10582    i.sqrtf             m_wm.l(sqrtf_full.o)
    0x0800f8ea   0x0800f8ea   0x00000002   PAD
    0x0800f8ec   0x0800f8ec   0x0000021c   Code   RO          515    i.start_task        start_tack.o
    0x0800fb08   0x0800fb08   0x00000288   Code   RO         7504    i.track_aimor_handler  gimbal_task.o
    0x0800fd90   0x0800fd90   0x00000162   Code   RO         8681    i.unpack_fifo_data  data_packet.o
    0x0800fef2   0x0800fef2   0x0000007a   Code   RO        10351    i.update_w          AHRS.lib(ahrs.o)
    0x0800ff6c   0x0800ff6c   0x00000020   Code   RO         8682    i.usart_send_data   data_packet.o
    0x0800ff8c   0x0800ff8c   0x000000b0   Code   RO         9370    i.usbd_cdc_DataIn   usbd_cdc_core.o
    0x0801003c   0x0801003c   0x00000038   Code   RO         9371    i.usbd_cdc_DataOut  usbd_cdc_core.o
    0x08010074   0x08010074   0x0000002c   Code   RO         9372    i.usbd_cdc_DeInit   usbd_cdc_core.o
    0x080100a0   0x080100a0   0x00000038   Code   RO         9373    i.usbd_cdc_EP0_RxReady  usbd_cdc_core.o
    0x080100d8   0x080100d8   0x00000058   Code   RO         9374    i.usbd_cdc_Init     usbd_cdc_core.o
    0x08010130   0x08010130   0x00000028   Code   RO         9375    i.usbd_cdc_SOF      usbd_cdc_core.o
    0x08010158   0x08010158   0x000000c4   Code   RO         9376    i.usbd_cdc_Setup    usbd_cdc_core.o
    0x0801021c   0x0801021c   0x00000028   Code   RO         5691    i.uxListRemove      list.o
    0x08010244   0x08010244   0x00000028   Code   RO         6000    i.uxTaskGetStackHighWaterMark  tasks.o
    0x0801026c   0x0801026c   0x0000001a   Code   RO         5692    i.vListInitialise   list.o
    0x08010286   0x08010286   0x00000006   Code   RO         5693    i.vListInitialiseItem  list.o
    0x0801028c   0x0801028c   0x00000034   Code   RO         5694    i.vListInsert       list.o
    0x080102c0   0x080102c0   0x00000018   Code   RO         5695    i.vListInsertEnd    list.o
    0x080102d8   0x080102d8   0x00000054   Code   RO         6558    i.vPortEnterCritical  port.o
    0x0801032c   0x0801032c   0x0000003c   Code   RO         6559    i.vPortExitCritical  port.o
    0x08010368   0x08010368   0x00000094   Code   RO         6496    i.vPortFree         heap_4.o
    0x080103fc   0x080103fc   0x00000020   Code   RO         6560    i.vPortSetupTimerInterrupt  port.o
    0x0801041c   0x0801041c   0x00000078   Code   RO         6561    i.vPortValidateInterruptPriority  port.o
    0x08010494   0x08010494   0x0000002c   Code   RO         5753    i.vQueueAddToRegistry  queue.o
    0x080104c0   0x080104c0   0x0000004a   Code   RO         5757    i.vQueueWaitForMessageRestricted  queue.o
    0x0801050a   0x0801050a   0x00000002   PAD
    0x0801050c   0x0801050c   0x000000d4   Code   RO         6007    i.vTaskDelayUntil   tasks.o
    0x080105e0   0x080105e0   0x000000f4   Code   RO         6008    i.vTaskDelete       tasks.o
    0x080106d4   0x080106d4   0x0000000c   Code   RO         6011    i.vTaskMissedYield  tasks.o
    0x080106e0   0x080106e0   0x000000f0   Code   RO         6012    i.vTaskNotifyGiveFromISR  tasks.o
    0x080107d0   0x080107d0   0x00000038   Code   RO         6013    i.vTaskPlaceOnEventList  tasks.o
    0x08010808   0x08010808   0x00000040   Code   RO         6014    i.vTaskPlaceOnEventListRestricted  tasks.o
    0x08010848   0x08010848   0x000000b0   Code   RO         6016    i.vTaskPriorityInherit  tasks.o
    0x080108f8   0x080108f8   0x00000030   Code   RO         6020    i.vTaskSetTimeOutState  tasks.o
    0x08010928   0x08010928   0x0000009c   Code   RO         6021    i.vTaskStartScheduler  tasks.o
    0x080109c4   0x080109c4   0x00000010   Code   RO         6023    i.vTaskSuspendAll   tasks.o
    0x080109d4   0x080109d4   0x000000c4   Code   RO         6024    i.vTaskSwitchContext  tasks.o
    0x08010a98   0x08010a98   0x00000040   Code   RO         8522    i.verify_crc16_check_sum  protocol.o
    0x08010ad8   0x08010ad8   0x00000030   Code   RO         8523    i.verify_crc8_check_sum  protocol.o
    0x08010b08   0x08010b08   0x0000013c   Code   RO         6562    i.xPortStartScheduler  port.o
    0x08010c44   0x08010c44   0x00000034   Code   RO         6563    i.xPortSysTickHandler  port.o
    0x08010c78   0x08010c78   0x00000022   Code   RO         5760    i.xQueueCreateMutex  queue.o
    0x08010c9a   0x08010c9a   0x00000058   Code   RO         5762    i.xQueueGenericCreate  queue.o
    0x08010cf2   0x08010cf2   0x00000002   PAD
    0x08010cf4   0x08010cf4   0x000001c4   Code   RO         5763    i.xQueueGenericReceive  queue.o
    0x08010eb8   0x08010eb8   0x00000098   Code   RO         5764    i.xQueueGenericReset  queue.o
    0x08010f50   0x08010f50   0x000001c8   Code   RO         5765    i.xQueueGenericSend  queue.o
    0x08011118   0x08011118   0x00000108   Code   RO         5766    i.xQueueGenericSendFromISR  queue.o
    0x08011220   0x08011220   0x0000008c   Code   RO         6025    i.xTaskCheckForTimeOut  tasks.o
    0x080112ac   0x080112ac   0x00000060   Code   RO         6026    i.xTaskCreate       tasks.o
    0x0801130c   0x0801130c   0x00000104   Code   RO         6027    i.xTaskGenericNotify  tasks.o
    0x08011410   0x08011410   0x00000144   Code   RO         6028    i.xTaskGenericNotifyFromISR  tasks.o
    0x08011554   0x08011554   0x000000a4   Code   RO         6030    i.xTaskGetHandle    tasks.o
    0x080115f8   0x080115f8   0x00000020   Code   RO         6031    i.xTaskGetSchedulerState  tasks.o
    0x08011618   0x08011618   0x0000000c   Code   RO         6032    i.xTaskGetTickCount  tasks.o
    0x08011624   0x08011624   0x00000014   Code   RO         6033    i.xTaskGetTickCountFromISR  tasks.o
    0x08011638   0x08011638   0x00000148   Code   RO         6034    i.xTaskIncrementTick  tasks.o
    0x08011780   0x08011780   0x000000a0   Code   RO         6036    i.xTaskNotifyWait   tasks.o
    0x08011820   0x08011820   0x000000c8   Code   RO         6037    i.xTaskPriorityDisinherit  tasks.o
    0x080118e8   0x080118e8   0x00000098   Code   RO         6038    i.xTaskRemoveFromEventList  tasks.o
    0x08011980   0x08011980   0x00000104   Code   RO         6040    i.xTaskResumeAll    tasks.o
    0x08011a84   0x08011a84   0x00000054   Code   RO         6364    i.xTimerCreateTimerTask  timers.o
    0x08011ad8   0x08011ad8   0x00000084   Code   RO         6365    i.xTimerGenericCommand  timers.o
    0x08011b5c   0x08011b5c   0x00000018   Data   RO         7506    .constdata          gimbal_task.o
    0x08011b74   0x08011b74   0x0000000c   Data   RO         7608    .constdata          imu_task.o
    0x08011b80   0x08011b80   0x00000302   Data   RO         8524    .constdata          protocol.o
    0x08011e82   0x08011e82   0x00000002   PAD
    0x08011e84   0x08011e84   0x0000000c   Data   RO        10352    .constdata          AHRS.lib(ahrs.o)
    0x08011e90   0x08011e90   0x00000804   Data   RO        10485    .constdata          arm_cortexM4lf_math.lib(arm_common_tables.o)
    0x08012694   0x08012694   0x00000020   Data   RO        10734    Region$$Table       anon$$obj.o


    Execution Region RW_IRAM1 (Exec base: 0x20000000, Load base: 0x080126b4, Size: 0x0001f8a0, Max: 0x00020000, ABSOLUTE, COMPRESSED[0x00000284])

    Exec Addr    Load Addr    Size         Type   Attr      Idx    E Section Name        Object

    0x20000000   COMPRESSED   0x00000014   Data   RW          414    .data               system_stm32f4xx.o
    0x20000014   COMPRESSED   0x00000004   Data   RW          458    .data               stm32_tim_base.o
    0x20000018   COMPRESSED   0x00000034   Data   RW          516    .data               start_tack.o
    0x2000004c   COMPRESSED   0x00000056   Data   RW          604    .data               usbd_desc.o
    0x200000a2   COMPRESSED   0x00000002   PAD
    0x200000a4   COMPRESSED   0x0000001c   Data   RW          686    .data               usbd_usr.o
    0x200000c0   COMPRESSED   0x00000010   Data   RW         3412    .data               stm32f4xx_rcc.o
    0x200000d0   COMPRESSED   0x00000044   Data   RW         6043    .data               tasks.o
    0x20000114   COMPRESSED   0x00000014   Data   RW         6371    .data               timers.o
    0x20000128   COMPRESSED   0x00000018   Data   RW         6501    .data               heap_4.o
    0x20000140   COMPRESSED   0x0000000c   Data   RW         6564    .data               port.o
    0x2000014c   COMPRESSED   0x00000004   Data   RW         6646    .data               delay.o
    0x20000150   COMPRESSED   0x00000002   Data   RW         6834    .data               rc.o
    0x20000152   COMPRESSED   0x00000002   PAD
    0x20000154   COMPRESSED   0x00000022   Data   RW         7038    .data               bsp_can.o
    0x20000176   COMPRESSED   0x00000002   PAD
    0x20000178   COMPRESSED   0x00000010   Data   RW         7159    .data               bsp_dwt.o
    0x20000188   COMPRESSED   0x00000024   Data   RW         7229    .data               bsp_usb.o
    0x200001ac   COMPRESSED   0x000000d8   Data   RW         7293    .data               chassis_task.o
    0x20000284   COMPRESSED   0x00000004   Data   RW         7388    .data               comm_task.o
    0x20000288   COMPRESSED   0x00000008   Data   RW         7427    .data               detect_task.o
    0x20000290   COMPRESSED   0x00000259   Data   RW         7507    .data               gimbal_task.o
    0x200004e9   COMPRESSED   0x00000003   PAD
    0x200004ec   COMPRESSED   0x0000008c   Data   RW         7609    .data               imu_task.o
    0x20000578   COMPRESSED   0x00000018   Data   RW         7672    .data               info_get_task.o
    0x20000590   COMPRESSED   0x0000007a   Data   RW         7722    .data               judge_task.o
    0x2000060a   COMPRESSED   0x00000002   PAD
    0x2000060c   COMPRESSED   0x00000040   Data   RW         7767    .data               modeswitch_task.o
    0x2000064c   COMPRESSED   0x00000030   Data   RW         7843    .data               pc_task.o
    0x2000067c   COMPRESSED   0x000000a5   Data   RW         7892    .data               shoot_task.o
    0x20000721   COMPRESSED   0x00000003   PAD
    0x20000724   COMPRESSED   0x00000010   Data   RW         8059    .data               remote_ctrl.o
    0x20000734   COMPRESSED   0x00000008   Data   RW         8142    .data               keyboard.o
    0x2000073c   COMPRESSED   0x00000008   Data   RW         8395    .data               power_control.o
    0x20000744   COMPRESSED   0x00000002   Data   RW         8525    .data               protocol.o
    0x20000746   COMPRESSED   0x00000002   PAD
    0x20000748   COMPRESSED   0x00000009   Data   RW         8684    .data               data_packet.o
    0x20000751   COMPRESSED   0x00000003   PAD
    0x20000754   COMPRESSED   0x00000008   Data   RW         8740    .data               judge_rx_data.o
    0x2000075c   COMPRESSED   0x0000005d   Data   RW         8786    .data               judge_tx_data.o
    0x200007b9   COMPRESSED   0x00000003   PAD
    0x200007bc   COMPRESSED   0x00000004   Data   RW         8864    .data               pc_rx_data.o
    0x200007c0   COMPRESSED   0x0000000c   Data   RW         8903    .data               pc_tx_data.o
    0x200007cc   COMPRESSED   0x00000004   PAD
    0x200007d0   COMPRESSED   0x00000050   Data   RW         8965    .data               bmi088driver.o
    0x20000820   COMPRESSED   0x00000098   Data   RW         9378    .data               usbd_cdc_core.o
    0x200008b8   COMPRESSED   0x00000034   Data   RW         9464    .data               usbd_core.o
    0x200008ec   COMPRESSED   0x0000000d   Data   RW         9625    .data               usbd_req.o
    0x200008f9   COMPRESSED   0x00000003   PAD
    0x200008fc   COMPRESSED   0x00000010   Data   RW        10353    .data               AHRS.lib(ahrs.o)
    0x2000090c   COMPRESSED   0x00000004   Data   RW        10719    .data               mc_w.l(errno.o)
    0x20000910        -       0x000005f4   Zero   RW            7    .bss                main.o
    0x20000f04        -       0x00000040   Zero   RW          603    .bss                usbd_desc.o
    0x20000f44        -       0x00000040   Zero   RW         5777    .bss                queue.o
    0x20000f84        -       0x000002e4   Zero   RW         6042    .bss                tasks.o
    0x20001268        -       0x00000028   Zero   RW         6370    .bss                timers.o
    0x20001290        -       0x00019000   Zero   RW         6500    .bss                heap_4.o
    0x2001a290        -       0x00000010   Zero   RW         6767    .bss                usart.o
    0x2001a2a0        -       0x00000016   Zero   RW         6833    .bss                rc.o
    0x2001a2b6        -       0x00000c9a   Zero   RW         6876    .bss                dma.o
    0x2001af50        -       0x00000250   Zero   RW         7037    .bss                bsp_can.o
    0x2001b1a0        -       0x0000000c   Zero   RW         7112    .bss                bsp_flash.o
    0x2001b1ac        -       0x00000040   Zero   RW         7228    .bss                bsp_usb.o
    0x2001b1ec        -       0x00000040   Zero   RW         7292    .bss                chassis_task.o
    0x2001b22c        -       0x00000012   Zero   RW         7387    .bss                comm_task.o
    0x2001b23e   COMPRESSED   0x00000002   PAD
    0x2001b240        -       0x000001e0   Zero   RW         7426    .bss                detect_task.o
    0x2001b420        -       0x000001a0   Zero   RW         7505    .bss                gimbal_task.o
    0x2001b5c0        -       0x000000c4   Zero   RW         7607    .bss                imu_task.o
    0x2001b684        -       0x0000002d   Zero   RW         7891    .bss                shoot_task.o
    0x2001b6b1   COMPRESSED   0x00000003   PAD
    0x2001b6b4        -       0x00000014   Zero   RW         8058    .bss                remote_ctrl.o
    0x2001b6c8        -       0x00000040   Zero   RW         8141    .bss                keyboard.o
    0x2001b708        -       0x000008c4   Zero   RW         8270    .bss                pid.o
    0x2001bfcc        -       0x00000077   Zero   RW         8683    .bss                data_packet.o
    0x2001c043   COMPRESSED   0x00000001   PAD
    0x2001c044        -       0x00000400   Zero   RW         8739    .bss                judge_rx_data.o
    0x2001c444        -       0x0000067c   Zero   RW         8785    .bss                judge_tx_data.o
    0x2001cac0        -       0x00000309   Zero   RW         8863    .bss                pc_rx_data.o
    0x2001cdc9   COMPRESSED   0x00000003   PAD
    0x2001cdcc        -       0x0000021d   Zero   RW         8902    .bss                pc_tx_data.o
    0x2001cfe9   COMPRESSED   0x00000003   PAD
    0x2001cfec        -       0x0000002c   Zero   RW         8963    .bss                bmi088driver.o
    0x2001d018        -       0x00000883   Zero   RW         9377    .bss                usbd_cdc_core.o
    0x2001d89b   COMPRESSED   0x00000005   PAD
    0x2001d8a0        -       0x00002000   Zero   RW          746    STACK               startup_stm32f407xx.o


==============================================================================

Image component sizes


      Code (inc. data)   RO Data    RW Data    ZI Data      Debug   Object Name

       168          4          0          0          0       5396   ahrs_middleware.o
      1954         98          0         80         44      10307   bmi088driver.o
       176         26          0          0          0       4916   bmi088middleware.o
      1212        108          0         34        592       8091   bsp_can.o
       144         40          0         16          0       2137   bsp_dwt.o
       584        104          0          0         12       4556   bsp_flash.o
       288         30          0         36         64       4680   bsp_usb.o
       540         18          0          0          0       2004   can.o
      4000        414          0        216         64      25423   chassis_task.o
       184          8          0          4         18       1760   comm_task.o
       436          0          0          0          0       3905   data_fifo.o
       948         42          0          9        119       6210   data_packet.o
       212         16          0          4          0       1841   delay.o
       384         46          0          8        480       5730   detect_task.o
       448         46          0          0       3226       2661   dma.o
         0          0          0          0          0       9372   event_groups.o
      5174        536         24        601        416      13737   gimbal_task.o
       530         36          0          0          0       2347   gpio.o
       692         62          0         24     102400       4379   heap_4.o
       812        110         12        140        196       6236   imu_task.o
       576         98          0         24          0       3645   info_get_task.o
       660         62          0          8       1024       8773   judge_rx_data.o
       380         40          0        122          0       2792   judge_task.o
      7128        476          0         93       1660      14491   judge_tx_data.o
       336         16          0          0          0       3679   kalman_filter.o
      1122        156          0          8         64      36058   keyboard.o
       114          0          0          0          0       2004   ladrc.o
       148          0          0          0          0       3206   list.o
       228         26          0          0       1524     377381   main.o
       180         24          0          0          0       2065   misc.o
      1280        182          0         64          0       6701   modeswitch_task.o
       136         24          0          4        777       2871   pc_rx_data.o
       296         68          0         48          0       2306   pc_task.o
       444         40          0         12        541       3867   pc_tx_data.o
       620         30          0          0       2244       6555   pid.o
       954         92          0         12          0      11289   port.o
      1222         62          0          8          0       3623   power_control.o
       286         18        770          2          0       4918   protocol.o
      2150         22          0          0         64      15693   queue.o
        20          4          0          0          0        796   ramp.o
       260         26          0          2         22       1545   rc.o
      1320        118          0         16         20       7951   remote_ctrl.o
      2560        280          0        165         45       7094   shoot_task.o
       236         14          0          0          0        681   spi.o
       168          6          0          0          0       2647   st_usb_cdc.o
       584        296          0         52          0     248090   start_tack.o
        36          8        392          0       8192        832   startup_stm32f407xx.o
       208         22          0          4          0       5165   stm32_tim_base.o
      1566         16          0          0          0       6394   stm32f4xx_can.o
       584         40          0          0          0       6692   stm32f4xx_dma.o
       184         16          0          0          0       2072   stm32f4xx_exti.o
       434         46          0          0          0       5002   stm32f4xx_flash.o
       240          0          0          0          0       3495   stm32f4xx_gpio.o
        36          0          0          0          0       3187   stm32f4xx_it.o
       424         54          0         16          0       6370   stm32f4xx_rcc.o
        84          0          0          0          0       1717   stm32f4xx_spi.o
        64          4          0          0          0        652   stm32f4xx_syscfg.o
       798         58          0          0          0       9340   stm32f4xx_tim.o
       736         42          0          0          0       7398   stm32f4xx_usart.o
       340         32          0         20          0       1799   system_stm32f4xx.o
      4700        542          0         68        740      32538   tasks.o
       212         10          0          0          0        798   tim.o
      1138        116          0         20         40      17223   timers.o
       692         40          0          0         16       2343   usart.o
      3426         18          0          0          0      22252   usb_core.o
       666          0          0          0          0       6292   usb_dcd.o
      2240         98          0          0          0      10223   usb_dcd_int.o
       892        110          0        152       2179       9554   usbd_cdc_core.o
       784          6          0         52          0      11096   usbd_core.o
       410        146          0         86         64       6667   usbd_desc.o
       224          0          0          0          0       4796   usbd_ioreq.o
      1756         56          0         13          0      11126   usbd_req.o
        30          0          0         28          0       3429   usbd_usr.o

    ----------------------------------------------------------------------
     65256       5404       1232       2300     126864    1104861   Object Totals
         0          0         32          0          0          0   (incl. Generated)
        58          0          2         29         17          0   (incl. Padding)

    ----------------------------------------------------------------------

      Code (inc. data)   RO Data    RW Data    ZI Data      Debug   Library Member Name

      2718         84         12         16          0       9922   ahrs.o
         0          0       2052          0          0       4636   arm_common_tables.o
       120         12          0          0          0      16970   arm_cos_f32.o
         8          0          0          0          0        843   arm_mat_init_f32.o
       276          0          0          0          0       1516   arm_mat_trans_f32.o
       116         12          0          0          0        658   arm_sin_f32.o
       300         42          0          0          0        176   asinf.o
       684         90          0          0          0        208   atan2f.o
        32          8          0          0          0        124   dunder.o
        20          0          0          0          0        124   fabs.o
       260          6          0          0          0        144   fmod.o
        38          0          0          0          0        116   fpclassifyf.o
        44         12          0          0          0        464   funder.o
       122          0          0          0          0        148   sqrt_full.o
       120          0          0          0          0        272   sqrtf_full.o
        86          0          0          0          0          0   __dczerorl2.o
         0          0          0          0          0          0   entry.o
         0          0          0          0          0          0   entry10a.o
         0          0          0          0          0          0   entry11a.o
         4          0          0          0          0          0   entry12b.o
         8          4          0          0          0          0   entry2.o
         4          0          0          0          0          0   entry5.o
         0          0          0          0          0          0   entry7b.o
         0          0          0          0          0          0   entry8b.o
         8          4          0          0          0          0   entry9a.o
        12          6          0          4          0         68   errno.o
        30          0          0          0          0          0   handlers.o
        36          8          0          0          0         68   init.o
         0          0          0          0          0          0   iusefp.o
        30          0          0          0          0         68   llshl.o
        36          0          0          0          0         68   llsshr.o
        32          0          0          0          0         68   llushr.o
        36          0          0          0          0         68   memcpya.o
        36          0          0          0          0        108   memseta.o
        18          0          0          0          0         68   strcpy.o
        14          0          0          0          0         68   strlen.o
        48          0          0          0          0         68   cdcmple.o
        56          0          0          0          0         88   d2f.o
       334          0          0          0          0        148   dadd.o
       222          0          0          0          0        100   ddiv.o
       186          0          0          0          0        176   depilogue.o
        50          0          0          0          0         76   dfixui.o
        34          0          0          0          0         76   dflti.o
        26          0          0          0          0         76   dfltui.o
       228          0          0          0          0         96   dmul.o
       134          0          0          0          0         96   drem.o
       162          0          0          0          0        100   dsqrt.o
        38          0          0          0          0         68   f2d.o
       110          0          0          0          0        168   fepilogue.o

    ----------------------------------------------------------------------
      6892        288       2064         20          0      38309   Library Totals
        16          0          0          0          0          0   (incl. Padding)

    ----------------------------------------------------------------------

      Code (inc. data)   RO Data    RW Data    ZI Data      Debug   Library Name

      2718         84         12         16          0       9922   AHRS.lib
       520         24       2052          0          0      24623   arm_cortexM4lf_math.lib
      1620        158          0          0          0       1776   m_wm.l
       390         22          0          4          0        652   mc_w.l
      1628          0          0          0          0       1336   mf_w.l

    ----------------------------------------------------------------------
      6892        288       2064         20          0      38309   Library Totals

    ----------------------------------------------------------------------

==============================================================================


      Code (inc. data)   RO Data    RW Data    ZI Data      Debug   

     72148       5692       3296       2320     126864    1094366   Grand Totals
     72148       5692       3296        644     126864    1094366   ELF Image Totals (compressed)
     72148       5692       3296        644          0          0   ROM Totals

==============================================================================

    Total RO  Size (Code + RO Data)                75444 (  73.68kB)
    Total RW  Size (RW Data + ZI Data)            129184 ( 126.16kB)
    Total ROM Size (Code + RO Data + RW Data)      76088 (  74.30kB)

==============================================================================

