<html>
<body>
<pre>
<h1>µVision Build Log</h1>
<h2>Tool Versions:</h2>
IDE-Version: ¦ÌVision V5.14.0.0
Copyright (C) 2015 ARM Ltd and ARM Germany GmbH. All rights reserved.
License Information:  ,  , LIC=KRMW3-A8HUG-745S0-B3QYU-E4BU2-Q8SLA
 
Tool Versions:
Toolchain:       MDK-ARM Standard  Version: 5.14.0.0
Toolchain Path:  D:\Keil_v5\ARM\ARMCC\Bin
C Compiler:      Armcc.exe V5.05 update 1 (build 106)
Assembler:       Armasm.exe V5.05 update 1 (build 106)
Linker/Locator:  ArmLink.exe V5.05 update 1 (build 106)
Library Manager: ArmAr.exe V5.05 update 1 (build 106)
Hex Converter:   FromElf.exe V5.05 update 1 (build 106)
CPU DLL:         SARMCM3.DLL V5.14.0.0
Dialog DLL:      DCM.DLL V1.13.1.0
Target DLL:      Segger\JL2CM3.dll V2.99.13.0
Dialog DLL:      TCM.DLL V1.14.4.0
 
<h2>Project:</h2>
C:\Users\28434\Desktop\RM\²½±ø\test-code\Omni Wheel\USER\engineering.uvprojx
Project File Date:  05/16/2024

<h2>Output:</h2>
Build target 'ENGINEER'
compiling gimbal_task.c...
..\USER_CONF\sys_config.h(109): warning:  #47-D: incompatible redefinition of macro "ENCODER_ANGLE_RATIO" (declared at line 9 of "..\BSP_CONF\bsp_can.h")
  #define ENCODER_ANGLE_RATIO (8192.0f / 360.0f)
..\TASK\gimbal_task.c(663): warning:  #1035-D: single-precision operand implicitly converted to double-precision
                Myt += 0.002;
..\TASK\gimbal_task.c(666): warning:  #1035-D: single-precision operand implicitly converted to double-precision
                        MyF = MyF + 0.7;
..\TASK\gimbal_task.c: 3 warnings, 0 errors
linking...
Program Size: Code=71788 RO-data=3296 RW-data=2196 ZI-data=126876  
FromELF: creating hex file...
"..\OBJ\engineering.axf" - 0 Error(s), 3 Warning(s).

<h2>Collection of Component include folders:</h2>
  C:\Users\28434\Desktop\RM\²½±ø\test-code\Omni Wheel\USER\RTE
  D:\Keil_v5\ARM\PACK\Keil\STM32F4xx_DFP\2.17.0

<h2>Collection of Component Files used:</h2>
</pre>
</body>
</html>
