Component: ARM Compiler 5.06 update 7 (build 960) Tool: armlink [4d3601]

==============================================================================

Section Cross References

    main.o(i.Config_SystemClock) refers to stm32f4xx_rcc.o(i.RCC_DeInit) for RCC_DeInit
    main.o(i.Config_SystemClock) refers to stm32f4xx_rcc.o(i.RCC_HSEConfig) for RCC_HSEConfig
    main.o(i.Config_SystemClock) refers to stm32f4xx_rcc.o(i.RCC_HSICmd) for RCC_HSICmd
    main.o(i.Config_SystemClock) refers to stm32f4xx_rcc.o(i.RCC_WaitForHSEStartUp) for RCC_WaitForHSEStartUp
    main.o(i.Config_SystemClock) refers to stm32f4xx_rcc.o(i.RCC_ClockSecuritySystemCmd) for RCC_ClockSecuritySystemCmd
    main.o(i.Config_SystemClock) refers to stm32f4xx_rcc.o(i.RCC_PLLConfig) for RCC_PLLConfig
    main.o(i.Config_SystemClock) refers to stm32f4xx_rcc.o(i.RCC_PLLCmd) for RCC_PLLCmd
    main.o(i.Config_SystemClock) refers to stm32f4xx_rcc.o(i.RCC_HCLKConfig) for RCC_HCLKConfig
    main.o(i.Config_SystemClock) refers to stm32f4xx_rcc.o(i.RCC_PCLK1Config) for RCC_PCLK1Config
    main.o(i.Config_SystemClock) refers to stm32f4xx_rcc.o(i.RCC_PCLK2Config) for RCC_PCLK2Config
    main.o(i.Config_SystemClock) refers to stm32f4xx_rcc.o(i.RCC_GetFlagStatus) for RCC_GetFlagStatus
    main.o(i.Config_SystemClock) refers to stm32f4xx_rcc.o(i.RCC_SYSCLKConfig) for RCC_SYSCLKConfig
    main.o(i.flash_cali) refers to bsp_flash.o(i.BSP_FLASH_READ) for BSP_FLASH_READ
    main.o(i.flash_cali) refers to bsp_flash.o(.bss) for cali_param
    main.o(i.flash_cali) refers to gimbal_task.o(.bss) for gimbal
    main.o(i.main) refers to delay.o(i.SysTick_Init) for SysTick_Init
    main.o(i.main) refers to misc.o(i.NVIC_PriorityGroupConfig) for NVIC_PriorityGroupConfig
    main.o(i.main) refers to usbd_core.o(i.USBD_Init) for USBD_Init
    main.o(i.main) refers to stm32_tim_base.o(i.TIM_BASE_Init) for TIM_BASE_Init
    main.o(i.main) refers to gpio.o(i.GPIO_INIT) for GPIO_INIT
    main.o(i.main) refers to tim.o(i.TIM8_DEVICE) for TIM8_DEVICE
    main.o(i.main) refers to tim.o(i.TIM1_DEVICE) for TIM1_DEVICE
    main.o(i.main) refers to tim.o(i.TIM10_DEVICE) for TIM10_DEVICE
    main.o(i.main) refers to can.o(i.CAN1_DEVICE) for CAN1_DEVICE
    main.o(i.main) refers to can.o(i.CAN2_DEVICE) for CAN2_DEVICE
    main.o(i.main) refers to usart.o(i.USART3_DEVICE) for USART3_DEVICE
    main.o(i.main) refers to usart.o(i.USART1_DEVICE) for USART1_DEVICE
    main.o(i.main) refers to usart.o(i.USART6_DEVICE) for USART6_DEVICE
    main.o(i.main) refers to spi.o(i.SPI_DEVICE) for SPI_DEVICE
    main.o(i.main) refers to gimbal_task.o(i.gimbal_param_init) for gimbal_param_init
    main.o(i.main) refers to chassis_task.o(i.chassis_param_init) for chassis_param_init
    main.o(i.main) refers to shoot_task.o(i.shoot_param_init) for shoot_param_init
    main.o(i.main) refers to detect_task.o(i.detect_param_init) for detect_param_init
    main.o(i.main) refers to judge_rx_data.o(i.judgement_rx_param_init) for judgement_rx_param_init
    main.o(i.main) refers to judge_tx_data.o(i.judgement_tx_param_init) for judgement_tx_param_init
    main.o(i.main) refers to pc_rx_data.o(i.pc_rx_param_init) for pc_rx_param_init
    main.o(i.main) refers to pc_tx_data.o(i.pc_tx_param_init) for pc_tx_param_init
    main.o(i.main) refers to bsp_dwt.o(i.DWT_Init) for DWT_Init
    main.o(i.main) refers to main.o(i.flash_cali) for flash_cali
    main.o(i.main) refers to bmi088driver.o(i.BMI088_init) for BMI088_init
    main.o(i.main) refers to start_tack.o(i.TASK_START) for TASK_START
    main.o(i.main) refers to tasks.o(i.vTaskStartScheduler) for vTaskStartScheduler
    main.o(i.main) refers to usbd_usr.o(.data) for USR_cb
    main.o(i.main) refers to usbd_cdc_core.o(.data) for USBD_CDC_cb
    main.o(i.main) refers to usbd_desc.o(.data) for USR_desc
    main.o(i.main) refers to main.o(.bss) for USB_OTG_dev
    stm32f4xx_it.o(i.SysTick_Handler) refers to tasks.o(i.xTaskGetSchedulerState) for xTaskGetSchedulerState
    stm32f4xx_it.o(i.SysTick_Handler) refers to port.o(i.xPortSysTickHandler) for xPortSysTickHandler
    system_stm32f4xx.o(i.SystemCoreClockUpdate) refers to system_stm32f4xx.o(.data) for SystemCoreClock
    system_stm32f4xx.o(i.SystemInit) refers to system_stm32f4xx.o(i.SetSysClock) for SetSysClock
    stm32_tim_base.o(i.HAL_GetTick) refers to stm32_tim_base.o(.data) for uwTick
    stm32_tim_base.o(i.HAL_IncTick) refers to stm32_tim_base.o(.data) for uwTick
    stm32_tim_base.o(i.TIM4_IRQHandler) refers to stm32f4xx_tim.o(i.TIM_GetITStatus) for TIM_GetITStatus
    stm32_tim_base.o(i.TIM4_IRQHandler) refers to stm32_tim_base.o(i.HAL_IncTick) for HAL_IncTick
    stm32_tim_base.o(i.TIM4_IRQHandler) refers to stm32f4xx_tim.o(i.TIM_ClearITPendingBit) for TIM_ClearITPendingBit
    stm32_tim_base.o(i.TIM_BASE_Init) refers to stm32f4xx_rcc.o(i.RCC_APB1PeriphClockCmd) for RCC_APB1PeriphClockCmd
    stm32_tim_base.o(i.TIM_BASE_Init) refers to stm32f4xx_tim.o(i.TIM_TimeBaseInit) for TIM_TimeBaseInit
[...]
    heat_limit_pid                           0x20000670   Data          12  shoot_task.o(.data)
    heat_time_pid                            0x2000067c   Data          12  shoot_task.o(.data)
    speedlimit                               0x20000688   Data          12  shoot_task.o(.data)
    last_shoot_speed                         0x20000694   Data           4  shoot_task.o(.data)
    settime                                  0x20000698   Data           4  shoot_task.o(.data)
    heat_time_p                              0x2000069c   Data           4  shoot_task.o(.data)
    radio_freq                               0x200006a0   Data           4  shoot_task.o(.data)
    single_shoot_angle                       0x200006a4   Data           4  shoot_task.o(.data)
    single_time                              0x200006a8   Data           2  shoot_task.o(.data)
    continue_time                            0x200006aa   Data           2  shoot_task.o(.data)
    surplus_heat                             0x200006ac   Data           4  shoot_task.o(.data)
    extra_time                               0x200006b0   Data           4  shoot_task.o(.data)
    shoot_delay                              0x200006b4   Data           4  shoot_task.o(.data)
    switch_freq                              0x200006b8   Data           1  shoot_task.o(.data)
    Angle                                    0x200006bc   Data           4  shoot_task.o(.data)
    glb_sw                                   0x200006c0   Data           4  remote_ctrl.o(.data)
    mouse_x_now                              0x200006c4   Data           2  remote_ctrl.o(.data)
    mouse_x_last                             0x200006c6   Data           2  remote_ctrl.o(.data)
    deviation                                0x200006c8   Data           2  remote_ctrl.o(.data)
    num                                      0x200006cc   Data           4  remote_ctrl.o(.data)
    yaw_speed                                0x200006d0   Data           4  keyboard.o(.data)
    CRC_INIT                                 0x200006d8   Data           2  protocol.o(.data)
    dma_write_len                            0x200006dc   Data           4  data_packet.o(.data)
    fifo_overflow                            0x200006e0   Data           4  data_packet.o(.data)
    interover_data_overflow                  0x200006ec   Data           1  judge_rx_data.o(.data)
    CMD_ID                                   0x200006ee   Data           2  judge_rx_data.o(.data)
    debug_start_angle                        0x200006f4   Data           4  judge_tx_data.o(.data)
    debug_end_angle                          0x200006f8   Data           4  judge_tx_data.o(.data)
    debug_width                              0x200006fc   Data           4  judge_tx_data.o(.data)
    debug_start_x                            0x20000700   Data           4  judge_tx_data.o(.data)
    debug_start_y                            0x20000704   Data           4  judge_tx_data.o(.data)
    debug_radius                             0x20000708   Data           4  judge_tx_data.o(.data)
    debug_end_x                              0x2000070c   Data           4  judge_tx_data.o(.data)
    debug_end_y                              0x20000710   Data           4  judge_tx_data.o(.data)
    cha                                      0x20000714   Data           4  judge_tx_data.o(.data)
    last_chassis                             0x20000718   Data           4  judge_tx_data.o(.data)
    gim                                      0x2000071c   Data           4  judge_tx_data.o(.data)
    last_gimbal                              0x20000720   Data           4  judge_tx_data.o(.data)
    sho                                      0x20000724   Data           4  judge_tx_data.o(.data)
    last_shoot                               0x20000728   Data           4  judge_tx_data.o(.data)
    view                                     0x2000072c   Data           4  judge_tx_data.o(.data)
    last_view                                0x20000730   Data           4  judge_tx_data.o(.data)
    c                                        0x20000734   Data           4  judge_tx_data.o(.data)
    g                                        0x20000738   Data           4  judge_tx_data.o(.data)
    s                                        0x2000073c   Data           4  judge_tx_data.o(.data)
    v                                        0x20000740   Data           4  judge_tx_data.o(.data)
    Line_mask                                0x20000744   Data           1  judge_tx_data.o(.data)
    text_mask                                0x20000745   Data           1  judge_tx_data.o(.data)
    Chassis_mask                             0x20000746   Data           1  judge_tx_data.o(.data)
    Gimbal_mask                              0x20000747   Data           1  judge_tx_data.o(.data)
    Shoot_mask                               0x20000748   Data           1  judge_tx_data.o(.data)
    view_mask                                0x20000749   Data           1  judge_tx_data.o(.data)
    Idle_mask                                0x2000074a   Data           1  judge_tx_data.o(.data)
    pc_tx_packet_id                          0x2000075c   Data           1  pc_tx_data.o(.data)
    count_cali_count                         0x20000760   Data           4  pc_tx_data.o(.data)
    BMI088_ACCEL_SEN                         0x20000768   Data           4  bmi088driver.o(.data)
    BMI088_GYRO_SEN                          0x2000076c   Data           4  bmi088driver.o(.data)
    caliOffset                               0x20000770   Data           1  bmi088driver.o(.data)
    CmdBuff                                  0x200007b4   Data           8  usbd_cdc_core.o(.data)
    APP_Rx_ptr_in                            0x200007bc   Data           4  usbd_cdc_core.o(.data)
    APP_Rx_ptr_out                           0x200007c0   Data           4  usbd_cdc_core.o(.data)
    APP_Rx_length                            0x200007c4   Data           4  usbd_cdc_core.o(.data)
    USB_Tx_State                             0x200007c8   Data           1  usbd_cdc_core.o(.data)
    USBD_CDC_cb                              0x200007d4   Data          44  usbd_cdc_core.o(.data)
    usbd_cdc_CfgDesc                         0x20000800   Data          67  usbd_cdc_core.o(.data)
    SET_TEST_MODE                            0x20000848   Data           4  usbd_core.o(.data)
    USBD_DCD_INT_cb                          0x2000084c   Data          44  usbd_core.o(.data)
    USBD_DCD_INT_fops                        0x20000878   Data           4  usbd_core.o(.data)
    USBD_ep_status                           0x2000087c   Data           4  usbd_req.o(.data)
    USBD_default_cfg                         0x20000880   Data           4  usbd_req.o(.data)
    USBD_cfg_status                          0x20000884   Data           4  usbd_req.o(.data)
    USB_OTG_dev                              0x200008a0   Data        1524  main.o(.bss)
    USBD_StrDesc                             0x20000e94   Data          64  usbd_desc.o(.bss)
    xQueueRegistry                           0x20000ed4   Data          64  queue.o(.bss)
    USART_InitStructure3                     0x2001a220   Data          16  usart.o(.bss)
    rc                                       0x2001a230   Data          22  rc.o(.bss)
    dbus_buf                                 0x2001a246   Data          72  dma.o(.bss)
    usart2_TXbuf                             0x2001a28e   Data          18  dma.o(.bss)
    usart2_RXbuf                             0x2001a2a0   Data          18  dma.o(.bss)
    judge_rxbuf                              0x2001a2b2   Data        2048  dma.o(.bss)
    pc_rxbuf                                 0x2001aab2   Data        1024  dma.o(.bss)
    spi1_rx_buf                              0x2001aeb2   Data          23  dma.o(.bss)
    spi1_tx_buf                              0x2001aec9   Data          23  dma.o(.bss)
    rx1_message                              0x2001aee0   Data          20  bsp_can.o(.bss)
    rx2_message                              0x2001aef4   Data          20  bsp_can.o(.bss)
    moto_chassis                             0x2001af08   Data         240  bsp_can.o(.bss)
    moto_pit                                 0x2001aff8   Data          60  bsp_can.o(.bss)
    moto_yaw                                 0x2001b034   Data          60  bsp_can.o(.bss)
    moto_trigger                             0x2001b070   Data          60  bsp_can.o(.bss)
    moto_fric                                0x2001b0ac   Data         120  bsp_can.o(.bss)
    mpu_data                                 0x2001b124   Data          12  bsp_can.o(.bss)
    cali_param                               0x2001b130   Data          12  bsp_flash.o(.bss)
    USB_USART_RX_BUF                         0x2001b13c   Data          64  bsp_usb.o(.bss)
    chassis                                  0x2001b17c   Data          64  chassis_task.o(.bss)
    glb_cur                                  0x2001b1bc   Data          18  comm_task.o(.bss)
    RCC_Clocks                               0x2001b1d0   Data          16  detect_task.o(.bss)
    global_err                               0x2001b1e0   Data         240  detect_task.o(.bss)
    detect_id                                0x2001b2d0   Data         224  detect_task.o(.bss)
    pit_ramp                                 0x2001b3b0   Data          12  gimbal_task.o(.bss)
    yaw_ramp                                 0x2001b3bc   Data          12  gimbal_task.o(.bss)
    p_ffc                                    0x2001b3c8   Data          20  gimbal_task.o(.bss)
    y_ffc                                    0x2001b3dc   Data          20  gimbal_task.o(.bss)
    pc_kalman_filter_pitch                   0x2001b3f0   Data         108  gimbal_task.o(.bss)
    pc_kalman_filter_yaw                     0x2001b45c   Data         108  gimbal_task.o(.bss)
    gimbal                                   0x2001b4c8   Data          88  gimbal_task.o(.bss)
    atti                                     0x2001b520   Data          36  imu_task.o(.bss)
    EulerAngle                               0x2001b544   Data          12  imu_task.o(.bss)
    gyro_offset                              0x2001b550   Data          12  imu_task.o(.bss)
    gyro_cali_offset                         0x2001b55c   Data          12  imu_task.o(.bss)
    accel_offset                             0x2001b568   Data          12  imu_task.o(.bss)
    accel_cali_offset                        0x2001b574   Data          12  imu_task.o(.bss)
    mag_offset                               0x2001b580   Data          12  imu_task.o(.bss)
    mag_cali_offset                          0x2001b58c   Data          12  imu_task.o(.bss)
    INS_angle                                0x2001b5f0   Data          12  imu_task.o(.bss)
    shoot                                    0x2001b5fc   Data          19  shoot_task.o(.bss)
    trig                                     0x2001b60f   Data          22  shoot_task.o(.bss)
    rm                                       0x2001b628   Data          20  remote_ctrl.o(.bss)
    km                                       0x2001b63c   Data          40  keyboard.o(.bss)
    key_fbramp                               0x2001b664   Data          12  keyboard.o(.bss)
    key_rlramp                               0x2001b670   Data          12  keyboard.o(.bss)
    pid_yaw                                  0x2001b67c   Data          68  pid.o(.bss)
    pid_pit                                  0x2001b6c0   Data          68  pid.o(.bss)
    pid_yaw_spd                              0x2001b704   Data          68  pid.o(.bss)
    pid_pit_spd                              0x2001b748   Data          68  pid.o(.bss)
    pid_spd                                  0x2001b78c   Data         272  pid.o(.bss)
    pid_chassis_angle                        0x2001b89c   Data          68  pid.o(.bss)
    pid_trigger                              0x2001b8e0   Data          68  pid.o(.bss)
    pid_trigger_spd                          0x2001b924   Data          68  pid.o(.bss)
    pid_fric                                 0x2001b968   Data         136  pid.o(.bss)
    pid_heat_limit                           0x2001b9f0   Data          68  pid.o(.bss)
    pid_power                                0x2001ba34   Data          68  pid.o(.bss)
    pid_heat_time                            0x2001ba78   Data          68  pid.o(.bss)
    pid_imu_tmp                              0x2001babc   Data          68  pid.o(.bss)
    pid_buff_yaw                             0x2001bb00   Data          68  pid.o(.bss)
    pid_buff_pit                             0x2001bb44   Data          68  pid.o(.bss)
    pid_buff_yaw_spd                         0x2001bb88   Data          68  pid.o(.bss)
    pid_buff_pit_spd                         0x2001bbcc   Data          68  pid.o(.bss)
    pid_vision_yaw                           0x2001bc10   Data          68  pid.o(.bss)
    pid_vision_pit                           0x2001bc54   Data          68  pid.o(.bss)
    pid_vision_yaw_spd                       0x2001bc98   Data          68  pid.o(.bss)
    pid_vision_pit_spd                       0x2001bcdc   Data          68  pid.o(.bss)
    pid_init_yaw                             0x2001bd20   Data          68  pid.o(.bss)
    pid_init_pit                             0x2001bd64   Data          68  pid.o(.bss)
    pid_init_yaw_spd                         0x2001bda8   Data          68  pid.o(.bss)
    pid_init_pit_spd                         0x2001bdec   Data          68  pid.o(.bss)
    pid_speedlimit                           0x2001be30   Data          68  pid.o(.bss)
    pid_chassis_vw                           0x2001be74   Data          68  pid.o(.bss)
    pid_chassis_power_buffer                 0x2001beb8   Data          68  pid.o(.bss)
    judge_recv_mesg                          0x2001bf74   Data         217  judge_rx_data.o(.bss)
    judge_rx_obj                             0x2001c050   Data          24  judge_rx_data.o(.bss)
    judge_unpack_obj                         0x2001c068   Data         216  judge_rx_data.o(.bss)
    judge_rxdata_fifo                        0x2001c140   Data          28  judge_rx_data.o(.bss)
    judge_send_mesg                          0x2001c350   Data         955  judge_tx_data.o(.bss)
    judge_txdata_fifo                        0x2001c70c   Data          28  judge_tx_data.o(.bss)
    pc_rx_obj                                0x2001c91c   Data          24  pc_rx_data.o(.bss)
    pc_unpack_obj                            0x2001c934   Data         216  pc_rx_data.o(.bss)
    pc_rxdata_fifo                           0x2001ca0c   Data          28  pc_rx_data.o(.bss)
    pc_recv_mesg                             0x2001cc1c   Data           9  pc_rx_data.o(.bss)
    pc_txdata_fifo                           0x2001cc28   Data          28  pc_tx_data.o(.bss)
    pc_send_mesg                             0x2001ce38   Data          13  pc_tx_data.o(.bss)
    BMI088                                   0x2001ce48   Data          44  bmi088driver.o(.bss)
    usbd_cdc_OtherCfgDesc                    0x2001ce74   Data          67  usbd_cdc_core.o(.bss)
    USB_Rx_Buffer                            0x2001ceb7   Data          64  usbd_cdc_core.o(.bss)
    APP_Rx_Buffer                            0x2001cef7   Data        2048  usbd_cdc_core.o(.bss)
    __initial_sp                             0x2001f6f8   Data           0  startup_stm32f407xx.o(STACK)



==============================================================================

Memory Map of the image

  Image Entry point : 0x08000189

  Load Region LR_IROM1 (Base: 0x08000000, Size: 0x0001351c, Max: 0x00100000, ABSOLUTE, COMPRESSED[0x00012ef0])

    Execution Region ER_IROM1 (Exec base: 0x08000000, Load base: 0x08000000, Size: 0x00012c7c, Max: 0x00100000, ABSOLUTE)

    Exec Addr    Load Addr    Size         Type   Attr      Idx    E Section Name        Object

    0x08000000   0x08000000   0x00000188   Data   RO          745    RESET               startup_stm32f407xx.o
    0x08000188   0x08000188   0x00000000   Code   RO        10390  * .ARM.Collect$$$$00000000  mc_w.l(entry.o)
    0x08000188   0x08000188   0x00000004   Code   RO        10486    .ARM.Collect$$$$00000001  mc_w.l(entry2.o)
    0x0800018c   0x0800018c   0x00000004   Code   RO        10489    .ARM.Collect$$$$00000004  mc_w.l(entry5.o)
    0x08000190   0x08000190   0x00000000   Code   RO        10491    .ARM.Collect$$$$00000008  mc_w.l(entry7b.o)
    0x08000190   0x08000190   0x00000000   Code   RO        10493    .ARM.Collect$$$$0000000A  mc_w.l(entry8b.o)
    0x08000190   0x08000190   0x00000008   Code   RO        10494    .ARM.Collect$$$$0000000B  mc_w.l(entry9a.o)
    0x08000198   0x08000198   0x00000004   Code   RO        10501    .ARM.Collect$$$$0000000E  mc_w.l(entry12b.o)
    0x0800019c   0x0800019c   0x00000000   Code   RO        10496    .ARM.Collect$$$$0000000F  mc_w.l(entry10a.o)
    0x0800019c   0x0800019c   0x00000000   Code   RO        10498    .ARM.Collect$$$$00000011  mc_w.l(entry11a.o)
    0x0800019c   0x0800019c   0x00000004   Code   RO        10487    .ARM.Collect$$$$00002712  mc_w.l(entry2.o)
    0x080001a0   0x080001a0   0x000000b6   Code   RO         6551    .emb_text           port.o
    0x08000256   0x08000256   0x00000002   PAD
    0x08000258   0x08000258   0x00000024   Code   RO          746    .text               startup_stm32f407xx.o
    0x0800027c   0x0800027c   0x00000078   Code   RO         9913    .text               arm_cortexM4lf_math.lib(arm_cos_f32.o)
    0x080002f4   0x080002f4   0x00000074   Code   RO         9966    .text               arm_cortexM4lf_math.lib(arm_sin_f32.o)
    0x08000368   0x08000368   0x00000008   Code   RO        10014    .text               arm_cortexM4lf_math.lib(arm_mat_init_f32.o)
    0x08000370   0x08000370   0x00000114   Code   RO        10110    .text               arm_cortexM4lf_math.lib(arm_mat_trans_f32.o)
    0x08000484   0x08000484   0x00000024   Code   RO        10393    .text               mc_w.l(memcpya.o)
    0x080004a8   0x080004a8   0x00000024   Code   RO        10395    .text               mc_w.l(memseta.o)
    0x080004cc   0x080004cc   0x0000000e   Code   RO        10397    .text               mc_w.l(strlen.o)
    0x080004da   0x080004da   0x00000012   Code   RO        10399    .text               mc_w.l(strcpy.o)
    0x080004ec   0x080004ec   0x0000014e   Code   RO        10431    .text               mf_w.l(dadd.o)
    0x0800063a   0x0800063a   0x000000e4   Code   RO        10433    .text               mf_w.l(dmul.o)
    0x0800071e   0x0800071e   0x000000de   Code   RO        10435    .text               mf_w.l(ddiv.o)
    0x080007fc   0x080007fc   0x00000022   Code   RO        10439    .text               mf_w.l(dflti.o)
    0x0800081e   0x0800081e   0x0000001a   Code   RO        10441    .text               mf_w.l(dfltui.o)
    0x08000838   0x08000838   0x0000003e   Code   RO        10443    .text               mf_w.l(dfixi.o)
    0x08000876   0x08000876   0x00000032   Code   RO        10445    .text               mf_w.l(dfixui.o)
    0x080008a8   0x080008a8   0x00000026   Code   RO        10447    .text               mf_w.l(f2d.o)
    0x080008ce   0x080008ce   0x00000002   PAD
    0x080008d0   0x080008d0   0x00000030   Code   RO        10449    .text               mf_w.l(cdcmple.o)
    0x08000900   0x08000900   0x00000038   Code   RO        10451    .text               mf_w.l(d2f.o)
    0x08000938   0x08000938   0x0000001e   Code   RO        10502    .text               mc_w.l(llshl.o)
    0x08000956   0x08000956   0x00000020   Code   RO        10504    .text               mc_w.l(llushr.o)
    0x08000976   0x08000976   0x00000024   Code   RO        10506    .text               mc_w.l(llsshr.o)
    0x0800099a   0x0800099a   0x00000000   Code   RO        10517    .text               mc_w.l(iusefp.o)
    0x0800099a   0x0800099a   0x0000006e   Code   RO        10518    .text               mf_w.l(fepilogue.o)
    0x08000a08   0x08000a08   0x000000ba   Code   RO        10520    .text               mf_w.l(depilogue.o)
    0x08000ac2   0x08000ac2   0x000000a2   Code   RO        10522    .text               mf_w.l(dsqrt.o)
    0x08000b64   0x08000b64   0x00000086   Code   RO        10524    .text               mf_w.l(drem.o)
    0x08000bea   0x08000bea   0x00000002   PAD
    0x08000bec   0x08000bec   0x00000024   Code   RO        10526    .text               mc_w.l(init.o)
    0x08000c10   0x08000c10   0x00000056   Code   RO        10536    .text               mc_w.l(__dczerorl2.o)
    0x08000c66   0x08000c66   0x00000018   Code   RO         9071    i.AHRS_asinf        ahrs_middleware.o
    0x08000c7e   0x08000c7e   0x00000020   Code   RO         9072    i.AHRS_atan2f       ahrs_middleware.o
    0x08000c9e   0x08000c9e   0x00000018   Code   RO         9073    i.AHRS_cosf         ahrs_middleware.o
    0x08000cb6   0x08000cb6   0x0000001a   Code   RO        10131    i.AHRS_fabs         AHRS.lib(ahrs.o)
    0x08000cd0   0x08000cd0   0x00000010   Code   RO         9074    i.AHRS_get_height   ahrs_middleware.o
    0x08000ce0   0x08000ce0   0x0000000c   Code   RO         9075    i.AHRS_get_latitude  ahrs_middleware.o
    0x08000cec   0x08000cec   0x0000029c   Code   RO        10132    i.AHRS_init         AHRS.lib(ahrs.o)
    0x08000f88   0x08000f88   0x00000024   Code   RO         9076    i.AHRS_invSqrt      ahrs_middleware.o
    0x08000fac   0x08000fac   0x00000018   Code   RO         9077    i.AHRS_sinf         ahrs_middleware.o
    0x08000fc4   0x08000fc4   0x0000013a   Code   RO        10133    i.AHRS_update       AHRS.lib(ahrs.o)
    0x080010fe   0x080010fe   0x00000002   PAD
    0x08001100   0x08001100   0x00000010   Code   RO         8930    i.BMI088_ACCEL_NS_H  bmi088middleware.o
    0x08001110   0x08001110   0x00000010   Code   RO         8931    i.BMI088_ACCEL_NS_L  bmi088middleware.o
    0x08001120   0x08001120   0x00000002   Code   RO         8932    i.BMI088_GPIO_init  bmi088middleware.o
    0x08001122   0x08001122   0x00000002   PAD
    0x08001124   0x08001124   0x00000010   Code   RO         8933    i.BMI088_GYRO_NS_H  bmi088middleware.o
    0x08001134   0x08001134   0x00000010   Code   RO         8934    i.BMI088_GYRO_NS_L  bmi088middleware.o
    0x08001144   0x08001144   0x00000084   Code   RO         6678    i.BMI088_INT_GPIO_Init  gpio.o
    0x080011c8   0x080011c8   0x00000002   Code   RO         8935    i.BMI088_com_init   bmi088middleware.o
    0x080011ca   0x080011ca   0x0000000c   Code   RO         8936    i.BMI088_delay_ms   bmi088middleware.o
    0x080011d6   0x080011d6   0x0000000c   Code   RO         8937    i.BMI088_delay_us   bmi088middleware.o
    0x080011e2   0x080011e2   0x00000002   PAD
    0x080011e4   0x080011e4   0x00000028   Code   RO         8789    i.BMI088_init       bmi088driver.o
    0x0800120c   0x0800120c   0x0000017c   Code   RO         8790    i.BMI088_read       bmi088driver.o
    0x08001388   0x08001388   0x00000026   Code   RO         8793    i.BMI088_read_muli_reg  bmi088driver.o
    0x080013ae   0x080013ae   0x00000018   Code   RO         8794    i.BMI088_read_single_reg  bmi088driver.o
    0x080013c6   0x080013c6   0x00000002   PAD
    0x080013c8   0x080013c8   0x00000054   Code   RO         8938    i.BMI088_read_write_byte  bmi088middleware.o
    0x0800141c   0x0800141c   0x00000014   Code   RO         8796    i.BMI088_write_single_reg  bmi088driver.o
    0x08001430   0x08001430   0x00000014   Code   RO         7079    i.BSP_FLASH_READ    bsp_flash.o
    0x08001444   0x08001444   0x00000064   Code   RO         7080    i.BSP_FLASH_WRITE   bsp_flash.o
    0x080014a8   0x080014a8   0x00000004   Code   RO          344    i.BusFault_Handler  stm32f4xx_it.o
    0x080014ac   0x080014ac   0x0000010c   Code   RO         6731    i.CAN1_DEVICE       can.o
    0x080015b8   0x080015b8   0x00000030   Code   RO         6998    i.CAN1_RX0_IRQHandler  bsp_can.o
    0x080015e8   0x080015e8   0x0000010c   Code   RO         6732    i.CAN2_DEVICE       can.o
    0x080016f4   0x080016f4   0x00000030   Code   RO         6999    i.CAN2_RX0_IRQHandler  bsp_can.o
    0x08001724   0x08001724   0x000000a8   Code   RO         1049    i.CAN_ClearITPendingBit  stm32f4xx_can.o
    0x080017cc   0x080017cc   0x00000108   Code   RO         1053    i.CAN_FilterInit    stm32f4xx_can.o
    0x080018d4   0x080018d4   0x00000120   Code   RO         1055    i.CAN_GetITStatus   stm32f4xx_can.o
    0x080019f4   0x080019f4   0x00000012   Code   RO         1059    i.CAN_ITConfig      stm32f4xx_can.o
    0x08001a06   0x08001a06   0x00000114   Code   RO         1060    i.CAN_Init          stm32f4xx_can.o
    0x08001b1a   0x08001b1a   0x000000f0   Code   RO         1063    i.CAN_Receive       stm32f4xx_can.o
    0x08001c0a   0x08001c0a   0x00000126   Code   RO         1068    i.CAN_Transmit      stm32f4xx_can.o
    0x08001d30   0x08001d30   0x00000350   Code   RO         8797    i.Calibrate_MPU_Offset  bmi088driver.o
    0x08002080   0x08002080   0x00000012   Code   RO         1071    i.CheckITStatus     stm32f4xx_can.o
    0x08002092   0x08002092   0x0000004a   Code   RO         9735    i.DCD_EP_Close      usb_dcd.o
    0x080020dc   0x080020dc   0x00000048   Code   RO         9736    i.DCD_EP_ClrStall   usb_dcd.o
    0x08002124   0x08002124   0x00000068   Code   RO         9738    i.DCD_EP_Open       usb_dcd.o
    0x0800218c   0x0800218c   0x00000052   Code   RO         9739    i.DCD_EP_PrepareRx  usb_dcd.o
    0x080021de   0x080021de   0x0000001c   Code   RO         9740    i.DCD_EP_SetAddress  usb_dcd.o
    0x080021fa   0x080021fa   0x00000048   Code   RO         9741    i.DCD_EP_Stall      usb_dcd.o
    0x08002242   0x08002242   0x0000004e   Code   RO         9742    i.DCD_EP_Tx         usb_dcd.o
    0x08002290   0x08002290   0x00000198   Code   RO         9829    i.DCD_HandleEnumDone_ISR  usb_dcd_int.o
    0x08002428   0x08002428   0x00000128   Code   RO         9830    i.DCD_HandleInEP_ISR  usb_dcd_int.o
    0x08002550   0x08002550   0x00000100   Code   RO         9831    i.DCD_HandleOutEP_ISR  usb_dcd_int.o
    0x08002650   0x08002650   0x0000006c   Code   RO         9832    i.DCD_HandleResume_ISR  usb_dcd_int.o
    0x080026bc   0x080026bc   0x000000b0   Code   RO         9833    i.DCD_HandleRxStatusQueueLevel_ISR  usb_dcd_int.o
    0x0800276c   0x0800276c   0x0000002c   Code   RO         9834    i.DCD_HandleSof_ISR  usb_dcd_int.o
    0x08002798   0x08002798   0x000000a8   Code   RO         9835    i.DCD_HandleUSBSuspend_ISR  usb_dcd_int.o
    0x08002840   0x08002840   0x00000104   Code   RO         9836    i.DCD_HandleUsbReset_ISR  usb_dcd_int.o
    0x08002944   0x08002944   0x0000009c   Code   RO         9744    i.DCD_Init          usb_dcd.o
    0x080029e0   0x080029e0   0x0000002c   Code   RO         9837    i.DCD_IsoINIncomplete_ISR  usb_dcd_int.o
    0x08002a0c   0x08002a0c   0x0000002c   Code   RO         9838    i.DCD_IsoOUTIncomplete_ISR  usb_dcd_int.o
    0x08002a38   0x08002a38   0x00000028   Code   RO         9839    i.DCD_ReadDevInEP   usb_dcd_int.o
    0x08002a60   0x08002a60   0x000000ac   Code   RO         9840    i.DCD_WriteEmptyTxFifo  usb_dcd_int.o
    0x08002b0c   0x08002b0c   0x00000034   Code   RO         1805    i.DMA_ClearFlag     stm32f4xx_dma.o
    0x08002b40   0x08002b40   0x00000016   Code   RO         1807    i.DMA_Cmd           stm32f4xx_dma.o
    0x08002b56   0x08002b56   0x00000002   PAD
    0x08002b58   0x08002b58   0x00000158   Code   RO         1808    i.DMA_DeInit        stm32f4xx_dma.o
    0x08002cb0   0x08002cb0   0x00000016   Code   RO         1809    i.DMA_DoubleBufferModeCmd  stm32f4xx_dma.o
    0x08002cc6   0x08002cc6   0x00000018   Code   RO         1810    i.DMA_DoubleBufferModeConfig  stm32f4xx_dma.o
    0x08002cde   0x08002cde   0x00000008   Code   RO         1813    i.DMA_GetCurrDataCounter  stm32f4xx_dma.o
    0x08002ce6   0x08002ce6   0x00000014   Code   RO         1814    i.DMA_GetCurrentMemoryTarget  stm32f4xx_dma.o
    0x08002cfa   0x08002cfa   0x00000002   PAD
    0x08002cfc   0x08002cfc   0x00000058   Code   RO         1819    i.DMA_Init          stm32f4xx_dma.o
    0x08002d54   0x08002d54   0x00000004   Code   RO         1822    i.DMA_SetCurrDataCounter  stm32f4xx_dma.o
    0x08002d58   0x08002d58   0x0000003c   Code   RO         7124    i.DWT_Delay         bsp_dwt.o
    0x08002d94   0x08002d94   0x00000054   Code   RO         7128    i.DWT_Init          bsp_dwt.o
    0x08002de8   0x08002de8   0x00000002   Code   RO          345    i.DebugMon_Handler  stm32f4xx_it.o
    0x08002dea   0x08002dea   0x00000002   PAD
    0x08002dec   0x08002dec   0x00000050   Code   RO         6679    i.EXTI0_IRQHandler  gpio.o
    0x08002e3c   0x08002e3c   0x00000054   Code   RO         7564    i.EXTI4_IRQHandler  imu_task.o
    0x08002e90   0x08002e90   0x0000000c   Code   RO         2073    i.EXTI_ClearITPendingBit  stm32f4xx_exti.o
    0x08002e9c   0x08002e9c   0x00000018   Code   RO         2077    i.EXTI_GetITStatus  stm32f4xx_exti.o
    0x08002eb4   0x08002eb4   0x00000094   Code   RO         2078    i.EXTI_Init         stm32f4xx_exti.o
    0x08002f48   0x08002f48   0x0000000c   Code   RO         2138    i.FLASH_ClearFlag   stm32f4xx_flash.o
    0x08002f54   0x08002f54   0x00000024   Code   RO         2139    i.FLASH_DataCacheCmd  stm32f4xx_flash.o
    0x08002f78   0x08002f78   0x00000088   Code   RO         2144    i.FLASH_EraseSector  stm32f4xx_flash.o
    0x08003000   0x08003000   0x00000054   Code   RO         2146    i.FLASH_GetStatus   stm32f4xx_flash.o
    0x08003054   0x08003054   0x00000014   Code   RO         2150    i.FLASH_Lock        stm32f4xx_flash.o
    0x08003068   0x08003068   0x0000004c   Code   RO         2171    i.FLASH_ProgramByte  stm32f4xx_flash.o
    0x080030b4   0x080030b4   0x00000024   Code   RO         2176    i.FLASH_Unlock      stm32f4xx_flash.o
    0x080030d8   0x080030d8   0x00000022   Code   RO         2177    i.FLASH_WaitForLastOperation  stm32f4xx_flash.o
    0x080030fa   0x080030fa   0x00000002   PAD
    0x080030fc   0x080030fc   0x00000050   Code   RO         7963    i.FPS_Calculate     kalman_filter.o
    0x0800314c   0x0800314c   0x000000f0   Code   RO         6680    i.GPIO_INIT         gpio.o
    0x0800323c   0x0800323c   0x00000090   Code   RO         2451    i.GPIO_Init         stm32f4xx_gpio.o
    0x080032cc   0x080032cc   0x00000046   Code   RO         2452    i.GPIO_PinAFConfig  stm32f4xx_gpio.o
    0x08003312   0x08003312   0x00000012   Code   RO         2455    i.GPIO_ReadInputDataBit  stm32f4xx_gpio.o
    0x08003324   0x08003324   0x00000004   Code   RO         2458    i.GPIO_ResetBits    stm32f4xx_gpio.o
    0x08003328   0x08003328   0x00000004   Code   RO         2459    i.GPIO_SetBits      stm32f4xx_gpio.o
    0x0800332c   0x0800332c   0x000001d0   Code   RO         7081    i.GetSector         bsp_flash.o
    0x080034fc   0x080034fc   0x00000020   Code   RO         7964    i.Get_FPS           kalman_filter.o
    0x0800351c   0x0800351c   0x00000034   Code   RO          591    i.Get_SerialNum     usbd_desc.o
    0x08003550   0x08003550   0x0000000c   Code   RO          449    i.HAL_GetTick       stm32_tim_base.o
    0x0800355c   0x0800355c   0x0000001c   Code   RO          450    i.HAL_IncTick       stm32_tim_base.o
    0x08003578   0x08003578   0x000000dc   Code   RO         9160    i.Handle_USBAsynchXfer  usbd_cdc_core.o
    0x08003654   0x08003654   0x00000004   Code   RO          346    i.HardFault_Handler  stm32f4xx_it.o
    0x08003658   0x08003658   0x0000003e   Code   RO          592    i.IntToUnicode      usbd_desc.o
    0x08003696   0x08003696   0x0000004e   Code   RO         6681    i.KEY_EXTI          gpio.o
    0x080036e4   0x080036e4   0x00000004   Code   RO          347    i.MemManage_Handler  stm32f4xx_it.o
    0x080036e8   0x080036e8   0x00000002   Code   RO          348    i.NMI_Handler       stm32f4xx_it.o
    0x080036ea   0x080036ea   0x00000002   PAD
    0x080036ec   0x080036ec   0x00000078   Code   RO          753    i.NVIC_Init         misc.o
    0x08003764   0x08003764   0x00000014   Code   RO          754    i.NVIC_PriorityGroupConfig  misc.o
    0x08003778   0x08003778   0x00000010   Code   RO         7192    i.OTG_FS_IRQHandler  bsp_usb.o
    0x08003788   0x08003788   0x00000030   Code   RO         8244    i.PID_Clear         pid.o
    0x080037b8   0x080037b8   0x0000007c   Code   RO         8245    i.PID_Struct_Init   pid.o
    0x08003834   0x08003834   0x00000020   Code   RO         3356    i.RCC_AHB1PeriphClockCmd  stm32f4xx_rcc.o
    0x08003854   0x08003854   0x00000020   Code   RO         3359    i.RCC_AHB2PeriphClockCmd  stm32f4xx_rcc.o
    0x08003874   0x08003874   0x00000020   Code   RO         3365    i.RCC_APB1PeriphClockCmd  stm32f4xx_rcc.o
    0x08003894   0x08003894   0x00000020   Code   RO         3367    i.RCC_APB1PeriphResetCmd  stm32f4xx_rcc.o
    0x080038b4   0x080038b4   0x00000020   Code   RO         3368    i.RCC_APB2PeriphClockCmd  stm32f4xx_rcc.o
    0x080038d4   0x080038d4   0x00000020   Code   RO         3370    i.RCC_APB2PeriphResetCmd  stm32f4xx_rcc.o
    0x080038f4   0x080038f4   0x000000e8   Code   RO         3377    i.RCC_GetClocksFreq  stm32f4xx_rcc.o
    0x080039dc   0x080039dc   0x00000018   Code   RO         4514    i.SPI_Cmd           stm32f4xx_spi.o
    0x080039f4   0x080039f4   0x000000ec   Code   RO         6804    i.SPI_DEVICE        spi.o
    0x08003ae0   0x08003ae0   0x0000003c   Code   RO         4527    i.SPI_Init          stm32f4xx_spi.o
    0x08003b1c   0x08003b1c   0x0000026c   Code   RO         7000    i.STD_CAN_RxCpltCallback  bsp_can.o
    0x08003d88   0x08003d88   0x00000040   Code   RO         4679    i.SYSCFG_EXTILineConfig  stm32f4xx_syscfg.o
    0x08003dc8   0x08003dc8   0x000000ec   Code   RO          407    i.SetSysClock       system_stm32f4xx.o
    0x08003eb4   0x08003eb4   0x0000002c   Code   RO         8109    i.Software_Reset    keyboard.o
    0x08003ee0   0x08003ee0   0x00000028   Code   RO          757    i.SysTick_CLKSourceConfig  misc.o
    0x08003f08   0x08003f08   0x00000010   Code   RO          349    i.SysTick_Handler   stm32f4xx_it.o
    0x08003f18   0x08003f18   0x0000003c   Code   RO         6640    i.SysTick_Init      delay.o
    0x08003f54   0x08003f54   0x00000068   Code   RO          409    i.SystemInit        system_stm32f4xx.o
    0x08003fbc   0x08003fbc   0x0000002c   Code   RO          511    i.TASK_START        start_tack.o
    0x08003fe8   0x08003fe8   0x000000a4   Code   RO         6917    i.TIM10_DEVICE      tim.o
    0x0800408c   0x0800408c   0x0000010c   Code   RO         6918    i.TIM1_DEVICE       tim.o
    0x08004198   0x08004198   0x00000020   Code   RO          451    i.TIM4_IRQHandler   stm32_tim_base.o
    0x080041b8   0x080041b8   0x000000d4   Code   RO         6919    i.TIM8_DEVICE       tim.o
    0x0800428c   0x0800428c   0x00000018   Code   RO         4740    i.TIM_ARRPreloadConfig  stm32f4xx_tim.o
    0x080042a4   0x080042a4   0x00000064   Code   RO          452    i.TIM_BASE_Init     stm32_tim_base.o
    0x08004308   0x08004308   0x00000006   Code   RO         4747    i.TIM_ClearITPendingBit  stm32f4xx_tim.o
    0x0800430e   0x0800430e   0x00000018   Code   RO         4752    i.TIM_Cmd           stm32f4xx_tim.o
    0x08004326   0x08004326   0x0000001e   Code   RO         4754    i.TIM_CtrlPWMOutputs  stm32f4xx_tim.o
    0x08004344   0x08004344   0x00000022   Code   RO         4773    i.TIM_GetITStatus   stm32f4xx_tim.o
    0x08004366   0x08004366   0x00000012   Code   RO         4777    i.TIM_ITConfig      stm32f4xx_tim.o
    0x08004378   0x08004378   0x0000007c   Code   RO         4781    i.TIM_OC1Init       stm32f4xx_tim.o
    0x080043f4   0x080043f4   0x00000012   Code   RO         4784    i.TIM_OC1PreloadConfig  stm32f4xx_tim.o
    0x08004406   0x08004406   0x00000002   PAD
    0x08004408   0x08004408   0x000000a4   Code   RO         4786    i.TIM_OC2Init       stm32f4xx_tim.o
    0x080044ac   0x080044ac   0x0000001a   Code   RO         4789    i.TIM_OC2PreloadConfig  stm32f4xx_tim.o
    0x080044c6   0x080044c6   0x00000002   PAD
    0x080044c8   0x080044c8   0x000000a0   Code   RO         4791    i.TIM_OC3Init       stm32f4xx_tim.o
    0x08004568   0x08004568   0x00000012   Code   RO         4794    i.TIM_OC3PreloadConfig  stm32f4xx_tim.o
    0x0800457a   0x0800457a   0x00000002   PAD
    0x0800457c   0x0800457c   0x00000078   Code   RO         4796    i.TIM_OC4Init       stm32f4xx_tim.o
    0x080045f4   0x080045f4   0x0000001a   Code   RO         4798    i.TIM_OC4PreloadConfig  stm32f4xx_tim.o
    0x0800460e   0x0800460e   0x00000014   Code   RO         4799    i.TIM_OCStructInit  stm32f4xx_tim.o
    0x08004622   0x08004622   0x00000004   Code   RO         4816    i.TIM_SetCompare3   stm32f4xx_tim.o
    0x08004626   0x08004626   0x00000002   PAD
    0x08004628   0x08004628   0x00000084   Code   RO         4824    i.TIM_TimeBaseInit  stm32f4xx_tim.o
    0x080046ac   0x080046ac   0x00000104   Code   RO         6761    i.USART1_DEVICE     usart.o
    0x080047b0   0x080047b0   0x00000094   Code   RO         6870    i.USART1_DMA        dma.o
    0x08004844   0x08004844   0x00000070   Code   RO         7805    i.USART1_IRQHandler  pc_task.o
    0x080048b4   0x080048b4   0x000000dc   Code   RO         6762    i.USART3_DEVICE     usart.o
    0x08004990   0x08004990   0x00000098   Code   RO         6871    i.USART3_DMA        dma.o
    0x08004a28   0x08004a28   0x00000104   Code   RO         6829    i.USART3_IRQHandler  rc.o
    0x08004b2c   0x08004b2c   0x000000d4   Code   RO         6763    i.USART6_DEVICE     usart.o
    0x08004c00   0x08004c00   0x00000094   Code   RO         6872    i.USART6_DMA        dma.o
    0x08004c94   0x08004c94   0x00000078   Code   RO         7686    i.USART6_IRQHandler  judge_task.o
    0x08004d0c   0x08004d0c   0x00000012   Code   RO         5302    i.USART_ClearFlag   stm32f4xx_usart.o
    0x08004d1e   0x08004d1e   0x0000001e   Code   RO         5303    i.USART_ClearITPendingBit  stm32f4xx_usart.o
    0x08004d3c   0x08004d3c   0x00000018   Code   RO         5306    i.USART_Cmd         stm32f4xx_usart.o
    0x08004d54   0x08004d54   0x00000012   Code   RO         5307    i.USART_DMACmd      stm32f4xx_usart.o
    0x08004d66   0x08004d66   0x00000002   PAD
    0x08004d68   0x08004d68   0x000000f0   Code   RO         5308    i.USART_DeInit      stm32f4xx_usart.o
    0x08004e58   0x08004e58   0x0000001a   Code   RO         5309    i.USART_GetFlagStatus  stm32f4xx_usart.o
    0x08004e72   0x08004e72   0x00000054   Code   RO         5310    i.USART_GetITStatus  stm32f4xx_usart.o
    0x08004ec6   0x08004ec6   0x0000004a   Code   RO         5312    i.USART_ITConfig    stm32f4xx_usart.o
    0x08004f10   0x08004f10   0x000000d4   Code   RO         5313    i.USART_Init        stm32f4xx_usart.o
    0x08004fe4   0x08004fe4   0x0000000a   Code   RO         5320    i.USART_ReceiveData  stm32f4xx_usart.o
    0x08004fee   0x08004fee   0x00000016   Code   RO         9242    i.USBD_ClrCfg       usbd_core.o
    0x08005004   0x08005004   0x00000048   Code   RO         9403    i.USBD_ClrFeature   usbd_req.o
    0x0800504c   0x0800504c   0x0000001e   Code   RO         9343    i.USBD_CtlContinueRx  usbd_ioreq.o
    0x0800506a   0x0800506a   0x0000001e   Code   RO         9344    i.USBD_CtlContinueSendData  usbd_ioreq.o
    0x08005088   0x08005088   0x0000001e   Code   RO         9404    i.USBD_CtlError     usbd_req.o
    0x080050a6   0x080050a6   0x0000002e   Code   RO         9345    i.USBD_CtlPrepareRx  usbd_ioreq.o
    0x080050d4   0x080050d4   0x00000024   Code   RO         9346    i.USBD_CtlReceiveStatus  usbd_ioreq.o
    0x080050f8   0x080050f8   0x0000002e   Code   RO         9347    i.USBD_CtlSendData  usbd_ioreq.o
    0x08005126   0x08005126   0x00000024   Code   RO         9348    i.USBD_CtlSendStatus  usbd_ioreq.o
    0x0800514a   0x0800514a   0x000000e8   Code   RO         9243    i.USBD_DataInStage  usbd_core.o
    0x08005232   0x08005232   0x00000096   Code   RO         9244    i.USBD_DataOutStage  usbd_core.o
    0x080052c8   0x080052c8   0x00000006   Code   RO         9245    i.USBD_DeInit       usbd_core.o
    0x080052ce   0x080052ce   0x00000002   PAD
    0x080052d0   0x080052d0   0x00000054   Code   RO         9405    i.USBD_GetConfig    usbd_req.o
    0x08005324   0x08005324   0x00000112   Code   RO         9406    i.USBD_GetDescriptor  usbd_req.o
    0x08005436   0x08005436   0x00000014   Code   RO         9407    i.USBD_GetLen       usbd_req.o
    0x0800544a   0x0800544a   0x00000002   PAD
    0x0800544c   0x0800544c   0x00000050   Code   RO         9408    i.USBD_GetStatus    usbd_req.o
    0x0800549c   0x0800549c   0x00000052   Code   RO         9409    i.USBD_GetString    usbd_req.o
    0x080054ee   0x080054ee   0x00000042   Code   RO         9246    i.USBD_Init         usbd_core.o
    0x08005530   0x08005530   0x00000012   Code   RO         9247    i.USBD_IsoINIncomplete  usbd_core.o
    0x08005542   0x08005542   0x00000012   Code   RO         9248    i.USBD_IsoOUTIncomplete  usbd_core.o
    0x08005554   0x08005554   0x000000e0   Code   RO         9841    i.USBD_OTG_ISR_Handler  usb_dcd_int.o
    0x08005634   0x08005634   0x00000048   Code   RO         9410    i.USBD_ParseSetupRequest  usbd_req.o
    0x0800567c   0x0800567c   0x00000032   Code   RO         9249    i.USBD_Reset        usbd_core.o
    0x080056ae   0x080056ae   0x0000001e   Code   RO         9250    i.USBD_Resume       usbd_core.o
    0x080056cc   0x080056cc   0x00000014   Code   RO         9251    i.USBD_RunTestMode  usbd_core.o
    0x080056e0   0x080056e0   0x0000001a   Code   RO         9252    i.USBD_SOF          usbd_core.o
    0x080056fa   0x080056fa   0x0000005c   Code   RO         9411    i.USBD_SetAddress   usbd_req.o
    0x08005756   0x08005756   0x0000001e   Code   RO         9253    i.USBD_SetCfg       usbd_core.o
    0x08005774   0x08005774   0x000000d0   Code   RO         9412    i.USBD_SetConfig    usbd_req.o
    0x08005844   0x08005844   0x000000b0   Code   RO         9413    i.USBD_SetFeature   usbd_req.o
    0x080058f4   0x080058f4   0x00000054   Code   RO         9254    i.USBD_SetupStage   usbd_core.o
    0x08005948   0x08005948   0x00000072   Code   RO         9414    i.USBD_StdDevReq    usbd_req.o
    0x080059ba   0x080059ba   0x00000002   PAD
    0x080059bc   0x080059bc   0x00000178   Code   RO         9415    i.USBD_StdEPReq     usbd_req.o
    0x08005b34   0x08005b34   0x0000004c   Code   RO         9416    i.USBD_StdItfReq    usbd_req.o
    0x08005b80   0x08005b80   0x00000020   Code   RO         9255    i.USBD_Suspend      usbd_core.o
    0x08005ba0   0x08005ba0   0x00000034   Code   RO          593    i.USBD_USR_ConfigStrDescriptor  usbd_desc.o
    0x08005bd4   0x08005bd4   0x00000020   Code   RO          676    i.USBD_USR_DeviceConfigured  usbd_usr.o
    0x08005bf4   0x08005bf4   0x00000020   Code   RO          677    i.USBD_USR_DeviceConnected  usbd_usr.o
    0x08005c14   0x08005c14   0x00000010   Code   RO          594    i.USBD_USR_DeviceDescriptor  usbd_desc.o
    0x08005c24   0x08005c24   0x00000024   Code   RO          678    i.USBD_USR_DeviceDisconnected  usbd_usr.o
    0x08005c48   0x08005c48   0x0000006c   Code   RO          679    i.USBD_USR_DeviceReset  usbd_usr.o
    0x08005cb4   0x08005cb4   0x00000020   Code   RO          680    i.USBD_USR_DeviceResumed  usbd_usr.o
    0x08005cd4   0x08005cd4   0x00000020   Code   RO          681    i.USBD_USR_DeviceSuspended  usbd_usr.o
    0x08005cf4   0x08005cf4   0x00000014   Code   RO          682    i.USBD_USR_Init     usbd_usr.o
    0x08005d08   0x08005d08   0x00000038   Code   RO          595    i.USBD_USR_InterfaceStrDescriptor  usbd_desc.o
    0x08005d40   0x08005d40   0x00000010   Code   RO          596    i.USBD_USR_LangIDStrDescriptor  usbd_desc.o
    0x08005d50   0x08005d50   0x00000024   Code   RO          597    i.USBD_USR_ManufacturerStrDescriptor  usbd_desc.o
    0x08005d74   0x08005d74   0x00000060   Code   RO          598    i.USBD_USR_ProductStrDescriptor  usbd_desc.o
    0x08005dd4   0x08005dd4   0x00000018   Code   RO          599    i.USBD_USR_SerialStrDescriptor  usbd_desc.o
    0x08005dec   0x08005dec   0x00000010   Code   RO         9161    i.USBD_cdc_GetCfgDesc  usbd_cdc_core.o
    0x08005dfc   0x08005dfc   0x00000024   Code   RO         6953    i.USB_OTG_BSP_EnableInterrupt  st_usb_cdc.o
    0x08005e20   0x08005e20   0x0000005c   Code   RO         6954    i.USB_OTG_BSP_Init  st_usb_cdc.o
    0x08005e7c   0x08005e7c   0x00000012   Code   RO         6955    i.USB_OTG_BSP_mDelay  st_usb_cdc.o
    0x08005e8e   0x08005e8e   0x00000016   Code   RO         6956    i.USB_OTG_BSP_uDelay  st_usb_cdc.o
    0x08005ea4   0x08005ea4   0x00000126   Code   RO         9502    i.USB_OTG_CoreInit  usb_core.o
    0x08005fca   0x08005fca   0x0000020a   Code   RO         9503    i.USB_OTG_CoreInitDev  usb_core.o
    0x080061d4   0x080061d4   0x00000070   Code   RO         9504    i.USB_OTG_CoreReset  usb_core.o
    0x08006244   0x08006244   0x00000022   Code   RO         9505    i.USB_OTG_DisableGlobalInt  usb_core.o
    0x08006266   0x08006266   0x00000074   Code   RO         9506    i.USB_OTG_EP0Activate  usb_core.o
    0x080062da   0x080062da   0x00000156   Code   RO         9507    i.USB_OTG_EP0StartXfer  usb_core.o
    0x08006430   0x08006430   0x00000062   Code   RO         9508    i.USB_OTG_EP0_OutStart  usb_core.o
    0x08006492   0x08006492   0x00000098   Code   RO         9509    i.USB_OTG_EPActivate  usb_core.o
    0x0800652a   0x0800652a   0x00000050   Code   RO         9510    i.USB_OTG_EPClearStall  usb_core.o
    0x0800657a   0x0800657a   0x0000005e   Code   RO         9511    i.USB_OTG_EPDeactivate  usb_core.o
    0x080065d8   0x080065d8   0x00000064   Code   RO         9512    i.USB_OTG_EPSetStall  usb_core.o
    0x0800663c   0x0800663c   0x000001fe   Code   RO         9513    i.USB_OTG_EPStartXfer  usb_core.o
    0x0800683a   0x0800683a   0x00000034   Code   RO         9514    i.USB_OTG_EnableCommonInt  usb_core.o
    0x0800686e   0x0800686e   0x0000009a   Code   RO         9515    i.USB_OTG_EnableDevInt  usb_core.o
    0x08006908   0x08006908   0x00000022   Code   RO         9516    i.USB_OTG_EnableGlobalInt  usb_core.o
    0x0800692a   0x0800692a   0x00000002   PAD
    0x0800692c   0x0800692c   0x0000004c   Code   RO         9517    i.USB_OTG_FlushRxFifo  usb_core.o
    0x08006978   0x08006978   0x00000054   Code   RO         9518    i.USB_OTG_FlushTxFifo  usb_core.o
    0x080069cc   0x080069cc   0x00000038   Code   RO         9519    i.USB_OTG_GetDeviceSpeed  usb_core.o
    0x08006a04   0x08006a04   0x0000000c   Code   RO         9521    i.USB_OTG_GetMode   usb_core.o
    0x08006a10   0x08006a10   0x00000018   Code   RO         9522    i.USB_OTG_InitDevSpeed  usb_core.o
    0x08006a28   0x08006a28   0x00000016   Code   RO         9523    i.USB_OTG_IsDeviceMode  usb_core.o
    0x08006a3e   0x08006a3e   0x00000010   Code   RO         9525    i.USB_OTG_ReadCoreItr  usb_core.o
    0x08006a4e   0x08006a4e   0x00000010   Code   RO         9526    i.USB_OTG_ReadDevAllInEPItr  usb_core.o
    0x08006a5e   0x08006a5e   0x00000010   Code   RO         9527    i.USB_OTG_ReadDevAllOutEp_itr  usb_core.o
    0x08006a6e   0x08006a6e   0x00000014   Code   RO         9528    i.USB_OTG_ReadDevOutEP_itr  usb_core.o
    0x08006a82   0x08006a82   0x00000028   Code   RO         9530    i.USB_OTG_ReadPacket  usb_core.o
    0x08006aaa   0x08006aaa   0x00000002   PAD
    0x08006aac   0x08006aac   0x000000d0   Code   RO         9531    i.USB_OTG_SelectCore  usb_core.o
    0x08006b7c   0x08006b7c   0x0000004e   Code   RO         9532    i.USB_OTG_SetCurrentMode  usb_core.o
    0x08006bca   0x08006bca   0x00000040   Code   RO         9536    i.USB_OTG_WritePacket  usb_core.o
    0x08006c0a   0x08006c0a   0x00000004   Code   RO          350    i.UsageFault_Handler  stm32f4xx_it.o
    0x08006c0e   0x08006c0e   0x00000002   PAD
    0x08006c10   0x08006c10   0x000000a0   Code   RO         7194    i.VCP_Ctrl          bsp_usb.o
    0x08006cb0   0x08006cb0   0x00000028   Code   RO         7195    i.VCP_DataRx        bsp_usb.o
    0x08006cd8   0x08006cd8   0x00000040   Code   RO         7196    i.VCP_DataTx        bsp_usb.o
    0x08006d18   0x08006d18   0x00000004   Code   RO         7197    i.VCP_DeInit        bsp_usb.o
    0x08006d1c   0x08006d1c   0x00000004   Code   RO         7198    i.VCP_Init          bsp_usb.o
    0x08006d20   0x08006d20   0x00000026   Code   RO        10467    i.__ARM_fpclassifyf  m_wm.l(fpclassifyf.o)
    0x08006d46   0x08006d46   0x00000002   PAD
    0x08006d48   0x08006d48   0x0000012c   Code   RO        10312    i.__hardfp_asinf    m_wm.l(asinf.o)
    0x08006e74   0x08006e74   0x000002ac   Code   RO        10324    i.__hardfp_atan2f   m_wm.l(atan2f.o)
    0x08007120   0x08007120   0x00000014   Code   RO        10336    i.__hardfp_fabs     m_wm.l(fabs.o)
    0x08007134   0x08007134   0x00000104   Code   RO        10342    i.__hardfp_fmod     m_wm.l(fmod.o)
    0x08007238   0x08007238   0x0000007a   Code   RO        10366    i.__hardfp_sqrt     m_wm.l(sqrt_full.o)
    0x080072b2   0x080072b2   0x0000003a   Code   RO        10372    i.__hardfp_sqrtf    m_wm.l(sqrtf_full.o)
    0x080072ec   0x080072ec   0x00000004   PAD
    0x080072f0   0x080072f0   0x00000020   Code   RO        10456    i.__mathlib_dbl_invalid  m_wm.l(dunder.o)
    0x08007310   0x08007310   0x00000006   Code   RO        10470    i.__mathlib_flt_infnan  m_wm.l(funder.o)
    0x08007316   0x08007316   0x00000006   Code   RO        10471    i.__mathlib_flt_infnan2  m_wm.l(funder.o)
    0x0800731c   0x0800731c   0x00000010   Code   RO        10472    i.__mathlib_flt_invalid  m_wm.l(funder.o)
    0x0800732c   0x0800732c   0x00000010   Code   RO        10475    i.__mathlib_flt_underflow  m_wm.l(funder.o)
    0x0800733c   0x0800733c   0x0000000e   Code   RO        10530    i.__scatterload_copy  mc_w.l(handlers.o)
    0x0800734a   0x0800734a   0x00000002   Code   RO        10531    i.__scatterload_null  mc_w.l(handlers.o)
    0x0800734c   0x0800734c   0x0000000e   Code   RO        10532    i.__scatterload_zeroinit  mc_w.l(handlers.o)
    0x0800735a   0x0800735a   0x00000002   PAD
    0x0800735c   0x0800735c   0x0000000c   Code   RO        10512    i.__set_errno       mc_w.l(errno.o)
    0x08007368   0x08007368   0x0000004a   Code   RO         8246    i.abs_limit         pid.o
    0x080073b2   0x080073b2   0x00000002   PAD
    0x080073b4   0x080073b4   0x000001d0   Code   RO        10134    i.accel_comple_filter  AHRS.lib(ahrs.o)
    0x08007584   0x08007584   0x0000018c   Code   RO        10135    i.accel_update_kp_ki  AHRS.lib(ahrs.o)
    0x08007710   0x08007710   0x0000016c   Code   RO        10136    i.angle_to_quat     AHRS.lib(ahrs.o)
    0x0800787c   0x0800787c   0x00000030   Code   RO         8373    i.append_crc16_check_sum  protocol.o
    0x080078ac   0x080078ac   0x00000026   Code   RO         8374    i.append_crc8_check_sum  protocol.o
    0x080078d2   0x080078d2   0x00000002   PAD
    0x080078d4   0x080078d4   0x00000044   Code   RO         7852    i.ball_storage_ctrl  shoot_task.o
    0x08007918   0x08007918   0x00000134   Code   RO         8798    i.bmi088_accel_init  bmi088driver.o
    0x08007a4c   0x08007a4c   0x000000f4   Code   RO         8800    i.bmi088_gyro_init  bmi088driver.o
    0x08007b40   0x08007b40   0x00000064   Code   RO         7259    i.buffer            chassis_task.o
    0x08007ba4   0x08007ba4   0x00000154   Code   RO         7357    i.can_msg_send_task  comm_task.o
    0x08007cf8   0x08007cf8   0x000000f8   Code   RO         8110    i.chassis_direction_ctrl  keyboard.o
    0x08007df0   0x08007df0   0x00000258   Code   RO         7260    i.chassis_dodge_handler  chassis_task.o
    0x08008048   0x08008048   0x00000020   Code   RO         7389    i.chassis_is_controllable  detect_task.o
    0x08008068   0x08008068   0x000000b8   Code   RO         7261    i.chassis_normal_handler  chassis_task.o
    0x08008120   0x08008120   0x000000b8   Code   RO         8029    i.chassis_operation_func  remote_ctrl.o
    0x080081d8   0x080081d8   0x000000c8   Code   RO         7262    i.chassis_param_init  chassis_task.o
    0x080082a0   0x080082a0   0x000004fc   Code   RO         7263    i.chassis_power_contorl  chassis_task.o
    0x0800879c   0x0800879c   0x0000006c   Code   RO         7264    i.chassis_stop_handler  chassis_task.o
    0x08008808   0x08008808   0x0000033c   Code   RO         7265    i.chassis_task      chassis_task.o
    0x08008b44   0x08008b44   0x000000cc   Code   RO         8629    i.client_graphic_draw_Circle  judge_tx_data.o
    0x08008c10   0x08008c10   0x00000308   Code   RO         8630    i.client_graphic_draw_String  judge_tx_data.o
    0x08008f18   0x08008f18   0x0000030c   Code   RO         8631    i.client_graphic_draw_car_line  judge_tx_data.o
    0x08009224   0x08009224   0x000000c0   Code   RO         8632    i.client_graphic_draw_line  judge_tx_data.o
    0x080092e4   0x080092e4   0x000003c0   Code   RO         8633    i.client_graphic_draw_short_line1  judge_tx_data.o
    0x080096a4   0x080096a4   0x00000a30   Code   RO         8634    i.client_grapjic_draw_float  judge_tx_data.o
    0x0800a0d4   0x0800a0d4   0x00000068   Code   RO         8531    i.data_packet_pack  data_packet.o
    0x0800a13c   0x0800a13c   0x0000004c   Code   RO         6641    i.delay_ms          delay.o
    0x0800a188   0x0800a188   0x0000004c   Code   RO         6642    i.delay_us          delay.o
    0x0800a1d4   0x0800a1d4   0x00000084   Code   RO         7390    i.detect_param_init  detect_task.o
    0x0800a258   0x0800a258   0x00000030   Code   RO         7391    i.detect_task       detect_task.o
    0x0800a288   0x0800a288   0x000000f0   Code   RO         8532    i.dma_buffer_to_unpack_buffer  data_packet.o
    0x0800a378   0x0800a378   0x00000140   Code   RO         7463    i.dodge_handler     gimbal_task.o
    0x0800a4b8   0x0800a4b8   0x000000c4   Code   RO         7001    i.encoder_data_handler  bsp_can.o
    0x0800a57c   0x0800a57c   0x00000018   Code   RO         7392    i.err_detector_hook  detect_task.o
    0x0800a594   0x0800a594   0x00000060   Code   RO         8437    i.fifo_s_get        data_fifo.o
    0x0800a5f4   0x0800a5f4   0x0000007e   Code   RO         8438    i.fifo_s_gets       data_fifo.o
    0x0800a672   0x0800a672   0x00000042   Code   RO         8439    i.fifo_s_init       data_fifo.o
    0x0800a6b4   0x0800a6b4   0x00000084   Code   RO         8442    i.fifo_s_puts       data_fifo.o
    0x0800a738   0x0800a738   0x00000010   Code   RO         8443    i.fifo_used_count   data_fifo.o
    0x0800a748   0x0800a748   0x00000018   Code   RO         8111    i.firc_ctrl         keyboard.o
    0x0800a760   0x0800a760   0x0000002c   Code   RO            5    i.flash_cali        main.o
    0x0800a78c   0x0800a78c   0x00000024   Code   RO         7853    i.fric_wheel_ctrl   shoot_task.o
    0x0800a7b0   0x0800a7b0   0x00000052   Code   RO         7464    i.getFeedforwardControl  gimbal_task.o
    0x0800a802   0x0800a802   0x000000e8   Code   RO        10137    i.get_angle         AHRS.lib(ahrs.o)
    0x0800a8ea   0x0800a8ea   0x00000002   PAD
    0x0800a8ec   0x0800a8ec   0x00000034   Code   RO         7633    i.get_chassis_info  info_get_task.o
    0x0800a920   0x0800a920   0x000000fc   Code   RO         7726    i.get_chassis_mode  modeswitch_task.o
    0x0800aa1c   0x0800aa1c   0x00000034   Code   RO         8375    i.get_crc16_check_sum  protocol.o
    0x0800aa50   0x0800aa50   0x00000024   Code   RO         8376    i.get_crc8_check_sum  protocol.o
    0x0800aa74   0x0800aa74   0x0000001a   Code   RO         8533    i.get_dma_memory_msg  data_packet.o
    0x0800aa8e   0x0800aa8e   0x00000002   PAD
    0x0800aa90   0x0800aa90   0x000000dc   Code   RO         7634    i.get_gimbal_info   info_get_task.o
    0x0800ab6c   0x0800ab6c   0x000000b0   Code   RO         7727    i.get_gimbal_mode   modeswitch_task.o
    0x0800ac1c   0x0800ac1c   0x00000020   Code   RO         7635    i.get_global_last_info  info_get_task.o
    0x0800ac3c   0x0800ac3c   0x000001bc   Code   RO         8741    i.get_infantry_info  pc_tx_data.o
    0x0800adf8   0x0800adf8   0x000001d0   Code   RO         7728    i.get_keyboard      modeswitch_task.o
    0x0800afc8   0x0800afc8   0x00000034   Code   RO         7729    i.get_last_mode     modeswitch_task.o
    0x0800affc   0x0800affc   0x000000c8   Code   RO         7730    i.get_main_mode     modeswitch_task.o
    0x0800b0c4   0x0800b0c4   0x00000010   Code   RO         7002    i.get_moto_offset   bsp_can.o
    0x0800b0d4   0x0800b0d4   0x000000a0   Code   RO         8112    i.get_mouse_status  keyboard.o
    0x0800b174   0x0800b174   0x0000003a   Code   RO         7636    i.get_relative_pos  info_get_task.o
    0x0800b1ae   0x0800b1ae   0x00000002   PAD
    0x0800b1b0   0x0800b1b0   0x00000018   Code   RO         7637    i.get_shoot_info    info_get_task.o
    0x0800b1c8   0x0800b1c8   0x0000003c   Code   RO         7731    i.get_shoot_mode    modeswitch_task.o
    0x0800b204   0x0800b204   0x00000010   Code   RO         8742    i.get_upload_data   pc_tx_data.o
    0x0800b214   0x0800b214   0x00000030   Code   RO         7393    i.gimbal_is_controllable  detect_task.o
    0x0800b244   0x0800b244   0x00000054   Code   RO         8030    i.gimbal_operation_func  remote_ctrl.o
    0x0800b298   0x0800b298   0x000002f4   Code   RO         7466    i.gimbal_param_init  gimbal_task.o
    0x0800b58c   0x0800b58c   0x0000005c   Code   RO         8113    i.gimbal_speed_ctrl  keyboard.o
    0x0800b5e8   0x0800b5e8   0x00000864   Code   RO         7467    i.gimbal_task       gimbal_task.o
    0x0800be4c   0x0800be4c   0x000000cc   Code   RO         7565    i.imu_cali_slove    imu_task.o
    0x0800bf18   0x0800bf18   0x00000270   Code   RO         7566    i.imu_task          imu_task.o
    0x0800c188   0x0800c188   0x00000010   Code   RO          453    i.inHandlerMode     stm32_tim_base.o
    0x0800c198   0x0800c198   0x000000d0   Code   RO         7638    i.info_get_task     info_get_task.o
    0x0800c268   0x0800c268   0x00000028   Code   RO         7468    i.initFeedforwardParam  gimbal_task.o
    0x0800c290   0x0800c290   0x0000008c   Code   RO         7469    i.init_mode_handler  gimbal_task.o
    0x0800c31c   0x0800c31c   0x00000054   Code   RO         7687    i.judge_rx_task     judge_task.o
    0x0800c370   0x0800c370   0x000000b0   Code   RO         7688    i.judge_tx_task     judge_task.o
    0x0800c420   0x0800c420   0x00000c2c   Code   RO         8635    i.judgement_client_graphics_draw_pack  judge_tx_data.o
    0x0800d04c   0x0800d04c   0x000001f0   Code   RO         8592    i.judgement_data_handler  judge_rx_data.o
    0x0800d23c   0x0800d23c   0x0000006c   Code   RO         8593    i.judgement_rx_param_init  judge_rx_data.o
    0x0800d2a8   0x0800d2a8   0x0000002c   Code   RO         8637    i.judgement_tx_param_init  judge_tx_data.o
    0x0800d2d4   0x0800d2d4   0x000000e0   Code   RO         7968    i.kalman_filter_init  kalman_filter.o
    0x0800d3b4   0x0800d3b4   0x00000020   Code   RO         8031    i.kb_enable_hook    remote_ctrl.o
    0x0800d3d4   0x0800d3d4   0x0000001c   Code   RO         8114    i.kb_shoot_spd_ctrl  keyboard.o
    0x0800d3f0   0x0800d3f0   0x00000080   Code   RO         8115    i.keyboard_chassis_hook  keyboard.o
    0x0800d470   0x0800d470   0x00000048   Code   RO         8116    i.keyboard_gimbal_hook  keyboard.o
    0x0800d4b8   0x0800d4b8   0x00000070   Code   RO         8117    i.keyboard_global_hook  keyboard.o
    0x0800d528   0x0800d528   0x00000088   Code   RO         8118    i.keyboard_shoot_hook  keyboard.o
    0x0800d5b0   0x0800d5b0   0x000000cc   Code   RO            6    i.main              main.o
    0x0800d67c   0x0800d67c   0x00000270   Code   RO         7266    i.mecanum_calc      chassis_task.o
    0x0800d8ec   0x0800d8ec   0x00000108   Code   RO         7732    i.mode_switch_task  modeswitch_task.o
    0x0800d9f4   0x0800d9f4   0x00000064   Code   RO         7395    i.module_offline_detect  detect_task.o
    0x0800da58   0x0800da58   0x0000024c   Code   RO         7470    i.nomarl_handler    gimbal_task.o
    0x0800dca4   0x0800dca4   0x00000014   Code   RO          454    i.osKernelSysTick   stm32_tim_base.o
    0x0800dcb8   0x0800dcb8   0x00000030   Code   RO         5981    i.pcTaskGetName     tasks.o
    0x0800dce8   0x0800dce8   0x00000040   Code   RO         8704    i.pc_data_handler   pc_rx_data.o
    0x0800dd28   0x0800dd28   0x00000048   Code   RO         8705    i.pc_rx_param_init  pc_rx_data.o
    0x0800dd70   0x0800dd70   0x00000084   Code   RO         7806    i.pc_rx_task        pc_task.o
    0x0800ddf4   0x0800ddf4   0x00000018   Code   RO         8743    i.pc_send_data_packet_pack  pc_tx_data.o
    0x0800de0c   0x0800de0c   0x0000002c   Code   RO         8744    i.pc_tx_param_init  pc_tx_data.o
    0x0800de38   0x0800de38   0x00000034   Code   RO         7807    i.pc_tx_task        pc_task.o
    0x0800de6c   0x0800de6c   0x00000128   Code   RO         8248    i.pid_calc          pid.o
    0x0800df94   0x0800df94   0x0000001a   Code   RO         8249    i.pid_init          pid.o
    0x0800dfae   0x0800dfae   0x00000002   PAD
    0x0800dfb0   0x0800dfb0   0x00000034   Code   RO         8250    i.pid_reset         pid.o
    0x0800dfe4   0x0800dfe4   0x00000070   Code   RO         8534    i.protocol_packet_pack  data_packet.o
    0x0800e054   0x0800e054   0x00000098   Code   RO         5982    i.prvAddCurrentTaskToDelayedList  tasks.o
    0x0800e0ec   0x0800e0ec   0x000000b8   Code   RO         5983    i.prvAddNewTaskToReadyList  tasks.o
    0x0800e1a4   0x0800e1a4   0x00000064   Code   RO         6348    i.prvCheckForValidListAndQueue  timers.o
    0x0800e208   0x0800e208   0x00000064   Code   RO         5984    i.prvCheckTasksWaitingTermination  tasks.o
    0x0800e26c   0x0800e26c   0x0000002a   Code   RO         5737    i.prvCopyDataFromQueue  queue.o
    0x0800e296   0x0800e296   0x0000007c   Code   RO         5738    i.prvCopyDataToQueue  queue.o
    0x0800e312   0x0800e312   0x00000012   Code   RO         5985    i.prvDeleteTCB      tasks.o
    0x0800e324   0x0800e324   0x00000028   Code   RO         6349    i.prvGetNextExpireTime  timers.o
    0x0800e34c   0x0800e34c   0x0000007c   Code   RO         6490    i.prvHeapInit       heap_4.o
    0x0800e3c8   0x0800e3c8   0x00000028   Code   RO         5986    i.prvIdleTask       tasks.o
    0x0800e3f0   0x0800e3f0   0x0000001c   Code   RO         5739    i.prvInitialiseMutex  queue.o
    0x0800e40c   0x0800e40c   0x0000002e   Code   RO         5740    i.prvInitialiseNewQueue  queue.o
    0x0800e43a   0x0800e43a   0x000000b6   Code   RO         5987    i.prvInitialiseNewTask  tasks.o
    0x0800e4f0   0x0800e4f0   0x00000068   Code   RO         5988    i.prvInitialiseTaskLists  tasks.o
    0x0800e558   0x0800e558   0x00000068   Code   RO         6491    i.prvInsertBlockIntoFreeList  heap_4.o
    0x0800e5c0   0x0800e5c0   0x00000058   Code   RO         6351    i.prvInsertTimerInActiveList  timers.o
    0x0800e618   0x0800e618   0x0000001a   Code   RO         5741    i.prvIsQueueEmpty   queue.o
    0x0800e632   0x0800e632   0x0000001e   Code   RO         5742    i.prvIsQueueFull    queue.o
    0x0800e650   0x0800e650   0x00000090   Code   RO         5743    i.prvNotifyQueueSetContainer  queue.o
    0x0800e6e0   0x0800e6e0   0x00000064   Code   RO         6352    i.prvProcessExpiredTimer  timers.o
    0x0800e744   0x0800e744   0x000000f8   Code   RO         6353    i.prvProcessReceivedCommands  timers.o
    0x0800e83c   0x0800e83c   0x00000074   Code   RO         6354    i.prvProcessTimerOrBlockTask  timers.o
    0x0800e8b0   0x0800e8b0   0x00000034   Code   RO         5990    i.prvResetNextTaskUnblockTime  tasks.o
    0x0800e8e4   0x0800e8e4   0x0000002c   Code   RO         6355    i.prvSampleTimeNow  timers.o
    0x0800e910   0x0800e910   0x0000009e   Code   RO         5991    i.prvSearchForNameWithinSingleList  tasks.o
    0x0800e9ae   0x0800e9ae   0x00000002   PAD
    0x0800e9b0   0x0800e9b0   0x000000a0   Code   RO         6356    i.prvSwitchTimerLists  timers.o
    0x0800ea50   0x0800ea50   0x00000016   Code   RO         5992    i.prvTaskCheckFreeStackSpace  tasks.o
    0x0800ea66   0x0800ea66   0x00000002   PAD
    0x0800ea68   0x0800ea68   0x00000040   Code   RO         6552    i.prvTaskExitError  port.o
    0x0800eaa8   0x0800eaa8   0x0000001a   Code   RO         6357    i.prvTimerTask      timers.o
    0x0800eac2   0x0800eac2   0x00000092   Code   RO         5744    i.prvUnlockQueue    queue.o
    0x0800eb54   0x0800eb54   0x0000013c   Code   RO         6492    i.pvPortMalloc      heap_4.o
    0x0800ec90   0x0800ec90   0x00000020   Code   RO         5994    i.pvTaskIncrementMutexHeldCount  tasks.o
    0x0800ecb0   0x0800ecb0   0x0000002c   Code   RO         6553    i.pxPortInitialiseStack  port.o
    0x0800ecdc   0x0800ecdc   0x00000084   Code   RO        10142    i.quat_normalization  AHRS.lib(ahrs.o)
    0x0800ed60   0x0800ed60   0x00000014   Code   RO         8215    i.ramp_init         ramp.o
    0x0800ed74   0x0800ed74   0x00000028   Code   RO         8032    i.rc_ball_storage_ctrl  remote_ctrl.o
    0x0800ed9c   0x0800ed9c   0x00000024   Code   RO         8033    i.rc_fric_ctrl      remote_ctrl.o
    0x0800edc0   0x0800edc0   0x0000007c   Code   RO         8034    i.rc_shoot_cmd      remote_ctrl.o
    0x0800ee3c   0x0800ee3c   0x00000210   Code   RO         8035    i.remote_ctrl       remote_ctrl.o
    0x0800f04c   0x0800f04c   0x00000020   Code   RO         8036    i.remote_ctrl_chassis_hook  remote_ctrl.o
    0x0800f06c   0x0800f06c   0x00000018   Code   RO         8037    i.remote_ctrl_gimbal_hook  remote_ctrl.o
    0x0800f084   0x0800f084   0x000000ec   Code   RO         8038    i.remote_ctrl_shoot_hook  remote_ctrl.o
    0x0800f170   0x0800f170   0x00000040   Code   RO         7733    i.remote_get_bit    modeswitch_task.o
    0x0800f1b0   0x0800f1b0   0x00000034   Code   RO         7471    i.remote_is_action  gimbal_task.o
    0x0800f1e4   0x0800f1e4   0x00000038   Code   RO         7003    i.send_cap_power_can  bsp_can.o
    0x0800f21c   0x0800f21c   0x00000064   Code   RO         7004    i.send_chassis_cur  bsp_can.o
    0x0800f280   0x0800f280   0x00000058   Code   RO         7005    i.send_fric_cur     bsp_can.o
    0x0800f2d8   0x0800f2d8   0x00000058   Code   RO         7006    i.send_gimbal_cur   bsp_can.o
    0x0800f330   0x0800f330   0x00000050   Code   RO         8535    i.send_packed_fifo_data  data_packet.o
    0x0800f380   0x0800f380   0x00000150   Code   RO         7472    i.shoot_buff_ctrl_handler  gimbal_task.o
    0x0800f4d0   0x0800f4d0   0x00000518   Code   RO         7855    i.shoot_bullet_handler  shoot_task.o
    0x0800f9e8   0x0800f9e8   0x00000028   Code   RO         8119    i.shoot_cmd_ctrl    keyboard.o
    0x0800fa10   0x0800fa10   0x00000014   Code   RO         7856    i.shoot_para_ctrl   shoot_task.o
    0x0800fa24   0x0800fa24   0x000000d8   Code   RO         7857    i.shoot_param_init  shoot_task.o
    0x0800fafc   0x0800fafc   0x00000018   Code   RO         8120    i.shoot_storage_ctrl  keyboard.o
    0x0800fb14   0x0800fb14   0x00000260   Code   RO         7858    i.shoot_task        shoot_task.o
    0x0800fd74   0x0800fd74   0x0000000e   Code   RO         8121    i.sofe_reset        keyboard.o
    0x0800fd82   0x0800fd82   0x0000003e   Code   RO        10374    i.sqrtf             m_wm.l(sqrtf_full.o)
    0x0800fdc0   0x0800fdc0   0x0000021c   Code   RO          512    i.start_task        start_tack.o
    0x0800ffdc   0x0800ffdc   0x00000078   Code   RO         7568    i.totalangle_transfer  imu_task.o
    0x08010054   0x08010054   0x00000224   Code   RO         7474    i.track_aimor_handler  gimbal_task.o
    0x08010278   0x08010278   0x00000078   Code   RO         7859    i.turn_off_friction_wheel  shoot_task.o
    0x080102f0   0x080102f0   0x00000080   Code   RO         7860    i.turn_on_friction_wheel  shoot_task.o
    0x08010370   0x08010370   0x00000162   Code   RO         8536    i.unpack_fifo_data  data_packet.o
    0x080104d2   0x080104d2   0x0000007a   Code   RO        10143    i.update_w          AHRS.lib(ahrs.o)
    0x0801054c   0x0801054c   0x00000020   Code   RO         8537    i.usart_send_data   data_packet.o
    0x0801056c   0x0801056c   0x000000b0   Code   RO         9162    i.usbd_cdc_DataIn   usbd_cdc_core.o
    0x0801061c   0x0801061c   0x00000038   Code   RO         9163    i.usbd_cdc_DataOut  usbd_cdc_core.o
    0x08010654   0x08010654   0x0000002c   Code   RO         9164    i.usbd_cdc_DeInit   usbd_cdc_core.o
    0x08010680   0x08010680   0x00000038   Code   RO         9165    i.usbd_cdc_EP0_RxReady  usbd_cdc_core.o
    0x080106b8   0x080106b8   0x00000058   Code   RO         9166    i.usbd_cdc_Init     usbd_cdc_core.o
    0x08010710   0x08010710   0x00000028   Code   RO         9167    i.usbd_cdc_SOF      usbd_cdc_core.o
    0x08010738   0x08010738   0x000000c4   Code   RO         9168    i.usbd_cdc_Setup    usbd_cdc_core.o
    0x080107fc   0x080107fc   0x00000028   Code   RO         5688    i.uxListRemove      list.o
    0x08010824   0x08010824   0x00000028   Code   RO         5997    i.uxTaskGetStackHighWaterMark  tasks.o
    0x0801084c   0x0801084c   0x0000001a   Code   RO         5689    i.vListInitialise   list.o
    0x08010866   0x08010866   0x00000006   Code   RO         5690    i.vListInitialiseItem  list.o
    0x0801086c   0x0801086c   0x00000034   Code   RO         5691    i.vListInsert       list.o
    0x080108a0   0x080108a0   0x00000018   Code   RO         5692    i.vListInsertEnd    list.o
    0x080108b8   0x080108b8   0x00000054   Code   RO         6555    i.vPortEnterCritical  port.o
    0x0801090c   0x0801090c   0x0000003c   Code   RO         6556    i.vPortExitCritical  port.o
    0x08010948   0x08010948   0x00000094   Code   RO         6493    i.vPortFree         heap_4.o
    0x080109dc   0x080109dc   0x00000020   Code   RO         6557    i.vPortSetupTimerInterrupt  port.o
    0x080109fc   0x080109fc   0x00000078   Code   RO         6558    i.vPortValidateInterruptPriority  port.o
    0x08010a74   0x08010a74   0x0000002c   Code   RO         5750    i.vQueueAddToRegistry  queue.o
    0x08010aa0   0x08010aa0   0x0000004a   Code   RO         5754    i.vQueueWaitForMessageRestricted  queue.o
    0x08010aea   0x08010aea   0x00000002   PAD
    0x08010aec   0x08010aec   0x000000d4   Code   RO         6004    i.vTaskDelayUntil   tasks.o
    0x08010bc0   0x08010bc0   0x000000f4   Code   RO         6005    i.vTaskDelete       tasks.o
    0x08010cb4   0x08010cb4   0x0000000c   Code   RO         6008    i.vTaskMissedYield  tasks.o
    0x08010cc0   0x08010cc0   0x000000f0   Code   RO         6009    i.vTaskNotifyGiveFromISR  tasks.o
    0x08010db0   0x08010db0   0x00000038   Code   RO         6010    i.vTaskPlaceOnEventList  tasks.o
    0x08010de8   0x08010de8   0x00000040   Code   RO         6011    i.vTaskPlaceOnEventListRestricted  tasks.o
    0x08010e28   0x08010e28   0x000000b0   Code   RO         6013    i.vTaskPriorityInherit  tasks.o
    0x08010ed8   0x08010ed8   0x00000030   Code   RO         6017    i.vTaskSetTimeOutState  tasks.o
    0x08010f08   0x08010f08   0x0000009c   Code   RO         6018    i.vTaskStartScheduler  tasks.o
    0x08010fa4   0x08010fa4   0x00000010   Code   RO         6020    i.vTaskSuspendAll   tasks.o
    0x08010fb4   0x08010fb4   0x000000c4   Code   RO         6021    i.vTaskSwitchContext  tasks.o
    0x08011078   0x08011078   0x00000040   Code   RO         8377    i.verify_crc16_check_sum  protocol.o
    0x080110b8   0x080110b8   0x00000030   Code   RO         8378    i.verify_crc8_check_sum  protocol.o
    0x080110e8   0x080110e8   0x0000013c   Code   RO         6559    i.xPortStartScheduler  port.o
    0x08011224   0x08011224   0x00000034   Code   RO         6560    i.xPortSysTickHandler  port.o
    0x08011258   0x08011258   0x00000022   Code   RO         5757    i.xQueueCreateMutex  queue.o
    0x0801127a   0x0801127a   0x00000058   Code   RO         5759    i.xQueueGenericCreate  queue.o
    0x080112d2   0x080112d2   0x00000002   PAD
    0x080112d4   0x080112d4   0x000001c4   Code   RO         5760    i.xQueueGenericReceive  queue.o
    0x08011498   0x08011498   0x00000098   Code   RO         5761    i.xQueueGenericReset  queue.o
    0x08011530   0x08011530   0x000001c8   Code   RO         5762    i.xQueueGenericSend  queue.o
    0x080116f8   0x080116f8   0x00000108   Code   RO         5763    i.xQueueGenericSendFromISR  queue.o
    0x08011800   0x08011800   0x0000008c   Code   RO         6022    i.xTaskCheckForTimeOut  tasks.o
    0x0801188c   0x0801188c   0x00000060   Code   RO         6023    i.xTaskCreate       tasks.o
    0x080118ec   0x080118ec   0x00000104   Code   RO         6024    i.xTaskGenericNotify  tasks.o
    0x080119f0   0x080119f0   0x00000144   Code   RO         6025    i.xTaskGenericNotifyFromISR  tasks.o
    0x08011b34   0x08011b34   0x000000a4   Code   RO         6027    i.xTaskGetHandle    tasks.o
    0x08011bd8   0x08011bd8   0x00000020   Code   RO         6028    i.xTaskGetSchedulerState  tasks.o
    0x08011bf8   0x08011bf8   0x0000000c   Code   RO         6029    i.xTaskGetTickCount  tasks.o
    0x08011c04   0x08011c04   0x00000014   Code   RO         6030    i.xTaskGetTickCountFromISR  tasks.o
    0x08011c18   0x08011c18   0x00000148   Code   RO         6031    i.xTaskIncrementTick  tasks.o
    0x08011d60   0x08011d60   0x000000a0   Code   RO         6033    i.xTaskNotifyWait   tasks.o
    0x08011e00   0x08011e00   0x000000c8   Code   RO         6034    i.xTaskPriorityDisinherit  tasks.o
    0x08011ec8   0x08011ec8   0x00000098   Code   RO         6035    i.xTaskRemoveFromEventList  tasks.o
    0x08011f60   0x08011f60   0x00000104   Code   RO         6037    i.xTaskResumeAll    tasks.o
    0x08012064   0x08012064   0x00000054   Code   RO         6361    i.xTimerCreateTimerTask  timers.o
    0x080120b8   0x080120b8   0x00000084   Code   RO         6362    i.xTimerGenericCommand  timers.o
    0x0801213c   0x0801213c   0x0000000c   Data   RO         7570    .constdata          imu_task.o
    0x08012148   0x08012148   0x00000302   Data   RO         8379    .constdata          protocol.o
    0x0801244a   0x0801244a   0x00000002   PAD
    0x0801244c   0x0801244c   0x0000000c   Data   RO        10144    .constdata          AHRS.lib(ahrs.o)
    0x08012458   0x08012458   0x00000804   Data   RO        10277    .constdata          arm_cortexM4lf_math.lib(arm_common_tables.o)
    0x08012c5c   0x08012c5c   0x00000020   Data   RO        10528    Region$$Table       anon$$obj.o


    Execution Region RW_IRAM1 (Exec base: 0x20000000, Load base: 0x08012c7c, Size: 0x0001f6f8, Max: 0x00020000, ABSOLUTE, COMPRESSED[0x00000274])

    Exec Addr    Load Addr    Size         Type   Attr      Idx    E Section Name        Object

    0x20000000   COMPRESSED   0x00000014   Data   RW          411    .data               system_stm32f4xx.o
    0x20000014   COMPRESSED   0x00000004   Data   RW          455    .data               stm32_tim_base.o
    0x20000018   COMPRESSED   0x00000034   Data   RW          513    .data               start_tack.o
    0x2000004c   COMPRESSED   0x00000056   Data   RW          601    .data               usbd_desc.o
    0x200000a2   COMPRESSED   0x00000002   PAD
    0x200000a4   COMPRESSED   0x0000001c   Data   RW          683    .data               usbd_usr.o
    0x200000c0   COMPRESSED   0x00000010   Data   RW         3409    .data               stm32f4xx_rcc.o
    0x200000d0   COMPRESSED   0x00000044   Data   RW         6040    .data               tasks.o
    0x20000114   COMPRESSED   0x00000014   Data   RW         6368    .data               timers.o
    0x20000128   COMPRESSED   0x00000018   Data   RW         6498    .data               heap_4.o
    0x20000140   COMPRESSED   0x0000000c   Data   RW         6561    .data               port.o
    0x2000014c   COMPRESSED   0x00000004   Data   RW         6643    .data               delay.o
    0x20000150   COMPRESSED   0x00000002   Data   RW         6831    .data               rc.o
    0x20000152   COMPRESSED   0x00000002   PAD
    0x20000154   COMPRESSED   0x00000022   Data   RW         7008    .data               bsp_can.o
    0x20000176   COMPRESSED   0x00000002   PAD
    0x20000178   COMPRESSED   0x00000010   Data   RW         7129    .data               bsp_dwt.o
    0x20000188   COMPRESSED   0x00000024   Data   RW         7200    .data               bsp_usb.o
    0x200001ac   COMPRESSED   0x000000d0   Data   RW         7268    .data               chassis_task.o
    0x2000027c   COMPRESSED   0x00000004   Data   RW         7359    .data               comm_task.o
    0x20000280   COMPRESSED   0x00000008   Data   RW         7398    .data               detect_task.o
    0x20000288   COMPRESSED   0x00000225   Data   RW         7476    .data               gimbal_task.o
    0x200004ad   COMPRESSED   0x00000003   PAD
    0x200004b0   COMPRESSED   0x0000008c   Data   RW         7571    .data               imu_task.o
    0x2000053c   COMPRESSED   0x00000018   Data   RW         7639    .data               info_get_task.o
    0x20000554   COMPRESSED   0x0000007a   Data   RW         7689    .data               judge_task.o
    0x200005ce   COMPRESSED   0x00000002   PAD
    0x200005d0   COMPRESSED   0x00000040   Data   RW         7734    .data               modeswitch_task.o
    0x20000610   COMPRESSED   0x00000030   Data   RW         7810    .data               pc_task.o
    0x20000640   COMPRESSED   0x00000080   Data   RW         7862    .data               shoot_task.o
    0x200006c0   COMPRESSED   0x00000010   Data   RW         8040    .data               remote_ctrl.o
    0x200006d0   COMPRESSED   0x00000008   Data   RW         8123    .data               keyboard.o
    0x200006d8   COMPRESSED   0x00000002   Data   RW         8380    .data               protocol.o
    0x200006da   COMPRESSED   0x00000002   PAD
    0x200006dc   COMPRESSED   0x00000009   Data   RW         8539    .data               data_packet.o
    0x200006e5   COMPRESSED   0x00000003   PAD
    0x200006e8   COMPRESSED   0x00000008   Data   RW         8595    .data               judge_rx_data.o
    0x200006f0   COMPRESSED   0x00000064   Data   RW         8639    .data               judge_tx_data.o
    0x20000754   COMPRESSED   0x00000004   Data   RW         8707    .data               pc_rx_data.o
    0x20000758   COMPRESSED   0x0000000c   Data   RW         8746    .data               pc_tx_data.o
    0x20000764   COMPRESSED   0x00000004   PAD
    0x20000768   COMPRESSED   0x00000048   Data   RW         8808    .data               bmi088driver.o
    0x200007b0   COMPRESSED   0x00000098   Data   RW         9170    .data               usbd_cdc_core.o
    0x20000848   COMPRESSED   0x00000034   Data   RW         9256    .data               usbd_core.o
    0x2000087c   COMPRESSED   0x0000000d   Data   RW         9417    .data               usbd_req.o
    0x20000889   COMPRESSED   0x00000003   PAD
    0x2000088c   COMPRESSED   0x00000010   Data   RW        10145    .data               AHRS.lib(ahrs.o)
    0x2000089c   COMPRESSED   0x00000004   Data   RW        10513    .data               mc_w.l(errno.o)
    0x200008a0        -       0x000005f4   Zero   RW            7    .bss                main.o
    0x20000e94        -       0x00000040   Zero   RW          600    .bss                usbd_desc.o
    0x20000ed4        -       0x00000040   Zero   RW         5774    .bss                queue.o
    0x20000f14        -       0x000002e4   Zero   RW         6039    .bss                tasks.o
    0x200011f8        -       0x00000028   Zero   RW         6367    .bss                timers.o
    0x20001220        -       0x00019000   Zero   RW         6497    .bss                heap_4.o
    0x2001a220        -       0x00000010   Zero   RW         6764    .bss                usart.o
    0x2001a230        -       0x00000016   Zero   RW         6830    .bss                rc.o
    0x2001a246        -       0x00000c9a   Zero   RW         6873    .bss                dma.o
    0x2001aee0        -       0x00000250   Zero   RW         7007    .bss                bsp_can.o
    0x2001b130        -       0x0000000c   Zero   RW         7082    .bss                bsp_flash.o
    0x2001b13c        -       0x00000040   Zero   RW         7199    .bss                bsp_usb.o
    0x2001b17c        -       0x00000040   Zero   RW         7267    .bss                chassis_task.o
    0x2001b1bc        -       0x00000012   Zero   RW         7358    .bss                comm_task.o
    0x2001b1ce   COMPRESSED   0x00000002   PAD
    0x2001b1d0        -       0x000001e0   Zero   RW         7397    .bss                detect_task.o
    0x2001b3b0        -       0x00000170   Zero   RW         7475    .bss                gimbal_task.o
    0x2001b520        -       0x000000dc   Zero   RW         7569    .bss                imu_task.o
    0x2001b5fc        -       0x00000029   Zero   RW         7861    .bss                shoot_task.o
    0x2001b625   COMPRESSED   0x00000003   PAD
    0x2001b628        -       0x00000014   Zero   RW         8039    .bss                remote_ctrl.o
    0x2001b63c        -       0x00000040   Zero   RW         8122    .bss                keyboard.o
    0x2001b67c        -       0x00000880   Zero   RW         8251    .bss                pid.o
    0x2001befc        -       0x00000077   Zero   RW         8538    .bss                data_packet.o
    0x2001bf73   COMPRESSED   0x00000001   PAD
    0x2001bf74        -       0x000003dc   Zero   RW         8594    .bss                judge_rx_data.o
    0x2001c350        -       0x000005cc   Zero   RW         8638    .bss                judge_tx_data.o
    0x2001c91c        -       0x00000309   Zero   RW         8706    .bss                pc_rx_data.o
    0x2001cc25   COMPRESSED   0x00000003   PAD
    0x2001cc28        -       0x0000021d   Zero   RW         8745    .bss                pc_tx_data.o
    0x2001ce45   COMPRESSED   0x00000003   PAD
    0x2001ce48        -       0x0000002c   Zero   RW         8806    .bss                bmi088driver.o
    0x2001ce74        -       0x00000883   Zero   RW         9169    .bss                usbd_cdc_core.o
    0x2001d6f7   COMPRESSED   0x00000001   PAD
    0x2001d6f8        -       0x00002000   Zero   RW          743    STACK               startup_stm32f407xx.o


==============================================================================

Image component sizes


      Code (inc. data)   RO Data    RW Data    ZI Data      Debug   Object Name

       168          4          0          0          0       5816   ahrs_middleware.o
      1902         88          0         72         44      10752   bmi088driver.o
       176         26          0          0          0       5344   bmi088middleware.o
      1260        104          0         34        592       8843   bsp_can.o
       144         40          0         16          0       2369   bsp_dwt.o
       584        104          0          0         12       4848   bsp_flash.o
       288         30          0         36         64       5092   bsp_usb.o
       536         16          0          0          0       2108   can.o
      3920        406          0        208         64      26061   chassis_task.o
       340         26          0          4         18       1916   comm_task.o
       436          0          0          0          0       4193   data_fifo.o
       948         42          0          9        119       6646   data_packet.o
       212         16          0          4          0       2037   delay.o
       384         46          0          8        480       6198   detect_task.o
       448         46          0          0       3226       2885   dma.o
         0          0          0          0          0       9532   event_groups.o
      5010        534          0        549        368      12853   gimbal_task.o
       530         36          0          0          0       2551   gpio.o
       692         62          0         24     102400       4675   heap_4.o
      1032        116         12        140        220       7059   imu_task.o
       594         98          0         24          0       3965   info_get_task.o
       604         48          0          8        988       7904   judge_rx_data.o
       380         40          0        122          0       3028   judge_task.o
      8680        644          0        100       1484      14563   judge_tx_data.o
       336         16          0          0          0       3907   kalman_filter.o
      1122        154          0          8         64      36870   keyboard.o
       148          0          0          0          0       3498   list.o
       248         26          0          0       1524     378516   main.o
       180         24          0          0          0       2249   misc.o
      1532        202          0         64          0       7389   modeswitch_task.o
       136         24          0          4        777       3115   pc_rx_data.o
       296         68          0         48          0       2530   pc_task.o
       528         40          0         12        541       4199   pc_tx_data.o
       620         30          0          0       2176       6949   pid.o
       954         92          0         12          0      11857   port.o
       286         18        770          2          0       5302   protocol.o
      2150         22          0          0         64      16545   queue.o
        20          4          0          0          0        884   ramp.o
       260         26          0          2         22       1689   rc.o
      1320        118          0         16         20       8575   remote_ctrl.o
      2500        266          0        128         41       8526   shoot_task.o
       236         14          0          0          0        733   spi.o
       168          6          0          0          0       2891   st_usb_cdc.o
       584        296          0         52          0     248426   start_tack.o
        36          8        392          0       8192        868   startup_stm32f407xx.o
       208         22          0          4          0       5577   stm32_tim_base.o
      1566         16          0          0          0       6814   stm32f4xx_can.o
       584         40          0          0          0       7164   stm32f4xx_dma.o
       184         16          0          0          0       2264   stm32f4xx_exti.o
       434         46          0          0          0       5418   stm32f4xx_flash.o
       240          0          0          0          0       3775   stm32f4xx_gpio.o
        36          0          0          0          0       3515   stm32f4xx_it.o
       424         54          0         16          0       6778   stm32f4xx_rcc.o
        84          0          0          0          0       1861   stm32f4xx_spi.o
        64          4          0          0          0        696   stm32f4xx_syscfg.o
       948         66          0          0          0      12055   stm32f4xx_tim.o
       736         42          0          0          0       7918   stm32f4xx_usart.o
       340         32          0         20          0       1987   system_stm32f4xx.o
      4700        542          0         68        740      34366   tasks.o
       644         30          0          0          0       2603   tim.o
      1138        116          0         20         40      17971   timers.o
       692         40          0          0         16       2535   usart.o
      3426         18          0          0          0      23668   usb_core.o
       666          0          0          0          0       6720   usb_dcd.o
      2240         98          0          0          0      10879   usb_dcd_int.o
       892        110          0        152       2179      10130   usbd_cdc_core.o
       784          6          0         52          0      11900   usbd_core.o
       410        146          0         86         64       7191   usbd_desc.o
       224          0          0          0          0       5128   usbd_ioreq.o
      1756         56          0         13          0      11914   usbd_req.o
       292        242          0         28          0       4033   usbd_usr.o

    ----------------------------------------------------------------------
     66698       5768       1208       2188     126552    1131616   Object Totals
         0          0         32          0          0          0   (incl. Generated)
        58          0          2         23         13          0   (incl. Padding)

    ----------------------------------------------------------------------

      Code (inc. data)   RO Data    RW Data    ZI Data      Debug   Library Member Name

      2718         84         12         16          0       9922   ahrs.o
         0          0       2052          0          0       4636   arm_common_tables.o
       120         12          0          0          0      16970   arm_cos_f32.o
         8          0          0          0          0        843   arm_mat_init_f32.o
       276          0          0          0          0       1516   arm_mat_trans_f32.o
       116         12          0          0          0        658   arm_sin_f32.o
       300         42          0          0          0        176   asinf.o
       684         90          0          0          0        208   atan2f.o
        32          8          0          0          0        124   dunder.o
        20          0          0          0          0        124   fabs.o
       260          6          0          0          0        144   fmod.o
        38          0          0          0          0        116   fpclassifyf.o
        44         12          0          0          0        464   funder.o
       122          0          0          0          0        148   sqrt_full.o
       120          0          0          0          0        272   sqrtf_full.o
        86          0          0          0          0          0   __dczerorl2.o
         0          0          0          0          0          0   entry.o
         0          0          0          0          0          0   entry10a.o
         0          0          0          0          0          0   entry11a.o
         4          0          0          0          0          0   entry12b.o
         8          4          0          0          0          0   entry2.o
         4          0          0          0          0          0   entry5.o
         0          0          0          0          0          0   entry7b.o
         0          0          0          0          0          0   entry8b.o
         8          4          0          0          0          0   entry9a.o
        12          6          0          4          0         68   errno.o
        30          0          0          0          0          0   handlers.o
        36          8          0          0          0         68   init.o
         0          0          0          0          0          0   iusefp.o
        30          0          0          0          0         68   llshl.o
        36          0          0          0          0         68   llsshr.o
        32          0          0          0          0         68   llushr.o
        36          0          0          0          0         68   memcpya.o
        36          0          0          0          0        108   memseta.o
        18          0          0          0          0         68   strcpy.o
        14          0          0          0          0         68   strlen.o
        48          0          0          0          0         68   cdcmple.o
        56          0          0          0          0         88   d2f.o
       334          0          0          0          0        148   dadd.o
       222          0          0          0          0        100   ddiv.o
       186          0          0          0          0        176   depilogue.o
        62          0          0          0          0         80   dfixi.o
        50          0          0          0          0         76   dfixui.o
        34          0          0          0          0         76   dflti.o
        26          0          0          0          0         76   dfltui.o
       228          0          0          0          0         96   dmul.o
       134          0          0          0          0         96   drem.o
       162          0          0          0          0        100   dsqrt.o
        38          0          0          0          0         68   f2d.o
       110          0          0          0          0        168   fepilogue.o

    ----------------------------------------------------------------------
      6954        288       2064         20          0      38389   Library Totals
        16          0          0          0          0          0   (incl. Padding)

    ----------------------------------------------------------------------

      Code (inc. data)   RO Data    RW Data    ZI Data      Debug   Library Name

      2718         84         12         16          0       9922   AHRS.lib
       520         24       2052          0          0      24623   arm_cortexM4lf_math.lib
      1620        158          0          0          0       1776   m_wm.l
       390         22          0          4          0        652   mc_w.l
      1690          0          0          0          0       1416   mf_w.l

    ----------------------------------------------------------------------
      6954        288       2064         20          0      38389   Library Totals

    ----------------------------------------------------------------------

==============================================================================


      Code (inc. data)   RO Data    RW Data    ZI Data      Debug   

     73652       6056       3272       2208     126552    1120849   Grand Totals
     73652       6056       3272        628     126552    1120849   ELF Image Totals (compressed)
     73652       6056       3272        628          0          0   ROM Totals

==============================================================================

    Total RO  Size (Code + RO Data)                76924 (  75.12kB)
    Total RW  Size (RW Data + ZI Data)            128760 ( 125.74kB)
    Total ROM Size (Code + RO Data + RW Data)      77552 (  75.73kB)

==============================================================================

