<html>
<body>
<pre>
<h1>µVision Build Log</h1>
<h2>Tool Versions:</h2>
IDE-Version: ¦ÌVision V5.32.0.0
Copyright (C) 2020 ARM Ltd and ARM Germany GmbH. All rights reserved.
License Information: 1 1, 1, LIC=76F5U-SP7UB-FWN2N-Y0KQP-ST455-EK3T3
 
Tool Versions:
Toolchain:       MDK-ARM Plus  Version: 5.32.0.0
Toolchain Path:  D:\Keil_v5\ARM\ARMCC\Bin
C Compiler:      Armcc.exe V5.06 update 7 (build 960)
Assembler:       Armasm.exe V5.06 update 7 (build 960)
Linker/Locator:  ArmLink.exe V5.06 update 7 (build 960)
Library Manager: ArmAr.exe V5.06 update 7 (build 960)
Hex Converter:   FromElf.exe V5.06 update 7 (build 960)
CPU DLL:         SARMCM3.DLL V5.32.0.0
Dialog DLL:      DCM.DLL V1.17.3.0
Target DLL:      CMSIS_AGDI.dll V1.32.12.0
Dialog DLL:      TCM.DLL V1.46.0.0
 
<h2>Project:</h2>
D:\Desktop\¹·¶´2.14\¹·¶´2.14\¹·¶´2.14\standard-robot-main\USER\engineering.uvprojx
Project File Date:  02/13/2024

<h2>Output:</h2>
*** Using Compiler 'V5.06 update 7 (build 960)', folder: 'D:\Keil_v5\ARM\ARMCC\Bin'
Build target 'ENGINEER'
assembling startup_stm32f407xx.s...
compiling usbd_usr.c...
usbd_usr.c(105): warning:  #177-D: variable "str"  was declared but never referenced
  	char *str = "USBD_USR_Init\r\n";
usbd_usr.c(117): warning:  #177-D: variable "str"  was declared but never referenced
  	char *str = "USB_OTG_SPEED_HIGH\r\n";
usbd_usr.c(118): warning:  #177-D: variable "str1"  was declared but never referenced
  	char *str1 = "USB_OTG_SPEED_FULL\r\n";
usbd_usr.c(119): warning:  #177-D: variable "str2"  was declared but never referenced
  	char *str2 = "USBD_USR_DeviceReset Error\r\n";
usbd_usr.c(148): warning:  #177-D: variable "str"  was declared but never referenced
  	char *str = "USBD_USR_DeviceConfigured\r\n";
usbd_usr.c(159): warning:  #177-D: variable "str"  was declared but never referenced
  	char *str = "USBD_USR_DeviceSuspended\r\n";
usbd_usr.c(171): warning:  #177-D: variable "str"  was declared but never referenced
  	char *str = "USBD_USR_DeviceResumed\r\n";
usbd_usr.c(183): warning:  #177-D: variable "str"  was declared but never referenced
  	char *str = "USBD_USR_DeviceConnected\r\n";
usbd_usr.c(195): warning:  #177-D: variable "str"  was declared but never referenced
  	char *str = "USBD_USR_DeviceDisconnected\r\n";
usbd_usr.c: 9 warnings, 0 errors
compiling stm32f4xx_it.c...
stm32f4xx_it.c(149): warning:  #223-D: function "xPortSysTickHandler" declared implicitly
          xPortSysTickHandler();
stm32f4xx_it.c: 1 warning, 0 errors
compiling stm32f4xx_cec.c...
compiling STM32_TIM_BASE.c...
compiling misc.c...
compiling stm32f4xx_crc.c...
compiling stm32f4xx_adc.c...
compiling system_stm32f4xx.c...
compiling usbd_desc.c...
compiling start_tack.c...
compiling stm32f4xx_can.c...
compiling main.c...
..\BSP_CONF\bsp_usb.h(55): warning:  #1-D: last line of file ends without a newline
  #endif
main.c: 1 warning, 0 errors
compiling stm32f4xx_dbgmcu.c...
compiling stm32f4xx_cryp.c...
compiling stm32f4xx_dcmi.c...
compiling stm32f4xx_cryp_aes.c...
compiling stm32f4xx_cryp_tdes.c...
compiling stm32f4xx_exti.c...
compiling stm32f4xx_cryp_des.c...
compiling stm32f4xx_dma2d.c...
compiling stm32f4xx_dac.c...
compiling stm32f4xx_flash.c...
compiling stm32f4xx_dma.c...
compiling stm32f4xx_flash_ramfunc.c...
compiling stm32f4xx_fmpi2c.c...
compiling stm32f4xx_hash_sha1.c...
compiling stm32f4xx_hash.c...
compiling stm32f4xx_gpio.c...
compiling stm32f4xx_ltdc.c...
compiling stm32f4xx_rng.c...
compiling stm32f4xx_i2c.c...
compiling stm32f4xx_iwdg.c...
compiling stm32f4xx_hash_md5.c...
compiling stm32f4xx_qspi.c...
compiling stm32f4xx_rcc.c...
compiling stm32f4xx_pwr.c...
compiling stm32f4xx_rtc.c...
compiling stm32f4xx_sai.c...
compiling stm32f4xx_spdifrx.c...
compiling stm32f4xx_syscfg.c...
compiling stm32f4xx_wwdg.c...
compiling stm32f4xx_tim.c...
compiling croutine.c...
compiling stm32f4xx_sdio.c...
compiling list.c...
compiling stm32f4xx_usart.c...
compiling stm32f4xx_spi.c...
compiling event_groups.c...
compiling queue.c...
compiling tasks.c...
compiling timers.c...
compiling heap_4.c...
compiling can.c...
compiling rc.c...
compiling dma.c...
compiling port.c...
compiling usart.c...
compiling delay.c...
compiling gpio.c...
compiling tim.c...
compiling spi.c...
compiling st_usb_cdc.c...
..\USER_CONF\st_usb_cdc.h(9): warning:  #1-D: last line of file ends without a newline
  #endif
..\USER_CONF\st_usb_cdc.c: 1 warning, 0 errors
compiling I2C.c...
compiling bsp_flash.c...
compiling bsp_dwt.c...
compiling bsp_imu.c...
compiling bsp_can.c...
..\USER_CONF\sys_config.h(109): warning:  #47-D: incompatible redefinition of macro "ENCODER_ANGLE_RATIO"  (declared at line 9 of "..\BSP_CONF\bsp_can.h")
  #define ENCODER_ANGLE_RATIO (8192.0f / 360.0f)
..\BSP_CONF\bsp_can.c: 1 warning, 0 errors
compiling detect_task.c...
compiling info_get_task.c...
..\USER_CONF\sys_config.h(109): warning:  #47-D: incompatible redefinition of macro "ENCODER_ANGLE_RATIO"  (declared at line 9 of "..\BSP_CONF\bsp_can.h")
  #define ENCODER_ANGLE_RATIO (8192.0f / 360.0f)
..\TASK\info_get_task.c: 1 warning, 0 errors
compiling chassis_task.c...
..\BSP_CONF\bsp_can.h(9): warning:  #47-D: incompatible redefinition of macro "ENCODER_ANGLE_RATIO"  (declared at line 109 of "..\USER_CONF\sys_config.h")
  #define ENCODER_ANGLE_RATIO    (8192.0f/360.0f)
..\TASK\chassis_task.c(394): warning:  #1035-D: single-precision operand implicitly converted to double-precision
  		if (cap_store - chassis.CapData[1] < 0.5)
..\TASK\chassis_task.c(395): warning:  #1035-D: single-precision operand implicitly converted to double-precision
  			dodge_cap = chassis.CapData[1] - 0.5; // ·ÀÖ¹³ä·ÅÆ½ºâ
..\TASK\chassis_task.c(382): warning:  #177-D: variable "chassis_vx_dodge"  was declared but never referenced
  	float chassis_vx_dodge, chassis_vy_dodge;
..\TASK\chassis_task.c(382): warning:  #177-D: variable "chassis_vy_dodge"  was declared but never referenced
  	float chassis_vx_dodge, chassis_vy_dodge;
..\TASK\chassis_task.c: 5 warnings, 0 errors
compiling imu_task.c...
..\BSP_CONF\bsp_can.h(9): warning:  #47-D: incompatible redefinition of macro "ENCODER_ANGLE_RATIO"  (declared at line 109 of "..\USER_CONF\sys_config.h")
  #define ENCODER_ANGLE_RATIO    (8192.0f/360.0f)
..\TASK\imu_task.c: 1 warning, 0 errors
compiling comm_task.c...
..\USER_CONF\sys_config.h(109): warning:  #47-D: incompatible redefinition of macro "ENCODER_ANGLE_RATIO"  (declared at line 9 of "..\BSP_CONF\bsp_can.h")
  #define ENCODER_ANGLE_RATIO (8192.0f / 360.0f)
..\TASK\comm_task.c: 1 warning, 0 errors
compiling bsp_usb.c...
..\BSP_CONF\bsp_usb.h(55): warning:  #1-D: last line of file ends without a newline
  #endif
..\BSP_CONF\bsp_usb.c(194): warning:  #177-D: function "VCP_COMConfig"  was declared but never referenced
  static uint16_t VCP_COMConfig(uint8_t Conf)
..\BSP_CONF\bsp_usb.c: 2 warnings, 0 errors
compiling gimbal_task.c...
..\USER_CONF\sys_config.h(109): warning:  #47-D: incompatible redefinition of macro "ENCODER_ANGLE_RATIO"  (declared at line 9 of "..\BSP_CONF\bsp_can.h")
  #define ENCODER_ANGLE_RATIO (8192.0f / 360.0f)
..\TASK\gimbal_task.c(680): warning:  #1035-D: single-precision operand implicitly converted to double-precision
  		Myt += 0.002;
..\TASK\gimbal_task.c(683): warning:  #1035-D: single-precision operand implicitly converted to double-precision
  			MyF = MyF + 0.7;
..\TASK\gimbal_task.c: 3 warnings, 0 errors
compiling judge_task.c...
compiling modeswitch_task.c...
compiling pc_task.c...
..\TASK\pc_task.c(68): warning:  #177-D: variable "Signal"  was declared but never referenced
  	uint32_t Signal;
..\TASK\pc_task.c(69): warning:  #177-D: variable "STAUS"  was declared but never referenced
  	BaseType_t STAUS;
..\TASK\pc_task.c: 2 warnings, 0 errors
compiling shoot_task.c...
..\BSP_CONF\bsp_can.h(9): warning:  #47-D: incompatible redefinition of macro "ENCODER_ANGLE_RATIO"  (declared at line 109 of "..\USER_CONF\sys_config.h")
  #define ENCODER_ANGLE_RATIO    (8192.0f/360.0f)
..\TASK\shoot_task.c: 1 warning, 0 errors
compiling remote_ctrl.c...
compiling fuzzy_pid.c...
compiling keyboard.c...
compiling ramp.c...
compiling kalman_filter.c...
compiling pid.c...
compiling ladrc.c...
compiling protocol.c...
compiling data_packet.c...
..\BSP_CONF\bsp_usb.h(55): warning:  #1-D: last line of file ends without a newline
  #endif
..\PROTOCOL\data_packet.c: 1 warning, 0 errors
compiling power_control.c...
compiling data_fifo.c...
compiling BMI088driver.c...
..\BMI088\devices\BMI088driver.c(167): warning:  #39-D: division by zero
  	} while (fabsf(bmi088->GyroOffset[0] - GxOFFSET) / GxOFFSET > 1.0f ||
..\BMI088\devices\BMI088driver.c(168): warning:  #39-D: division by zero
  			 fabsf(bmi088->GyroOffset[1] - GyOFFSET) / GyOFFSET > 1.0f ||
..\BMI088\devices\BMI088driver.c(169): warning:  #39-D: division by zero
  			 fabsf(bmi088->GyroOffset[2] - GzOFFSET) / GzOFFSET > 1.0f ||
..\BMI088\devices\BMI088driver.c: 3 warnings, 0 errors
compiling AHRS_middleware.c...
compiling judge_rx_data.c...
compiling judge_tx_data.c...
compiling BMI088Middleware.c...
compiling IST8310.c...
compiling pc_rx_data.c...
compiling pc_tx_data.c...
compiling usbd_ioreq.c...
compiling usbd_req.c...
compiling usbd_core.c...
compiling usbd_cdc_core.c...
compiling usb_core.c...
compiling usb_dcd.c...
compiling usb_dcd_int.c...
linking...
Program Size: Code=75092 RO-data=3296 RW-data=2168 ZI-data=126608  
FromELF: creating hex file...
"..\OBJ\engineering.axf" - 0 Error(s), 33 Warning(s).

<h2>Software Packages used:</h2>

Package Vendor: Keil
                https://www.keil.com/pack/Keil.STM32F4xx_DFP.2.17.0.pack
                Keil.STM32F4xx_DFP.2.17.0
                STMicroelectronics STM32F4 Series Device Support, Drivers and Examples

<h2>Collection of Component include folders:</h2>
  D:\Keil_v5\ARM\PACK\Keil\STM32F4xx_DFP\2.17.0\Drivers\CMSIS\Device\ST\STM32F4xx\Include

<h2>Collection of Component Files used:</h2>
Build Time Elapsed:  00:00:16
</pre>
</body>
</html>
